../Core/Src/auto_shift.c:15:6:AutoShift_Init	16	static
../Core/Src/auto_shift.c:30:6:AutoShift_SetEnabled	24	static
../Core/Src/auto_shift.c:43:6:AutoShift_IsEnabled	4	static
../Core/Src/auto_shift.c:48:6:AutoShift_SetTerm	16	static
../Core/Src/auto_shift.c:55:6:AutoShift_Configure	16	static
../Core/Src/auto_shift.c:64:6:AutoShift_GetConfig	16	static
../Core/Src/auto_shift.c:70:6:AutoShift_IsAutoShiftable	24	static
../Core/Src/auto_shift.c:105:6:AutoShift_HandlePress	24	static
../Core/Src/auto_shift.c:131:6:AutoShift_HandleRelease	32	static
../Core/Src/auto_shift.c:176:6:AutoShift_Process	24	static
../Core/Src/auto_shift.c:192:6:AutoShift_NotifyOtherKeyPress	16	static
../Core/Src/auto_shift.c:201:6:AutoShift_IsPending	24	static
../Core/Src/auto_shift.c:207:6:AutoShift_RegisterCallback	16	static
../Core/Src/auto_shift.c:212:9:AutoShift_GetShiftedCount	16	static
../Core/Src/auto_shift.c:223:25:_FindSlot	24	static
../Core/Src/auto_shift.c:234:25:_AllocSlot	16	static
../Core/Src/auto_shift.c:244:13:_FreeSlot	16	static
../Core/Src/auto_shift.c:252:13:_ResolveSlot	24	static
