../Core/Src/key_processor.c:78:23:_SystemUsageToBitmap	16	static
../Core/Src/key_processor.c:86:6:KeyProcessor_Init	24	static
../Core/Src/key_processor.c:123:6:KeyProcessor_HandleLocalEvent	24	static
../Core/Src/key_processor.c:181:6:KeyProcessor_HandleRemoteEvent	24	static
../Core/Src/key_processor.c:239:6:KeyProcessor_InjectKeycode	16	static
../Core/Src/key_processor.c:245:9:KeyProcessor_GetModifiers	4	static
../Core/Src/key_processor.c:247:9:KeyProcessor_GetPressedKeys	24	static
../Core/Src/key_processor.c:255:6:KeyProcessor_HasChanged	4	static
../Core/Src/key_processor.c:256:6:KeyProcessor_ClearChanged	4	static
../Core/Src/key_processor.c:258:28:KeyProcessor_GetState	4	static
../Core/Src/key_processor.c:260:9:KeyProcessor_GetSystemKey	4	static
../Core/Src/key_processor.c:261:9:KeyProcessor_SystemKeyChanged	4	static
../Core/Src/key_processor.c:262:9:KeyProcessor_ClearSystemKeyChanged	4	static
../Core/Src/key_processor.c:264:6:KeyProcessor_TT_Process	24	static
../Core/Src/key_processor.c:291:13:_UpdateLayerCache	16	static
../Core/Src/key_processor.c:302:13:_UpdateActiveLayer	16	static
../Core/Src/key_processor.c:313:18:_ResolveKeycodeLeft	24	static
../Core/Src/key_processor.c:324:18:_ResolveKeycodeRight	24	static
../Core/Src/key_processor.c:335:13:_ProcessKeycode	32	static
../Core/Src/key_processor.c:365:13:_HandleBasicKey	24	static
../Core/Src/key_processor.c:380:13:_HandleLayerAction	40	static
../Core/Src/key_processor.c:494:13:_HandleMacro	24	static
../Core/Src/key_processor.c:501:13:_HandleSystemKey	24	static
../Core/Src/key_processor.c:515:13:_HandleTapHold	32	static
../Core/Src/key_processor.c:525:13:_AddPressedKey	24	static
../Core/Src/key_processor.c:547:13:_RemovePressedKey	24	static
../Core/Src/key_processor.c:587:13:_TapHoldCallback	24	static
../Core/Src/key_processor.c:604:13:_AutoShiftCallback	32	static
../Core/Src/key_processor.c:644:22:_TT_FindByLayer	24	static
../Core/Src/key_processor.c:654:22:_TT_FindByKeyIndex	24	static
../Core/Src/key_processor.c:664:22:_TT_Alloc	16	static
../Core/Src/key_processor.c:674:13:_TT_Free	16	static
../Core/Src/key_processor.c:681:13:_TT_LayerOn	16	static
../Core/Src/key_processor.c:688:13:_TT_LayerOff	16	static
