../Core/Src/matrix_driver.c:20:13:_Row_SettleDelay	16	static
../Core/Src/matrix_driver.c:32:6:Matrix_Init	16	static
../Core/Src/matrix_driver.c:53:6:Matrix_Reset	8	static
../Core/Src/matrix_driver.c:62:6:Matrix_Scan	8	static
../Core/Src/matrix_driver.c:69:6:Matrix_DebounceTask	16	static
../Core/Src/matrix_driver.c:85:6:Matrix_GetEvent	32	static,ignoring_inline_asm
../Core/Src/matrix_driver.c:112:6:Matrix_HasEvent	4	static
../Core/Src/matrix_driver.c:125:22:Matrix_GetState	4	static
../Core/Src/matrix_driver.c:130:12:Matrix_GetKeyState	24	static
../Core/Src/matrix_driver.c:139:9:Matrix_ToKeyIndex	16	static
../Core/Src/matrix_driver.c:148:23:_Read_Columns	16	static
../Core/Src/matrix_driver.c:161:20:_Row_DriveHigh	16	static
../Core/Src/matrix_driver.c:166:20:_Row_DriveLow	16	static
../Core/Src/matrix_driver.c:175:13:_Matrix_ScanRaw	24	static
../Core/Src/matrix_driver.c:189:13:_Matrix_ApplyDebounce	24	static
../Core/Src/matrix_driver.c:247:13:_Matrix_GenerateEvents	24	static
../Core/Src/matrix_driver.c:258:13:_Queue_Push	16	static,ignoring_inline_asm
