../Core/Src/matrix_driver.c:30:6:Matrix_Init	16	static
../Core/Src/matrix_driver.c:52:6:Matrix_Scan	8	static
../Core/Src/matrix_driver.c:59:6:Matrix_DebounceTask	16	static
../Core/Src/matrix_driver.c:77:6:Matrix_GetEvent	16	static,ignoring_inline_asm
../Core/Src/matrix_driver.c:93:6:Matrix_HasEvent	4	static
../Core/Src/matrix_driver.c:98:22:Matrix_GetState	4	static
../Core/Src/matrix_driver.c:103:12:Matrix_GetKeyState	24	static
../Core/Src/matrix_driver.c:112:9:Matrix_ToKeyIndex	16	static
../Core/Src/matrix_driver.c:117:6:Matrix_Reset	8	static
../Core/Src/matrix_driver.c:130:23:_Read_Columns	16	static
../Core/Src/matrix_driver.c:145:13:_Matrix_ScanRaw	24	static,ignoring_inline_asm
../Core/Src/matrix_driver.c:163:13:_Matrix_ApplyDebounce	24	static
../Core/Src/matrix_driver.c:193:13:_Matrix_GenerateEvents	24	static
../Core/Src/matrix_driver.c:206:13:_Queue_Push	16	static
../Core/Src/matrix_driver.c:221:20:_Row_DriveHigh	16	static
../Core/Src/matrix_driver.c:226:20:_Row_DriveLow	16	static
