../Core/Src/matrix_driver.c:44:6:Matrix_Init	16	static
../Core/Src/matrix_driver.c:65:6:Matrix_Scan	8	static
../Core/Src/matrix_driver.c:72:6:Matrix_DebounceTask	16	static
../Core/Src/matrix_driver.c:92:6:Matrix_GetEvent	16	static,ignoring_inline_asm
../Core/Src/matrix_driver.c:108:6:Matrix_HasEvent	4	static
../Core/Src/matrix_driver.c:113:22:Matrix_GetState	4	static
../Core/Src/matrix_driver.c:118:12:Matrix_GetKeyState	24	static
../Core/Src/matrix_driver.c:127:9:Matrix_ToKeyIndex	16	static
../Core/Src/matrix_driver.c:132:6:Matrix_Reset	8	static
../Core/Src/matrix_driver.c:139:23:_Read_Columns	16	static
../Core/Src/matrix_driver.c:155:13:_Matrix_ScanRaw	24	static,ignoring_inline_asm
../Core/Src/matrix_driver.c:173:13:_Matrix_ApplyDebounce	24	static
../Core/Src/matrix_driver.c:263:13:_Matrix_GenerateEvents	24	static
../Core/Src/matrix_driver.c:280:13:_Queue_Push	16	static
../Core/Src/matrix_driver.c:297:20:_Row_DriveHigh	16	static
../Core/Src/matrix_driver.c:302:20:_Row_DriveLow	16	static
