../Core/Src/split_comm.c:74:6:SplitComm_Init	8	static
../Core/Src/split_comm.c:104:6:SplitComm_Process	16	static
../Core/Src/split_comm.c:127:6:SplitComm_SendKeyEvent	24	static
../Core/Src/split_comm.c:137:6:SplitComm_SendKeyState	16	static
../Core/Src/split_comm.c:143:19:SplitComm_GetStatus	4	static
../Core/Src/split_comm.c:148:19:SplitComm_GetSyncStatus	4	static
../Core/Src/split_comm.c:153:6:SplitComm_GetRemoteEvent	32	static,ignoring_inline_asm
../Core/Src/split_comm.c:166:6:SplitComm_HasRemoteEvent	4	static
../Core/Src/split_comm.c:171:6:SplitComm_TxCompleteCallback	40	static
../Core/Src/split_comm.c:181:25:SplitComm_GetState	4	static
../Core/Src/split_comm.c:190:13:_BuildAndQueuePacket	64	static,ignoring_inline_asm
../Core/Src/split_comm.c:229:13:_TxStartFromBuf	16	static
../Core/Src/split_comm.c:241:13:_TxQueue_Enqueue	24	static
../Core/Src/split_comm.c:252:13:_TxQueue_Dequeue	24	static
../Core/Src/split_comm.c:263:13:_TxTryDrainQueue	48	static,ignoring_inline_asm
../Core/Src/split_comm.c:280:13:_ProcessRxByte	40	static
../Core/Src/split_comm.c:342:13:_CheckRxParseTimeout	8	static
../Core/Src/split_comm.c:357:13:_HandlePacket	16	static
../Core/Src/split_comm.c:385:13:_HandleKeyEvent	32	static
../Core/Src/split_comm.c:402:13:_HandleKeyState	32	static
../Core/Src/split_comm.c:427:13:_HandlePing	8	static
../Core/Src/split_comm.c:433:13:_HandlePong	4	static
../Core/Src/split_comm.c:443:13:_HandleSyncReq	24	static
../Core/Src/split_comm.c:473:13:_HandleSyncRsp	24	static
../Core/Src/split_comm.c:498:13:_BuildSyncPayload	16	static
../Core/Src/split_comm.c:507:13:_SendSyncReq	16	static
../Core/Src/split_comm.c:517:13:_SendSyncRsp	16	static
../Core/Src/split_comm.c:529:13:_PushRemoteEvent	16	static
../Core/Src/split_comm.c:544:13:_MasterHeartbeat	16	static
../Core/Src/split_comm.c:569:13:_CheckSyncTimeout	8	static
../Core/Src/split_comm.c:578:13:_CheckTimeout	8	static
../Core/Src/split_comm.c:598:13:_UpdateStatusPattern	8	static
../Core/Src/split_comm.c:613:17:_DMA_GetRxWritePos	16	static
../Core/Src/split_comm.c:619:6:HAL_UART_TxCpltCallback	16	static
../Core/Src/split_comm.c:626:6:SplitComm_UART_IdleCallback	4	static
../Core/Src/split_comm.c:631:6:HAL_UART_ErrorCallback	32	static
