../Core/Src/split_comm.c:61:6:SplitComm_Init	8	static
../Core/Src/split_comm.c:86:6:SplitComm_Process	16	static
../Core/Src/split_comm.c:115:6:SplitComm_SendKeyEvent	24	static
../Core/Src/split_comm.c:125:6:SplitComm_SendKeyState	16	static
../Core/Src/split_comm.c:131:19:SplitComm_GetStatus	4	static
../Core/Src/split_comm.c:136:6:SplitComm_GetRemoteEvent	32	static,ignoring_inline_asm
../Core/Src/split_comm.c:149:6:SplitComm_HasRemoteEvent	4	static
../Core/Src/split_comm.c:154:6:SplitComm_TxCompleteCallback	40	static
../Core/Src/split_comm.c:164:25:SplitComm_GetState	4	static
../Core/Src/split_comm.c:173:13:_BuildAndQueuePacket	64	static,ignoring_inline_asm
../Core/Src/split_comm.c:212:13:_TxStartFromBuf	16	static
../Core/Src/split_comm.c:224:13:_TxQueue_Enqueue	24	static
../Core/Src/split_comm.c:235:13:_TxQueue_Dequeue	24	static
../Core/Src/split_comm.c:246:13:_TxTryDrainQueue	48	static,ignoring_inline_asm
../Core/Src/split_comm.c:263:13:_ProcessRxByte	40	static
../Core/Src/split_comm.c:325:13:_CheckRxParseTimeout	8	static
../Core/Src/split_comm.c:340:13:_HandlePacket	16	static
../Core/Src/split_comm.c:355:13:_HandleKeyEvent	32	static
../Core/Src/split_comm.c:372:13:_HandleKeyState	32	static
../Core/Src/split_comm.c:397:13:_HandlePing	8	static
../Core/Src/split_comm.c:403:13:_HandlePong	4	static
../Core/Src/split_comm.c:413:13:_PushRemoteEvent	16	static
../Core/Src/split_comm.c:428:13:_MasterHeartbeat	16	static
../Core/Src/split_comm.c:437:13:_CheckTimeout	8	static
../Core/Src/split_comm.c:456:13:_UpdateStatusPattern	8	static
../Core/Src/split_comm.c:469:17:_DMA_GetRxWritePos	16	static
../Core/Src/split_comm.c:475:6:HAL_UART_TxCpltCallback	16	static
../Core/Src/split_comm.c:482:6:SplitComm_UART_IdleCallback	4	static
../Core/Src/split_comm.c:487:6:HAL_UART_ErrorCallback	32	static
