../Core/Src/split_comm.c:37:6:SplitComm_Init	8	static
../Core/Src/split_comm.c:59:6:SplitComm_Process	16	static
../Core/Src/split_comm.c:81:6:SplitComm_SendKeyEvent	24	static
../Core/Src/split_comm.c:92:6:SplitComm_SendKeyState	16	static
../Core/Src/split_comm.c:99:19:SplitComm_GetStatus	4	static
../Core/Src/split_comm.c:104:6:SplitComm_GetRemoteEvent	32	static,ignoring_inline_asm
../Core/Src/split_comm.c:119:6:SplitComm_HasRemoteEvent	4	static
../Core/Src/split_comm.c:124:6:SplitComm_TxCompleteCallback	4	static
../Core/Src/split_comm.c:129:25:SplitComm_GetState	4	static
../Core/Src/split_comm.c:138:13:_SendPacket	24	static
../Core/Src/split_comm.c:176:13:_ProcessRxByte	40	static
../Core/Src/split_comm.c:256:13:_HandlePacket	16	static
../Core/Src/split_comm.c:287:13:_HandleKeyEvent	32	static
../Core/Src/split_comm.c:309:13:_HandleKeyState	32	static
../Core/Src/split_comm.c:344:13:_HandlePing	4	static
../Core/Src/split_comm.c:352:13:_HandlePong	4	static
../Core/Src/split_comm.c:361:13:_PushRemoteEvent	16	static
../Core/Src/split_comm.c:378:13:_MasterHeartbeat	16	static
../Core/Src/split_comm.c:392:13:_CheckTimeout	16	static
../Core/Src/split_comm.c:407:17:_DMA_GetRxWritePos	16	static
../Core/Src/split_comm.c:418:6:HAL_UART_TxCpltCallback	16	static
../Core/Src/split_comm.c:426:6:SplitComm_UART_IdleCallback	16	static
../Core/Src/split_comm.c:433:6:HAL_UART_ErrorCallback	32	static
