../Core/Src/tap_hold.c:11:6:TapHold_Init	8	static
../Core/Src/tap_hold.c:19:6:TapHold_SetEntry	16	static
../Core/Src/tap_hold.c:27:6:TapHold_GetEntry	16	static
../Core/Src/tap_hold.c:34:6:TapHold_RegisterCallback	16	static
../Core/Src/tap_hold.c:39:6:TapHold_HandlePress	16	static
../Core/Src/tap_hold.c:56:6:TapHold_HandleRelease	24	static
../Core/Src/tap_hold.c:83:6:TapHold_NotifyOtherKeyPress	8	static
../Core/Src/tap_hold.c:90:6:TapHold_Process	16	static
../Core/Src/tap_hold.c:100:6:TapHold_IsPending	16	static
../Core/Src/tap_hold.c:107:9:TapHold_GetPendingKeyIndex	4	static
../Core/Src/tap_hold.c:112:13:_Resolve	24	static
