Archive member included to satisfy reference by file (symbol)

C:/ST/STM32CubeIDE_2.0.0/STM32CubeIDE/plugins/com.st.stm32cube.ide.mcu.externaltools.gnu-tools-for-stm32.13.3.rel1.win32_1.0.100.202509120712/tools/bin/../lib/gcc/arm-none-eabi/13.3.1/../../../../arm-none-eabi/lib/thumb/v7e-m+fp/hard\libc_nano.a(libc_a-exit.o)
                              C:/ST/STM32CubeIDE_2.0.0/STM32CubeIDE/plugins/com.st.stm32cube.ide.mcu.externaltools.gnu-tools-for-stm32.13.3.rel1.win32_1.0.100.202509120712/tools/bin/../lib/gcc/arm-none-eabi/13.3.1/../../../../arm-none-eabi/lib/thumb/v7e-m+fp/hard/crt0.o (exit)
C:/ST/STM32CubeIDE_2.0.0/STM32CubeIDE/plugins/com.st.stm32cube.ide.mcu.externaltools.gnu-tools-for-stm32.13.3.rel1.win32_1.0.100.202509120712/tools/bin/../lib/gcc/arm-none-eabi/13.3.1/../../../../arm-none-eabi/lib/thumb/v7e-m+fp/hard\libc_nano.a(libc_a-findfp.o)
                              C:/ST/STM32CubeIDE_2.0.0/STM32CubeIDE/plugins/com.st.stm32cube.ide.mcu.externaltools.gnu-tools-for-stm32.13.3.rel1.win32_1.0.100.202509120712/tools/bin/../lib/gcc/arm-none-eabi/13.3.1/../../../../arm-none-eabi/lib/thumb/v7e-m+fp/hard\libc_nano.a(libc_a-exit.o) (__stdio_exit_handler)
C:/ST/STM32CubeIDE_2.0.0/STM32CubeIDE/plugins/com.st.stm32cube.ide.mcu.externaltools.gnu-tools-for-stm32.13.3.rel1.win32_1.0.100.202509120712/tools/bin/../lib/gcc/arm-none-eabi/13.3.1/../../../../arm-none-eabi/lib/thumb/v7e-m+fp/hard\libc_nano.a(libc_a-fwalk.o)
                              C:/ST/STM32CubeIDE_2.0.0/STM32CubeIDE/plugins/com.st.stm32cube.ide.mcu.externaltools.gnu-tools-for-stm32.13.3.rel1.win32_1.0.100.202509120712/tools/bin/../lib/gcc/arm-none-eabi/13.3.1/../../../../arm-none-eabi/lib/thumb/v7e-m+fp/hard\libc_nano.a(libc_a-findfp.o) (_fwalk_sglue)
C:/ST/STM32CubeIDE_2.0.0/STM32CubeIDE/plugins/com.st.stm32cube.ide.mcu.externaltools.gnu-tools-for-stm32.13.3.rel1.win32_1.0.100.202509120712/tools/bin/../lib/gcc/arm-none-eabi/13.3.1/../../../../arm-none-eabi/lib/thumb/v7e-m+fp/hard\libc_nano.a(libc_a-stdio.o)
                              C:/ST/STM32CubeIDE_2.0.0/STM32CubeIDE/plugins/com.st.stm32cube.ide.mcu.externaltools.gnu-tools-for-stm32.13.3.rel1.win32_1.0.100.202509120712/tools/bin/../lib/gcc/arm-none-eabi/13.3.1/../../../../arm-none-eabi/lib/thumb/v7e-m+fp/hard\libc_nano.a(libc_a-findfp.o) (__sread)
C:/ST/STM32CubeIDE_2.0.0/STM32CubeIDE/plugins/com.st.stm32cube.ide.mcu.externaltools.gnu-tools-for-stm32.13.3.rel1.win32_1.0.100.202509120712/tools/bin/../lib/gcc/arm-none-eabi/13.3.1/../../../../arm-none-eabi/lib/thumb/v7e-m+fp/hard\libc_nano.a(libc_a-memcmp.o)
                              ./Core/Src/hid_reporter.o (memcmp)
C:/ST/STM32CubeIDE_2.0.0/STM32CubeIDE/plugins/com.st.stm32cube.ide.mcu.externaltools.gnu-tools-for-stm32.13.3.rel1.win32_1.0.100.202509120712/tools/bin/../lib/gcc/arm-none-eabi/13.3.1/../../../../arm-none-eabi/lib/thumb/v7e-m+fp/hard\libc_nano.a(libc_a-memset.o)
                              C:/ST/STM32CubeIDE_2.0.0/STM32CubeIDE/plugins/com.st.stm32cube.ide.mcu.externaltools.gnu-tools-for-stm32.13.3.rel1.win32_1.0.100.202509120712/tools/bin/../lib/gcc/arm-none-eabi/13.3.1/../../../../arm-none-eabi/lib/thumb/v7e-m+fp/hard/crt0.o (memset)
C:/ST/STM32CubeIDE_2.0.0/STM32CubeIDE/plugins/com.st.stm32cube.ide.mcu.externaltools.gnu-tools-for-stm32.13.3.rel1.win32_1.0.100.202509120712/tools/bin/../lib/gcc/arm-none-eabi/13.3.1/../../../../arm-none-eabi/lib/thumb/v7e-m+fp/hard\libc_nano.a(libc_a-closer.o)
                              C:/ST/STM32CubeIDE_2.0.0/STM32CubeIDE/plugins/com.st.stm32cube.ide.mcu.externaltools.gnu-tools-for-stm32.13.3.rel1.win32_1.0.100.202509120712/tools/bin/../lib/gcc/arm-none-eabi/13.3.1/../../../../arm-none-eabi/lib/thumb/v7e-m+fp/hard\libc_nano.a(libc_a-stdio.o) (_close_r)
C:/ST/STM32CubeIDE_2.0.0/STM32CubeIDE/plugins/com.st.stm32cube.ide.mcu.externaltools.gnu-tools-for-stm32.13.3.rel1.win32_1.0.100.202509120712/tools/bin/../lib/gcc/arm-none-eabi/13.3.1/../../../../arm-none-eabi/lib/thumb/v7e-m+fp/hard\libc_nano.a(libc_a-reent.o)
                              C:/ST/STM32CubeIDE_2.0.0/STM32CubeIDE/plugins/com.st.stm32cube.ide.mcu.externaltools.gnu-tools-for-stm32.13.3.rel1.win32_1.0.100.202509120712/tools/bin/../lib/gcc/arm-none-eabi/13.3.1/../../../../arm-none-eabi/lib/thumb/v7e-m+fp/hard\libc_nano.a(libc_a-closer.o) (errno)
C:/ST/STM32CubeIDE_2.0.0/STM32CubeIDE/plugins/com.st.stm32cube.ide.mcu.externaltools.gnu-tools-for-stm32.13.3.rel1.win32_1.0.100.202509120712/tools/bin/../lib/gcc/arm-none-eabi/13.3.1/../../../../arm-none-eabi/lib/thumb/v7e-m+fp/hard\libc_nano.a(libc_a-impure.o)
                              C:/ST/STM32CubeIDE_2.0.0/STM32CubeIDE/plugins/com.st.stm32cube.ide.mcu.externaltools.gnu-tools-for-stm32.13.3.rel1.win32_1.0.100.202509120712/tools/bin/../lib/gcc/arm-none-eabi/13.3.1/../../../../arm-none-eabi/lib/thumb/v7e-m+fp/hard\libc_nano.a(libc_a-reent.o) (_impure_ptr)
[...]
Memory Configuration

Name             Origin             Length             Attributes
RAM              0x20000000         0x00010000         xrw
FLASH            0x08000000         0x00040000         xr
*default*        0x00000000         0xffffffff

Linker script and memory map

LOAD C:/ST/STM32CubeIDE_2.0.0/STM32CubeIDE/plugins/com.st.stm32cube.ide.mcu.externaltools.gnu-tools-for-stm32.13.3.rel1.win32_1.0.100.202509120712/tools/bin/../lib/gcc/arm-none-eabi/13.3.1/thumb/v7e-m+fp/hard/crti.o
LOAD C:/ST/STM32CubeIDE_2.0.0/STM32CubeIDE/plugins/com.st.stm32cube.ide.mcu.externaltools.gnu-tools-for-stm32.13.3.rel1.win32_1.0.100.202509120712/tools/bin/../lib/gcc/arm-none-eabi/13.3.1/thumb/v7e-m+fp/hard/crtbegin.o
LOAD C:/ST/STM32CubeIDE_2.0.0/STM32CubeIDE/plugins/com.st.stm32cube.ide.mcu.externaltools.gnu-tools-for-stm32.13.3.rel1.win32_1.0.100.202509120712/tools/bin/../lib/gcc/arm-none-eabi/13.3.1/../../../../arm-none-eabi/lib/thumb/v7e-m+fp/hard/crt0.o
LOAD ./Core/Src/auto_shift.o
LOAD ./Core/Src/crc16.o
LOAD ./Core/Src/dma.o
LOAD ./Core/Src/flash_keymap.o
LOAD ./Core/Src/gpio.o
LOAD ./Core/Src/hid_reporter.o
LOAD ./Core/Src/iwdg.o
LOAD ./Core/Src/key_processor.o
LOAD ./Core/Src/led_manager.o
LOAD ./Core/Src/macro_engine.o
LOAD ./Core/Src/main.o
LOAD ./Core/Src/matrix_driver.o
LOAD ./Core/Src/media_keys.o
LOAD ./Core/Src/raw_hid.o
LOAD ./Core/Src/split_comm.o
LOAD ./Core/Src/stm32f4xx_hal_msp.o
LOAD ./Core/Src/stm32f4xx_hal_timebase_tim.o
LOAD ./Core/Src/stm32f4xx_it.o
LOAD ./Core/Src/syscalls.o
LOAD ./Core/Src/sysmem.o
LOAD ./Core/Src/system_stm32f4xx.o
LOAD ./Core/Src/tap_hold.o
LOAD ./Core/Src/tim.o
LOAD ./Core/Src/usart.o
LOAD ./Core/Src/usb_otg.o
LOAD ./Core/Startup/startup_stm32f401rctx.o
LOAD ./Drivers/STM32F4xx_HAL_Driver/Src/stm32f4xx_hal.o
LOAD ./Drivers/STM32F4xx_HAL_Driver/Src/stm32f4xx_hal_cortex.o
LOAD ./Drivers/STM32F4xx_HAL_Driver/Src/stm32f4xx_hal_dma.o
LOAD ./Drivers/STM32F4xx_HAL_Driver/Src/stm32f4xx_hal_dma_ex.o
LOAD ./Drivers/STM32F4xx_HAL_Driver/Src/stm32f4xx_hal_exti.o
LOAD ./Drivers/STM32F4xx_HAL_Driver/Src/stm32f4xx_hal_flash.o
LOAD ./Drivers/STM32F4xx_HAL_Driver/Src/stm32f4xx_hal_flash_ex.o
LOAD ./Drivers/STM32F4xx_HAL_Driver/Src/stm32f4xx_hal_flash_ramfunc.o
LOAD ./Drivers/STM32F4xx_HAL_Driver/Src/stm32f4xx_hal_gpio.o
LOAD ./Drivers/STM32F4xx_HAL_Driver/Src/stm32f4xx_hal_iwdg.o
LOAD ./Drivers/STM32F4xx_HAL_Driver/Src/stm32f4xx_hal_pcd.o
LOAD ./Drivers/STM32F4xx_HAL_Driver/Src/stm32f4xx_hal_pcd_ex.o
LOAD ./Drivers/STM32F4xx_HAL_Driver/Src/stm32f4xx_hal_pwr.o
LOAD ./Drivers/STM32F4xx_HAL_Driver/Src/stm32f4xx_hal_pwr_ex.o
LOAD ./Drivers/STM32F4xx_HAL_Driver/Src/stm32f4xx_hal_rcc.o
LOAD ./Drivers/STM32F4xx_HAL_Driver/Src/stm32f4xx_hal_rcc_ex.o
LOAD ./Drivers/STM32F4xx_HAL_Driver/Src/stm32f4xx_hal_tim.o
LOAD ./Drivers/STM32F4xx_HAL_Driver/Src/stm32f4xx_hal_tim_ex.o
LOAD ./Drivers/STM32F4xx_HAL_Driver/Src/stm32f4xx_hal_uart.o
LOAD ./Drivers/STM32F4xx_HAL_Driver/Src/stm32f4xx_ll_usb.o
LOAD ./Middlewares/ST/STM32_USB_Device_Library/Class/HID/Src/usbd_hid.o
LOAD ./Middlewares/ST/STM32_USB_Device_Library/Core/Src/usbd_core.o
LOAD ./Middlewares/ST/STM32_USB_Device_Library/Core/Src/usbd_ctlreq.o
LOAD ./Middlewares/ST/STM32_USB_Device_Library/Core/Src/usbd_ioreq.o
LOAD ./USB_DEVICE/App/usb_device.o
LOAD ./USB_DEVICE/App/usbd_desc.o
LOAD ./USB_DEVICE/App/usbd_hid_custom.o
LOAD ./USB_DEVICE/Target/usbd_conf.o
START GROUP
LOAD C:/ST/STM32CubeIDE_2.0.0/STM32CubeIDE/plugins/com.st.stm32cube.ide.mcu.externaltools.gnu-tools-for-stm32.13.3.rel1.win32_1.0.100.202509120712/tools/bin/../lib/gcc/arm-none-eabi/13.3.1/../../../../arm-none-eabi/lib/thumb/v7e-m+fp/hard\libc_nano.a
LOAD C:/ST/STM32CubeIDE_2.0.0/STM32CubeIDE/plugins/com.st.stm32cube.ide.mcu.externaltools.gnu-tools-for-stm32.13.3.rel1.win32_1.0.100.202509120712/tools/bin/../lib/gcc/arm-none-eabi/13.3.1/../../../../arm-none-eabi/lib/thumb/v7e-m+fp/hard\libm.a
END GROUP
START GROUP
LOAD C:/ST/STM32CubeIDE_2.0.0/STM32CubeIDE/plugins/com.st.stm32cube.ide.mcu.externaltools.gnu-tools-for-stm32.13.3.rel1.win32_1.0.100.202509120712/tools/bin/../lib/gcc/arm-none-eabi/13.3.1/thumb/v7e-m+fp/hard\libgcc.a
LOAD C:/ST/STM32CubeIDE_2.0.0/STM32CubeIDE/plugins/com.st.stm32cube.ide.mcu.externaltools.gnu-tools-for-stm32.13.3.rel1.win32_1.0.100.202509120712/tools/bin/../lib/gcc/arm-none-eabi/13.3.1/../../../../arm-none-eabi/lib/thumb/v7e-m+fp/hard\libc_nano.a
END GROUP
START GROUP
LOAD C:/ST/STM32CubeIDE_2.0.0/STM32CubeIDE/plugins/com.st.stm32cube.ide.mcu.externaltools.gnu-tools-for-stm32.13.3.rel1.win32_1.0.100.202509120712/tools/bin/../lib/gcc/arm-none-eabi/13.3.1/thumb/v7e-m+fp/hard\libgcc.a
LOAD C:/ST/STM32CubeIDE_2.0.0/STM32CubeIDE/plugins/com.st.stm32cube.ide.mcu.externaltools.gnu-tools-for-stm32.13.3.rel1.win32_1.0.100.202509120712/tools/bin/../lib/gcc/arm-none-eabi/13.3.1/../../../../arm-none-eabi/lib/thumb/v7e-m+fp/hard\libc_nano.a
LOAD C:/ST/STM32CubeIDE_2.0.0/STM32CubeIDE/plugins/com.st.stm32cube.ide.mcu.externaltools.gnu-tools-for-stm32.13.3.rel1.win32_1.0.100.202509120712/tools/bin/../lib/gcc/arm-none-eabi/13.3.1/../../../../arm-none-eabi/lib/thumb/v7e-m+fp/hard\libnosys.a
END GROUP
START GROUP
LOAD C:/ST/STM32CubeIDE_2.0.0/STM32CubeIDE/plugins/com.st.stm32cube.ide.mcu.externaltools.gnu-tools-for-stm32.13.3.rel1.win32_1.0.100.202509120712/tools/bin/../lib/gcc/arm-none-eabi/13.3.1/thumb/v7e-m+fp/hard\libgcc.a
LOAD C:/ST/STM32CubeIDE_2.0.0/STM32CubeIDE/plugins/com.st.stm32cube.ide.mcu.externaltools.gnu-tools-for-stm32.13.3.rel1.win32_1.0.100.202509120712/tools/bin/../lib/gcc/arm-none-eabi/13.3.1/../../../../arm-none-eabi/lib/thumb/v7e-m+fp/hard\libc_nano.a
LOAD C:/ST/STM32CubeIDE_2.0.0/STM32CubeIDE/plugins/com.st.stm32cube.ide.mcu.externaltools.gnu-tools-for-stm32.13.3.rel1.win32_1.0.100.202509120712/tools/bin/../lib/gcc/arm-none-eabi/13.3.1/../../../../arm-none-eabi/lib/thumb/v7e-m+fp/hard\libnosys.a
END GROUP
LOAD C:/ST/STM32CubeIDE_2.0.0/STM32CubeIDE/plugins/com.st.stm32cube.ide.mcu.externaltools.gnu-tools-for-stm32.13.3.rel1.win32_1.0.100.202509120712/tools/bin/../lib/gcc/arm-none-eabi/13.3.1/thumb/v7e-m+fp/hard/crtend.o
LOAD C:/ST/STM32CubeIDE_2.0.0/STM32CubeIDE/plugins/com.st.stm32cube.ide.mcu.externaltools.gnu-tools-for-stm32.13.3.rel1.win32_1.0.100.202509120712/tools/bin/../lib/gcc/arm-none-eabi/13.3.1/thumb/v7e-m+fp/hard/crtn.o
                0x20010000                        _estack = (ORIGIN (RAM) + LENGTH (RAM))
                0x00000200                        _Min_Heap_Size = 0x200
                0x00000400                        _Min_Stack_Size = 0x400

.isr_vector     0x08000000      0x194
                0x08000000                        . = ALIGN (0x4)
 *(.isr_vector)
 .isr_vector    0x08000000      0x194 ./Core/Startup/startup_stm32f401rctx.o
                0x08000000                g_pfnVectors
                0x08000194                        . = ALIGN (0x4)

.text           0x08000194     0xddbc
                0x08000194                        . = ALIGN (0x4)
 *(.text)
 .text          0x08000194       0x40 C:/ST/STM32CubeIDE_2.0.0/STM32CubeIDE/plugins/com.st.stm32cube.ide.mcu.externaltools.gnu-tools-for-stm32.13.3.rel1.win32_1.0.100.202509120712/tools/bin/../lib/gcc/arm-none-eabi/13.3.1/thumb/v7e-m+fp/hard/crtbegin.o
 .text          0x080001d4       0x30 C:/ST/STM32CubeIDE_2.0.0/STM32CubeIDE/plugins/com.st.stm32cube.ide.mcu.externaltools.gnu-tools-for-stm32.13.3.rel1.win32_1.0.100.202509120712/tools/bin/../lib/gcc/arm-none-eabi/13.3.1/thumb/v7e-m+fp/hard\libgcc.a(_aeabi_uldivmod.o)
                0x080001d4                __aeabi_uldivmod
 .text          0x08000204      0x2f8 C:/ST/STM32CubeIDE_2.0.0/STM32CubeIDE/plugins/com.st.stm32cube.ide.mcu.externaltools.gnu-tools-for-stm32.13.3.rel1.win32_1.0.100.202509120712/tools/bin/../lib/gcc/arm-none-eabi/13.3.1/thumb/v7e-m+fp/hard\libgcc.a(_udivmoddi4.o)
                0x08000204                __udivmoddi4
 .text          0x080004fc        0x4 C:/ST/STM32CubeIDE_2.0.0/STM32CubeIDE/plugins/com.st.stm32cube.ide.mcu.externaltools.gnu-tools-for-stm32.13.3.rel1.win32_1.0.100.202509120712/tools/bin/../lib/gcc/arm-none-eabi/13.3.1/thumb/v7e-m+fp/hard\libgcc.a(_dvmd_tls.o)
                0x080004fc                __aeabi_idiv0
                0x080004fc                __aeabi_ldiv0
 *(.text*)
 .text.AutoShift_Init
                0x08000500       0x6c ./Core/Src/auto_shift.o
                0x08000500                AutoShift_Init
 .text.AutoShift_IsAutoShiftable
                0x0800056c       0xb0 ./Core/Src/auto_shift.o
                0x0800056c                AutoShift_IsAutoShiftable
 .text.AutoShift_HandlePress
                0x0800061c       0xc0 ./Core/Src/auto_shift.o
                0x0800061c                AutoShift_HandlePress
 .text.AutoShift_HandleRelease
                0x080006dc       0xd0 ./Core/Src/auto_shift.o
                0x080006dc                AutoShift_HandleRelease
 .text.AutoShift_Process
                0x080007ac       0x74 ./Core/Src/auto_shift.o
                0x080007ac                AutoShift_Process
 .text.AutoShift_NotifyOtherKeyPress
                0x08000820       0x50 ./Core/Src/auto_shift.o
                0x08000820                AutoShift_NotifyOtherKeyPress
 .text.AutoShift_IsPending
                0x08000870       0x36 ./Core/Src/auto_shift.o
                0x08000870                AutoShift_IsPending
 *fill*         0x080008a6        0x2 
 .text.AutoShift_RegisterCallback
                0x080008a8       0x20 ./Core/Src/auto_shift.o
                0x080008a8                AutoShift_RegisterCallback
 .text._FindSlot
                0x080008c8       0x6c ./Core/Src/auto_shift.o
 .text._AllocSlot
                0x08000934       0x50 ./Core/Src/auto_shift.o
 .text._FreeSlot
                0x08000984       0x26 ./Core/Src/auto_shift.o
 *fill*         0x080009aa        0x2 
 .text._ResolveSlot
                0x080009ac       0x4c ./Core/Src/auto_shift.o
 .text.CRC16_Update
                0x080009f8       0x66 ./Core/Src/crc16.o
                0x080009f8                CRC16_Update
 .text.CRC16_Calculate
                0x08000a5e       0x44 ./Core/Src/crc16.o
                0x08000a5e                CRC16_Calculate
 *fill*         0x08000aa2        0x2 
 .text.MX_DMA_Init
                0x08000aa4       0x50 ./Core/Src/dma.o
                0x08000aa4                MX_DMA_Init
 .text._Flash_Unlock
                0x08000af4       0x18 ./Core/Src/flash_keymap.o
 .text._Flash_Lock
                0x08000b0c        0xc ./Core/Src/flash_keymap.o
 .text._Flash_EraseSector5
                0x08000b18       0x44 ./Core/Src/flash_keymap.o
 .text._Flash_WriteBuffer
                0x08000b5c       0x56 ./Core/Src/flash_keymap.o
 .text._CalcHeaderCRC
                0x08000bb2       0x24 ./Core/Src/flash_keymap.o
 *fill*         0x08000bd6        0x2 
 .text._UseDefaults
                0x08000bd8       0x40 ./Core/Src/flash_keymap.o
 .text._CopyFromFlashToRAM
                0x08000c18       0x8c ./Core/Src/flash_keymap.o
 .text.FlashKeymap_Init
                0x08000ca4       0x6c ./Core/Src/flash_keymap.o
                0x08000ca4                FlashKeymap_Init
 .text.FlashKeymap_GetLeft
                0x08000d10       0x2c ./Core/Src/flash_keymap.o
                0x08000d10                FlashKeymap_GetLeft
 .text.FlashKeymap_GetRight
                0x08000d3c       0x2c ./Core/Src/flash_keymap.o
                0x08000d3c                FlashKeymap_GetRight
 .text.FlashKeymap_StagePage
                0x08000d68       0x68 ./Core/Src/flash_keymap.o
                0x08000d68                FlashKeymap_StagePage
 .text.FlashKeymap_Commit
                0x08000dd0      0x174 ./Core/Src/flash_keymap.o
                0x08000dd0                FlashKeymap_Commit
 .text.FlashKeymap_Reset
                0x08000f44       0x40 ./Core/Src/flash_keymap.o
                0x08000f44                FlashKeymap_Reset
 .text.FlashKeymap_GetPage
                0x08000f84      0x140 ./Core/Src/flash_keymap.o
                0x08000f84                FlashKeymap_GetPage
 .text.FlashKeymap_IsDirty
                0x080010c4       0x18 ./Core/Src/flash_keymap.o
                0x080010c4                FlashKeymap_IsDirty
 .text.MX_GPIO_Init
                0x080010dc      0x13c ./Core/Src/gpio.o
                0x080010dc                MX_GPIO_Init
 .text.HIDReporter_Init
                0x08001218       0x80 ./Core/Src/hid_reporter.o
                0x08001218                HIDReporter_Init
 .text._SendKeyboardReport
                0x08001298       0xcc ./Core/Src/hid_reporter.o
 .text._SendSystemReport
                0x08001364       0x8c ./Core/Src/hid_reporter.o
 .text.HIDReporter_SendMediaIfChanged
                0x080013f0       0xa8 ./Core/Src/hid_reporter.o
                0x080013f0                HIDReporter_SendMediaIfChanged
 .text.HIDReporter_SendIfChanged
                0x08001498       0x22 ./Core/Src/hid_reporter.o
                0x08001498                HIDReporter_SendIfChanged
 *fill*         0x080014ba        0x2 
 .text.MX_IWDG_Init
                0x080014bc       0x34 ./Core/Src/iwdg.o
                0x080014bc                MX_IWDG_Init
 .text._SystemUsageToBitmap
                0x080014f0       0x32 ./Core/Src/key_processor.o
 *fill*         0x08001522        0x2 
 .text.KeyProcessor_Init
                0x08001524      0x124 ./Core/Src/key_processor.o
                0x08001524                KeyProcessor_Init
 .text.KeyProcessor_HandleLocalEvent
                0x08001648      0x190 ./Core/Src/key_processor.o
                0x08001648                KeyProcessor_HandleLocalEvent
 .text.KeyProcessor_HandleRemoteEvent
                0x080017d8      0x190 ./Core/Src/key_processor.o
                0x080017d8                KeyProcessor_HandleRemoteEvent
 .text.KeyProcessor_InjectKeycode
                0x08001968       0x34 ./Core/Src/key_processor.o
                0x08001968                KeyProcessor_InjectKeycode
 .text.KeyProcessor_HasChanged
                0x0800199c       0x18 ./Core/Src/key_processor.o
                0x0800199c                KeyProcessor_HasChanged
 .text.KeyProcessor_ClearChanged
                0x080019b4       0x18 ./Core/Src/key_processor.o
                0x080019b4                KeyProcessor_ClearChanged
 .text.KeyProcessor_GetState
                0x080019cc       0x14 ./Core/Src/key_processor.o
                0x080019cc                KeyProcessor_GetState
 .text.KeyProcessor_GetSystemKey
                0x080019e0       0x18 ./Core/Src/key_processor.o
                0x080019e0                KeyProcessor_GetSystemKey
 .text.KeyProcessor_SystemKeyChanged
                0x080019f8       0x18 ./Core/Src/key_processor.o
                0x080019f8                KeyProcessor_SystemKeyChanged
 .text.KeyProcessor_ClearSystemKeyChanged
                0x08001a10       0x18 ./Core/Src/key_processor.o
                0x08001a10                KeyProcessor_ClearSystemKeyChanged
 .text.KeyProcessor_TT_Process
                0x08001a28       0x7c ./Core/Src/key_processor.o
                0x08001a28                KeyProcessor_TT_Process
 .text._UpdateLayerCache
                0x08001aa4       0x68 ./Core/Src/key_processor.o
 .text._UpdateActiveLayer
                0x08001b0c       0x54 ./Core/Src/key_processor.o
 .text._ResolveKeycodeLeft
                0x08001b60       0x88 ./Core/Src/key_processor.o
 .text._ResolveKeycodeRight
                0x08001be8       0x88 ./Core/Src/key_processor.o
 .text._ProcessKeycode
                0x08001c70       0xbc ./Core/Src/key_processor.o
 .text._HandleBasicKey
                0x08001d2c       0x9c ./Core/Src/key_processor.o
 .text._HandleLayerAction
                0x08001dc8      0x234 ./Core/Src/key_processor.o
 .text._HandleMacro
                0x08001ffc       0x2c ./Core/Src/key_processor.o
 .text._HandleSystemKey
                0x08002028       0x74 ./Core/Src/key_processor.o
 .text._HandleTapHold
                0x0800209c       0x3c ./Core/Src/key_processor.o
 .text._AddPressedKey
                0x080020d8       0xd4 ./Core/Src/key_processor.o
 .text._RemovePressedKey
                0x080021ac      0x184 ./Core/Src/key_processor.o
 .text._TapHoldCallback
                0x08002330       0x64 ./Core/Src/key_processor.o
 .text._AutoShiftCallback
                0x08002394      0x104 ./Core/Src/key_processor.o
 .text._TT_FindByLayer
                0x08002498       0x58 ./Core/Src/key_processor.o
 .text._TT_FindByKeyIndex
                0x080024f0       0x58 ./Core/Src/key_processor.o
 .text._TT_Alloc
                0x08002548       0x44 ./Core/Src/key_processor.o
 .text._TT_Free
                0x0800258c       0x20 ./Core/Src/key_processor.o
 .text._TT_LayerOn
                0x080025ac       0x38 ./Core/Src/key_processor.o
 .text._TT_LayerOff
                0x080025e4       0x3c ./Core/Src/key_processor.o
 .text._SetLED  0x08002620       0x2c ./Core/Src/led_manager.o
 .text.LedManager_Init
                0x0800264c       0x58 ./Core/Src/led_manager.o
                0x0800264c                LedManager_Init
 .text.LedManager_SetStatusPattern
                0x080026a4       0x38 ./Core/Src/led_manager.o
                0x080026a4                LedManager_SetStatusPattern
 .text.LedManager_SetHIDLeds
                0x080026dc       0x28 ./Core/Src/led_manager.o
                0x080026dc                LedManager_SetHIDLeds
 .text.LedManager_GetHIDLeds
                0x08002704       0x18 ./Core/Src/led_manager.o
                0x08002704                LedManager_GetHIDLeds
 .text.LedManager_SetLayerState
                0x0800271c       0x20 ./Core/Src/led_manager.o
                0x0800271c                LedManager_SetLayerState
 .text.LedManager_Update
                0x0800273c      0x11c ./Core/Src/led_manager.o
                0x0800273c                LedManager_Update
 .text.MacroEngine_Init
                0x08002858       0x2c ./Core/Src/macro_engine.o
                0x08002858                MacroEngine_Init
 .text.MacroEngine_Trigger
                0x08002884       0x64 ./Core/Src/macro_engine.o
                0x08002884                MacroEngine_Trigger
 .text.MacroEngine_Process
                0x080028e8      0x1a4 ./Core/Src/macro_engine.o
                0x080028e8                MacroEngine_Process
 .text.MacroEngine_IsBusy
                0x08002a8c       0x20 ./Core/Src/macro_engine.o
                0x08002a8c                MacroEngine_IsBusy
 .text.MacroEngine_SetMacro
                0x08002aac       0x78 ./Core/Src/macro_engine.o
                0x08002aac                MacroEngine_SetMacro
 .text.MacroEngine_GetMacro
                0x08002b24       0x60 ./Core/Src/macro_engine.o
                0x08002b24                MacroEngine_GetMacro
 .text._InjectKey
                0x08002b84       0x24 ./Core/Src/macro_engine.o
 .text.Role_Detect
                0x08002ba8       0xa0 ./Core/Src/main.o
                0x08002ba8                Role_Detect
 .text.main     0x08002c48      0x174 ./Core/Src/main.o
                0x08002c48                main
 .text.USB_TryRemoteWakeup
                0x08002dbc       0x7c ./Core/Src/main.o
 .text.Boot_IndicateRole
                0x08002e38       0x64 ./Core/Src/main.o
 .text.SystemClock_Config
                0x08002e9c       0xd8 ./Core/Src/main.o
                0x08002e9c                SystemClock_Config
 .text.HAL_TIM_PeriodElapsedCallback
                0x08002f74       0x34 ./Core/Src/main.o
                0x08002f74                HAL_TIM_PeriodElapsedCallback
 .text.Error_Handler
                0x08002fa8        0xc ./Core/Src/main.o
                0x08002fa8                Error_Handler
 .text._Row_SettleDelay
                0x08002fb4       0x3c ./Core/Src/matrix_driver.o
 .text.Matrix_Init
                0x08002ff0       0xcc ./Core/Src/matrix_driver.o
                0x08002ff0                Matrix_Init
 .text.Matrix_Scan
                0x080030bc       0x20 ./Core/Src/matrix_driver.o
                0x080030bc                Matrix_Scan
 .text.Matrix_DebounceTask
                0x080030dc       0x6c ./Core/Src/matrix_driver.o
                0x080030dc                Matrix_DebounceTask
 .text.Matrix_GetEvent
                0x08003148       0x94 ./Core/Src/matrix_driver.o
                0x08003148                Matrix_GetEvent
 .text.Matrix_ToKeyIndex
                0x080031dc       0x28 ./Core/Src/matrix_driver.o
                0x080031dc                Matrix_ToKeyIndex
 .text._Read_Columns
                0x08003204       0x5c ./Core/Src/matrix_driver.o
 .text._Row_DriveHigh
                0x08003260       0x2c ./Core/Src/matrix_driver.o
 .text._Row_DriveLow
                0x0800328c       0x2c ./Core/Src/matrix_driver.o
 .text._Matrix_ScanRaw
                0x080032b8       0x48 ./Core/Src/matrix_driver.o
 .text._Matrix_ApplyDebounce
                0x08003300      0x154 ./Core/Src/matrix_driver.o
 .text._Matrix_GenerateEvents
                0x08003454       0x48 ./Core/Src/matrix_driver.o
 .text._Queue_Push
                0x0800349c       0x6c ./Core/Src/matrix_driver.o
 .text.MediaKeys_Init
                0x08003508       0x18 ./Core/Src/media_keys.o
                0x08003508                MediaKeys_Init
 .text.MediaKeys_HandleKeycode
                0x08003520      0x108 ./Core/Src/media_keys.o
                0x08003520                MediaKeys_HandleKeycode
 .text.MediaKeys_GetState
                0x08003628       0x14 ./Core/Src/media_keys.o
                0x08003628                MediaKeys_GetState
 .text.MediaKeys_HasChanged
                0x0800363c       0x18 ./Core/Src/media_keys.o
                0x0800363c                MediaKeys_HasChanged
 .text.MediaKeys_ClearChanged
                0x08003654       0x18 ./Core/Src/media_keys.o
                0x08003654                MediaKeys_ClearChanged
 .text.__NVIC_SystemReset
                0x0800366c       0x2c ./Core/Src/raw_hid.o
 .text.RawHID_Init
                0x08003698        0xe ./Core/Src/raw_hid.o
                0x08003698                RawHID_Init
 *fill*         0x080036a6        0x2 
 .text.RawHID_Process
                0x080036a8      0x5c4 ./Core/Src/raw_hid.o
                0x080036a8                RawHID_Process
 .text._SendResponse
                0x08003c6c       0x84 ./Core/Src/raw_hid.o
 .text.SplitComm_Init
                0x08003cf0       0xd4 ./Core/Src/split_comm.o
                0x08003cf0                SplitComm_Init
 .text.SplitComm_Process
                0x08003dc4       0x84 ./Core/Src/split_comm.o
                0x08003dc4                SplitComm_Process
 .text.SplitComm_SendKeyEvent
                0x08003e48       0x34 ./Core/Src/split_comm.o
                0x08003e48                SplitComm_SendKeyEvent
 .text.SplitComm_GetStatus
                0x08003e7c       0x18 ./Core/Src/split_comm.o
                0x08003e7c                SplitComm_GetStatus
 .text.SplitComm_GetRemoteEvent
                0x08003e94       0x88 ./Core/Src/split_comm.o
                0x08003e94                SplitComm_GetRemoteEvent
 .text.SplitComm_TxCompleteCallback
                0x08003f1c       0x40 ./Core/Src/split_comm.o
                0x08003f1c                SplitComm_TxCompleteCallback
 .text.SplitComm_GetState
                0x08003f5c       0x14 ./Core/Src/split_comm.o
                0x08003f5c                SplitComm_GetState
 .text._BuildAndQueuePacket
                0x08003f70      0x174 ./Core/Src/split_comm.o
 .text._TxStartFromBuf
                0x080040e4       0x68 ./Core/Src/split_comm.o
 .text._TxQueue_Enqueue
                0x0800414c       0x88 ./Core/Src/split_comm.o
 .text._TxQueue_Dequeue
                0x080041d4       0x9c ./Core/Src/split_comm.o
 .text._TxTryDrainQueue
                0x08004270       0x78 ./Core/Src/split_comm.o
 .text._ProcessRxByte
                0x080042e8      0x180 ./Core/Src/split_comm.o
 .text._CheckRxParseTimeout
                0x08004468       0x34 ./Core/Src/split_comm.o
 .text._HandlePacket
                0x0800449c       0xc4 ./Core/Src/split_comm.o
 .text._HandleKeyEvent
                0x08004560       0x70 ./Core/Src/split_comm.o
 .text._HandleKeyState
                0x080045d0       0xd8 ./Core/Src/split_comm.o
 .text._HandlePing
                0x080046a8       0x20 ./Core/Src/split_comm.o
 .text._HandlePong
                0x080046c8       0x18 ./Core/Src/split_comm.o
 .text._HandleSyncReq
                0x080046e0       0x88 ./Core/Src/split_comm.o
 .text._HandleSyncRsp
                0x08004768       0x88 ./Core/Src/split_comm.o
 .text._BuildSyncPayload
                0x080047f0       0x32 ./Core/Src/split_comm.o
 *fill*         0x08004822        0x2 
 .text._SendSyncReq
                0x08004824       0x3c ./Core/Src/split_comm.o
 .text._SendSyncRsp
                0x08004860       0x22 ./Core/Src/split_comm.o
 *fill*         0x08004882        0x2 
 .text._PushRemoteEvent
                0x08004884       0x8c ./Core/Src/split_comm.o
 .text._MasterHeartbeat
                0x08004910       0x4c ./Core/Src/split_comm.o
 .text._CheckSyncTimeout
                0x0800495c       0x34 ./Core/Src/split_comm.o
 .text._CheckTimeout
                0x08004990       0x34 ./Core/Src/split_comm.o
 .text._UpdateStatusPattern
                0x080049c4       0x34 ./Core/Src/split_comm.o
 .text._DMA_GetRxWritePos
                0x080049f8       0x38 ./Core/Src/split_comm.o
 .text.HAL_UART_TxCpltCallback
                0x08004a30       0x24 ./Core/Src/split_comm.o
                0x08004a30                HAL_UART_TxCpltCallback
 .text.SplitComm_UART_IdleCallback
                0x08004a54        0xe ./Core/Src/split_comm.o
                0x08004a54                SplitComm_UART_IdleCallback
 *fill*         0x08004a62        0x2 
 .text.HAL_UART_ErrorCallback
                0x08004a64       0x94 ./Core/Src/split_comm.o
                0x08004a64                HAL_UART_ErrorCallback
 .text.HAL_MspInit
                0x08004af8       0x50 ./Core/Src/stm32f4xx_hal_msp.o
                0x08004af8                HAL_MspInit
 .text.HAL_InitTick
                0x08004b48       0xf8 ./Core/Src/stm32f4xx_hal_timebase_tim.o
                0x08004b48                HAL_InitTick
 .text.NMI_Handler
                0x08004c40        0x8 ./Core/Src/stm32f4xx_it.o
                0x08004c40                NMI_Handler
 .text.HardFault_Handler
                0x08004c48        0x8 ./Core/Src/stm32f4xx_it.o
                0x08004c48                HardFault_Handler
 .text.MemManage_Handler
                0x08004c50        0x8 ./Core/Src/stm32f4xx_it.o
                0x08004c50                MemManage_Handler
 .text.BusFault_Handler
                0x08004c58        0x8 ./Core/Src/stm32f4xx_it.o
                0x08004c58                BusFault_Handler
 .text.UsageFault_Handler
                0x08004c60        0x8 ./Core/Src/stm32f4xx_it.o
                0x08004c60                UsageFault_Handler
 .text.SVC_Handler
                0x08004c68        0xe ./Core/Src/stm32f4xx_it.o
                0x08004c68                SVC_Handler
 .text.DebugMon_Handler
                0x08004c76        0xe ./Core/Src/stm32f4xx_it.o
                0x08004c76                DebugMon_Handler
 .text.PendSV_Handler
                0x08004c84        0xe ./Core/Src/stm32f4xx_it.o
                0x08004c84                PendSV_Handler
 .text.SysTick_Handler
                0x08004c92        0xe ./Core/Src/stm32f4xx_it.o
                0x08004c92                SysTick_Handler
 .text.TIM2_IRQHandler
                0x08004ca0       0x14 ./Core/Src/stm32f4xx_it.o
                0x08004ca0                TIM2_IRQHandler
 .text.USART1_IRQHandler
                0x08004cb4       0x4c ./Core/Src/stm32f4xx_it.o
                0x08004cb4                USART1_IRQHandler
 .text.TIM5_IRQHandler
                0x08004d00       0x14 ./Core/Src/stm32f4xx_it.o
                0x08004d00                TIM5_IRQHandler
 .text.DMA2_Stream2_IRQHandler
                0x08004d14       0x14 ./Core/Src/stm32f4xx_it.o
                0x08004d14                DMA2_Stream2_IRQHandler
 .text.DMA2_Stream7_IRQHandler
                0x08004d28       0x14 ./Core/Src/stm32f4xx_it.o
                0x08004d28                DMA2_Stream7_IRQHandler
 .text.OTG_FS_IRQHandler
                0x08004d3c       0x14 ./Core/Src/stm32f4xx_it.o
                0x08004d3c                OTG_FS_IRQHandler
 .text.SystemInit
                0x08004d50       0x24 ./Core/Src/system_stm32f4xx.o
                0x08004d50                SystemInit
 .text.SystemCoreClockUpdate
                0x08004d74       0xec ./Core/Src/system_stm32f4xx.o
                0x08004d74                SystemCoreClockUpdate
 .text.TapHold_Init
                0x08004e60       0x34 ./Core/Src/tap_hold.o
                0x08004e60                TapHold_Init
 .text.TapHold_RegisterCallback
                0x08004e94       0x20 ./Core/Src/tap_hold.o
                0x08004e94                TapHold_RegisterCallback
 .text.TapHold_HandlePress
                0x08004eb4       0x5c ./Core/Src/tap_hold.o
                0x08004eb4                TapHold_HandlePress
 .text.TapHold_HandleRelease
                0x08004f10       0xc4 ./Core/Src/tap_hold.o
                0x08004f10                TapHold_HandleRelease
 .text.TapHold_NotifyOtherKeyPress
                0x08004fd4       0x1c ./Core/Src/tap_hold.o
                0x08004fd4                TapHold_NotifyOtherKeyPress
 .text.TapHold_Process
                0x08004ff0       0x38 ./Core/Src/tap_hold.o
                0x08004ff0                TapHold_Process
 .text.TapHold_IsPending
                0x08005028       0x38 ./Core/Src/tap_hold.o
                0x08005028                TapHold_IsPending
 .text.TapHold_GetPendingKeyIndex
                0x08005060       0x18 ./Core/Src/tap_hold.o
                0x08005060                TapHold_GetPendingKeyIndex
 .text._Resolve
                0x08005078       0x70 ./Core/Src/tap_hold.o
 .text.MX_TIM2_Init
                0x080050e8       0x98 ./Core/Src/tim.o
                0x080050e8                MX_TIM2_Init
 .text.HAL_TIM_Base_MspInit
                0x08005180       0x4c ./Core/Src/tim.o
                0x08005180                HAL_TIM_Base_MspInit
 .text.MX_USART1_UART_Init
                0x080051cc       0x54 ./Core/Src/usart.o
                0x080051cc                MX_USART1_UART_Init
 .text.HAL_UART_MspInit
                0x08005220      0x170 ./Core/Src/usart.o
                0x08005220                HAL_UART_MspInit
 .text.Reset_Handler
                0x08005390       0x50 ./Core/Startup/startup_stm32f401rctx.o
                0x08005390                Reset_Handler
 .text.Default_Handler
                0x080053e0        0x2 ./Core/Startup/startup_stm32f401rctx.o
                0x080053e0                RTC_Alarm_IRQHandler
                0x080053e0                EXTI2_IRQHandler
                0x080053e0                SPI4_IRQHandler
                0x080053e0                TIM1_CC_IRQHandler
                0x080053e0                DMA2_Stream5_IRQHandler
                0x080053e0                DMA1_Stream5_IRQHandler
                0x080053e0                PVD_IRQHandler
                0x080053e0                SDIO_IRQHandler
                0x080053e0                TAMP_STAMP_IRQHandler
                0x080053e0                EXTI3_IRQHandler
                0x080053e0                TIM1_UP_TIM10_IRQHandler
                0x080053e0                I2C3_ER_IRQHandler
                0x080053e0                EXTI0_IRQHandler
                0x080053e0                I2C2_EV_IRQHandler
                0x080053e0                DMA1_Stream2_IRQHandler
                0x080053e0                FPU_IRQHandler
                0x080053e0                SPI1_IRQHandler
                0x080053e0                TIM1_BRK_TIM9_IRQHandler
                0x080053e0                DMA2_Stream3_IRQHandler
                0x080053e0                USART6_IRQHandler
                0x080053e0                DMA2_Stream0_IRQHandler
                0x080053e0                TIM4_IRQHandler
                0x080053e0                I2C1_EV_IRQHandler
                0x080053e0                DMA1_Stream6_IRQHandler
                0x080053e0                DMA1_Stream1_IRQHandler
                0x080053e0                TIM3_IRQHandler
                0x080053e0                RCC_IRQHandler
                0x080053e0                Default_Handler
                0x080053e0                EXTI15_10_IRQHandler
                0x080053e0                ADC_IRQHandler
                0x080053e0                DMA1_Stream7_IRQHandler
                0x080053e0                I2C3_EV_IRQHandler
                0x080053e0                EXTI9_5_IRQHandler
                0x080053e0                RTC_WKUP_IRQHandler
                0x080053e0                SPI2_IRQHandler
                0x080053e0                DMA1_Stream0_IRQHandler
                0x080053e0                EXTI4_IRQHandler
                0x080053e0                WWDG_IRQHandler
                0x080053e0                OTG_FS_WKUP_IRQHandler
                0x080053e0                TIM1_TRG_COM_TIM11_IRQHandler
                0x080053e0                EXTI1_IRQHandler
                0x080053e0                USART2_IRQHandler
                0x080053e0                I2C2_ER_IRQHandler
                0x080053e0                DMA2_Stream1_IRQHandler
                0x080053e0                FLASH_IRQHandler
                0x080053e0                DMA2_Stream4_IRQHandler
                0x080053e0                SPI3_IRQHandler
                0x080053e0                DMA1_Stream4_IRQHandler
                0x080053e0                I2C1_ER_IRQHandler
                0x080053e0                DMA2_Stream6_IRQHandler
                0x080053e0                DMA1_Stream3_IRQHandler
 *fill*         0x080053e2        0x2 
 .text.HAL_Init
                0x080053e4       0x44 ./Drivers/STM32F4xx_HAL_Driver/Src/stm32f4xx_hal.o
                0x080053e4                HAL_Init
 .text.HAL_IncTick
                0x08005428       0x28 ./Drivers/STM32F4xx_HAL_Driver/Src/stm32f4xx_hal.o
                0x08005428                HAL_IncTick
 .text.HAL_GetTick
                0x08005450       0x18 ./Drivers/STM32F4xx_HAL_Driver/Src/stm32f4xx_hal.o
                0x08005450                HAL_GetTick
 .text.HAL_Delay
                0x08005468       0x48 ./Drivers/STM32F4xx_HAL_Driver/Src/stm32f4xx_hal.o
                0x08005468                HAL_Delay
 .text.__NVIC_SetPriorityGrouping
                0x080054b0       0x48 ./Drivers/STM32F4xx_HAL_Driver/Src/stm32f4xx_hal_cortex.o
 .text.__NVIC_GetPriorityGrouping
                0x080054f8       0x1c ./Drivers/STM32F4xx_HAL_Driver/Src/stm32f4xx_hal_cortex.o
 .text.__NVIC_EnableIRQ
                0x08005514       0x3c ./Drivers/STM32F4xx_HAL_Driver/Src/stm32f4xx_hal_cortex.o
 .text.__NVIC_SetPriority
                0x08005550       0x54 ./Drivers/STM32F4xx_HAL_Driver/Src/stm32f4xx_hal_cortex.o
 .text.NVIC_EncodePriority
                0x080055a4       0x66 ./Drivers/STM32F4xx_HAL_Driver/Src/stm32f4xx_hal_cortex.o
 .text.HAL_NVIC_SetPriorityGrouping
                0x0800560a       0x16 ./Drivers/STM32F4xx_HAL_Driver/Src/stm32f4xx_hal_cortex.o
                0x0800560a                HAL_NVIC_SetPriorityGrouping
 .text.HAL_NVIC_SetPriority
                0x08005620       0x38 ./Drivers/STM32F4xx_HAL_Driver/Src/stm32f4xx_hal_cortex.o
                0x08005620                HAL_NVIC_SetPriority
 .text.HAL_NVIC_EnableIRQ
                0x08005658       0x1c ./Drivers/STM32F4xx_HAL_Driver/Src/stm32f4xx_hal_cortex.o
                0x08005658                HAL_NVIC_EnableIRQ
 .text.HAL_DMA_Init
                0x08005674      0x15c ./Drivers/STM32F4xx_HAL_Driver/Src/stm32f4xx_hal_dma.o
                0x08005674                HAL_DMA_Init
 .text.HAL_DMA_Start_IT
                0x080057d0       0xb0 ./Drivers/STM32F4xx_HAL_Driver/Src/stm32f4xx_hal_dma.o
                0x080057d0                HAL_DMA_Start_IT
 .text.HAL_DMA_Abort
                0x08005880       0xe0 ./Drivers/STM32F4xx_HAL_Driver/Src/stm32f4xx_hal_dma.o
                0x08005880                HAL_DMA_Abort
 .text.HAL_DMA_Abort_IT
                0x08005960       0x44 ./Drivers/STM32F4xx_HAL_Driver/Src/stm32f4xx_hal_dma.o
                0x08005960                HAL_DMA_Abort_IT
 .text.HAL_DMA_IRQHandler
                0x080059a4      0x314 ./Drivers/STM32F4xx_HAL_Driver/Src/stm32f4xx_hal_dma.o
                0x080059a4                HAL_DMA_IRQHandler
 .text.DMA_SetConfig
                0x08005cb8       0x5c ./Drivers/STM32F4xx_HAL_Driver/Src/stm32f4xx_hal_dma.o
 .text.DMA_CalcBaseAndBitshift
                0x08005d14       0x6c ./Drivers/STM32F4xx_HAL_Driver/Src/stm32f4xx_hal_dma.o
 .text.DMA_CheckFifoParam
                0x08005d80       0xf8 ./Drivers/STM32F4xx_HAL_Driver/Src/stm32f4xx_hal_dma.o
 .text.HAL_FLASH_Program
                0x08005e78       0xa4 ./Drivers/STM32F4xx_HAL_Driver/Src/stm32f4xx_hal_flash.o
                0x08005e78                HAL_FLASH_Program
 .text.HAL_FLASH_Unlock
                0x08005f1c       0x44 ./Drivers/STM32F4xx_HAL_Driver/Src/stm32f4xx_hal_flash.o
                0x08005f1c                HAL_FLASH_Unlock
 .text.HAL_FLASH_Lock
                0x08005f60       0x20 ./Drivers/STM32F4xx_HAL_Driver/Src/stm32f4xx_hal_flash.o
                0x08005f60                HAL_FLASH_Lock
 .text.FLASH_WaitForLastOperation
                0x08005f80       0x80 ./Drivers/STM32F4xx_HAL_Driver/Src/stm32f4xx_hal_flash.o
                0x08005f80                FLASH_WaitForLastOperation
 .text.FLASH_Program_DoubleWord
                0x08006000       0x64 ./Drivers/STM32F4xx_HAL_Driver/Src/stm32f4xx_hal_flash.o
 .text.FLASH_Program_Word
                0x08006064       0x44 ./Drivers/STM32F4xx_HAL_Driver/Src/stm32f4xx_hal_flash.o
 .text.FLASH_Program_HalfWord
                0x080060a8       0x48 ./Drivers/STM32F4xx_HAL_Driver/Src/stm32f4xx_hal_flash.o
 .text.FLASH_Program_Byte
                0x080060f0       0x44 ./Drivers/STM32F4xx_HAL_Driver/Src/stm32f4xx_hal_flash.o
 .text.FLASH_SetErrorCode
                0x08006134       0xcc ./Drivers/STM32F4xx_HAL_Driver/Src/stm32f4xx_hal_flash.o
 .text.HAL_FLASHEx_Erase
                0x08006200       0xdc ./Drivers/STM32F4xx_HAL_Driver/Src/stm32f4xx_hal_flash_ex.o
                0x08006200                HAL_FLASHEx_Erase
 .text.FLASH_MassErase
                0x080062dc       0x48 ./Drivers/STM32F4xx_HAL_Driver/Src/stm32f4xx_hal_flash_ex.o
 .text.FLASH_Erase_Sector
                0x08006324       0x90 ./Drivers/STM32F4xx_HAL_Driver/Src/stm32f4xx_hal_flash_ex.o
                0x08006324                FLASH_Erase_Sector
 .text.FLASH_FlushCaches
                0x080063b4       0x8c ./Drivers/STM32F4xx_HAL_Driver/Src/stm32f4xx_hal_flash_ex.o
                0x080063b4                FLASH_FlushCaches
 .text.HAL_GPIO_Init
                0x08006440      0x308 ./Drivers/STM32F4xx_HAL_Driver/Src/stm32f4xx_hal_gpio.o
                0x08006440                HAL_GPIO_Init
 .text.HAL_GPIO_WritePin
                0x08006748       0x32 ./Drivers/STM32F4xx_HAL_Driver/Src/stm32f4xx_hal_gpio.o
                0x08006748                HAL_GPIO_WritePin
 .text.HAL_IWDG_Init
                0x0800677a       0x88 ./Drivers/STM32F4xx_HAL_Driver/Src/stm32f4xx_hal_iwdg.o
                0x0800677a                HAL_IWDG_Init
 .text.HAL_IWDG_Refresh
                0x08006802       0x20 ./Drivers/STM32F4xx_HAL_Driver/Src/stm32f4xx_hal_iwdg.o
                0x08006802                HAL_IWDG_Refresh
 .text.HAL_PCD_Init
                0x08006822      0x21e ./Drivers/STM32F4xx_HAL_Driver/Src/stm32f4xx_hal_pcd.o
                0x08006822                HAL_PCD_Init
 .text.HAL_PCD_Start
                0x08006a40       0x6a ./Drivers/STM32F4xx_HAL_Driver/Src/stm32f4xx_hal_pcd.o
                0x08006a40                HAL_PCD_Start
 .text.HAL_PCD_IRQHandler
                0x08006aaa      0x942 ./Drivers/STM32F4xx_HAL_Driver/Src/stm32f4xx_hal_pcd.o
                0x08006aaa                HAL_PCD_IRQHandler
 .text.HAL_PCD_SetAddress
                0x080073ec       0x48 ./Drivers/STM32F4xx_HAL_Driver/Src/stm32f4xx_hal_pcd.o
                0x080073ec                HAL_PCD_SetAddress
 .text.HAL_PCD_EP_Open
                0x08007434       0xd4 ./Drivers/STM32F4xx_HAL_Driver/Src/stm32f4xx_hal_pcd.o
                0x08007434                HAL_PCD_EP_Open
 .text.HAL_PCD_EP_Close
                0x08007508       0x94 ./Drivers/STM32F4xx_HAL_Driver/Src/stm32f4xx_hal_pcd.o
                0x08007508                HAL_PCD_EP_Close
 .text.HAL_PCD_EP_Receive
                0x0800759c       0x76 ./Drivers/STM32F4xx_HAL_Driver/Src/stm32f4xx_hal_pcd.o
                0x0800759c                HAL_PCD_EP_Receive
 .text.HAL_PCD_EP_Transmit
                0x08007612       0x74 ./Drivers/STM32F4xx_HAL_Driver/Src/stm32f4xx_hal_pcd.o
                0x08007612                HAL_PCD_EP_Transmit
 .text.HAL_PCD_EP_SetStall
                0x08007686       0xc6 ./Drivers/STM32F4xx_HAL_Driver/Src/stm32f4xx_hal_pcd.o
                0x08007686                HAL_PCD_EP_SetStall
 .text.HAL_PCD_EP_ClrStall
                0x0800774c       0xac ./Drivers/STM32F4xx_HAL_Driver/Src/stm32f4xx_hal_pcd.o
                0x0800774c                HAL_PCD_EP_ClrStall
 .text.HAL_PCD_EP_Abort
                0x080077f8       0x62 ./Drivers/STM32F4xx_HAL_Driver/Src/stm32f4xx_hal_pcd.o
                0x080077f8                HAL_PCD_EP_Abort
 .text.HAL_PCD_ActivateRemoteWakeup
                0x0800785a       0x1c ./Drivers/STM32F4xx_HAL_Driver/Src/stm32f4xx_hal_pcd.o
                0x0800785a                HAL_PCD_ActivateRemoteWakeup
 .text.HAL_PCD_DeActivateRemoteWakeup
                0x08007876       0x1c ./Drivers/STM32F4xx_HAL_Driver/Src/stm32f4xx_hal_pcd.o
                0x08007876                HAL_PCD_DeActivateRemoteWakeup
 .text.PCD_WriteEmptyTxFifo
                0x08007892      0x118 ./Drivers/STM32F4xx_HAL_Driver/Src/stm32f4xx_hal_pcd.o
 *fill*         0x080079aa        0x2 
 .text.PCD_EP_OutXfrComplete_int
                0x080079ac      0x1d0 ./Drivers/STM32F4xx_HAL_Driver/Src/stm32f4xx_hal_pcd.o
 .text.PCD_EP_OutSetupPacket_int
                0x08007b7c       0x8c ./Drivers/STM32F4xx_HAL_Driver/Src/stm32f4xx_hal_pcd.o
 .text.HAL_PCDEx_SetTxFiFo
                0x08007c08       0x8e ./Drivers/STM32F4xx_HAL_Driver/Src/stm32f4xx_hal_pcd_ex.o
                0x08007c08                HAL_PCDEx_SetTxFiFo
 .text.HAL_PCDEx_SetRxFiFo
                0x08007c96       0x22 ./Drivers/STM32F4xx_HAL_Driver/Src/stm32f4xx_hal_pcd_ex.o
                0x08007c96                HAL_PCDEx_SetRxFiFo
 .text.HAL_PCDEx_LPM_Callback
                0x08007cb8       0x18 ./Drivers/STM32F4xx_HAL_Driver/Src/stm32f4xx_hal_pcd_ex.o
                0x08007cb8                HAL_PCDEx_LPM_Callback
 .text.HAL_RCC_OscConfig
                0x08007cd0      0x4f0 ./Drivers/STM32F4xx_HAL_Driver/Src/stm32f4xx_hal_rcc.o
                0x08007cd0                HAL_RCC_OscConfig
 .text.HAL_RCC_ClockConfig
                0x080081c0      0x1cc ./Drivers/STM32F4xx_HAL_Driver/Src/stm32f4xx_hal_rcc.o
                0x080081c0                HAL_RCC_ClockConfig
 .text.HAL_RCC_GetSysClockFreq
                0x0800838c      0x18c ./Drivers/STM32F4xx_HAL_Driver/Src/stm32f4xx_hal_rcc.o
                0x0800838c                HAL_RCC_GetSysClockFreq
 .text.HAL_RCC_GetHCLKFreq
                0x08008518       0x18 ./Drivers/STM32F4xx_HAL_Driver/Src/stm32f4xx_hal_rcc.o
                0x08008518                HAL_RCC_GetHCLKFreq
 .text.HAL_RCC_GetPCLK1Freq
                0x08008530       0x28 ./Drivers/STM32F4xx_HAL_Driver/Src/stm32f4xx_hal_rcc.o
                0x08008530                HAL_RCC_GetPCLK1Freq
 .text.HAL_RCC_GetPCLK2Freq
                0x08008558       0x28 ./Drivers/STM32F4xx_HAL_Driver/Src/stm32f4xx_hal_rcc.o
                0x08008558                HAL_RCC_GetPCLK2Freq
 .text.HAL_RCC_GetClockConfig
                0x08008580       0x64 ./Drivers/STM32F4xx_HAL_Driver/Src/stm32f4xx_hal_rcc.o
                0x08008580                HAL_RCC_GetClockConfig
 .text.HAL_TIM_Base_Init
                0x080085e4       0x9e ./Drivers/STM32F4xx_HAL_Driver/Src/stm32f4xx_hal_tim.o
                0x080085e4                HAL_TIM_Base_Init
 *fill*         0x08008682        0x2 
 .text.HAL_TIM_Base_Start_IT
                0x08008684       0xc4 ./Drivers/STM32F4xx_HAL_Driver/Src/stm32f4xx_hal_tim.o
                0x08008684                HAL_TIM_Base_Start_IT
 .text.HAL_TIM_IRQHandler
                0x08008748      0x1e0 ./Drivers/STM32F4xx_HAL_Driver/Src/stm32f4xx_hal_tim.o
                0x08008748                HAL_TIM_IRQHandler
 .text.HAL_TIM_ConfigClockSource
                0x08008928      0x18e ./Drivers/STM32F4xx_HAL_Driver/Src/stm32f4xx_hal_tim.o
                0x08008928                HAL_TIM_ConfigClockSource
 .text.HAL_TIM_OC_DelayElapsedCallback
                0x08008ab6       0x14 ./Drivers/STM32F4xx_HAL_Driver/Src/stm32f4xx_hal_tim.o
                0x08008ab6                HAL_TIM_OC_DelayElapsedCallback
 .text.HAL_TIM_IC_CaptureCallback
                0x08008aca       0x14 ./Drivers/STM32F4xx_HAL_Driver/Src/stm32f4xx_hal_tim.o
                0x08008aca                HAL_TIM_IC_CaptureCallback
 .text.HAL_TIM_PWM_PulseFinishedCallback
                0x08008ade       0x14 ./Drivers/STM32F4xx_HAL_Driver/Src/stm32f4xx_hal_tim.o
                0x08008ade                HAL_TIM_PWM_PulseFinishedCallback
 .text.HAL_TIM_TriggerCallback
                0x08008af2       0x14 ./Drivers/STM32F4xx_HAL_Driver/Src/stm32f4xx_hal_tim.o
                0x08008af2                HAL_TIM_TriggerCallback
 *fill*         0x08008b06        0x2 
 .text.TIM_Base_SetConfig
                0x08008b08      0x10c ./Drivers/STM32F4xx_HAL_Driver/Src/stm32f4xx_hal_tim.o
                0x08008b08                TIM_Base_SetConfig
 .text.TIM_TI1_ConfigInputStage
                0x08008c14       0x5e ./Drivers/STM32F4xx_HAL_Driver/Src/stm32f4xx_hal_tim.o
 .text.TIM_TI2_ConfigInputStage
                0x08008c72       0x60 ./Drivers/STM32F4xx_HAL_Driver/Src/stm32f4xx_hal_tim.o
 .text.TIM_ITRx_SetConfig
                0x08008cd2       0x36 ./Drivers/STM32F4xx_HAL_Driver/Src/stm32f4xx_hal_tim.o
 .text.TIM_ETR_SetConfig
                0x08008d08       0x40 ./Drivers/STM32F4xx_HAL_Driver/Src/stm32f4xx_hal_tim.o
                0x08008d08                TIM_ETR_SetConfig
 .text.HAL_TIMEx_MasterConfigSynchronization
                0x08008d48       0xdc ./Drivers/STM32F4xx_HAL_Driver/Src/stm32f4xx_hal_tim_ex.o
                0x08008d48                HAL_TIMEx_MasterConfigSynchronization
 .text.HAL_TIMEx_CommutCallback
                0x08008e24       0x14 ./Drivers/STM32F4xx_HAL_Driver/Src/stm32f4xx_hal_tim_ex.o
                0x08008e24                HAL_TIMEx_CommutCallback
 .text.HAL_TIMEx_BreakCallback
                0x08008e38       0x14 ./Drivers/STM32F4xx_HAL_Driver/Src/stm32f4xx_hal_tim_ex.o
                0x08008e38                HAL_TIMEx_BreakCallback
 .text.HAL_UART_Init
                0x08008e4c       0xa0 ./Drivers/STM32F4xx_HAL_Driver/Src/stm32f4xx_hal_uart.o
                0x08008e4c                HAL_UART_Init
 .text.HAL_UART_Transmit_DMA
                0x08008eec       0xf8 ./Drivers/STM32F4xx_HAL_Driver/Src/stm32f4xx_hal_uart.o
                0x08008eec                HAL_UART_Transmit_DMA
 .text.HAL_UART_Receive_DMA
                0x08008fe4       0x4a ./Drivers/STM32F4xx_HAL_Driver/Src/stm32f4xx_hal_uart.o
                0x08008fe4                HAL_UART_Receive_DMA
 .text.HAL_UART_DMAStop
                0x0800902e       0xfe ./Drivers/STM32F4xx_HAL_Driver/Src/stm32f4xx_hal_uart.o
                0x0800902e                HAL_UART_DMAStop
 .text.HAL_UART_IRQHandler
                0x0800912c      0x554 ./Drivers/STM32F4xx_HAL_Driver/Src/stm32f4xx_hal_uart.o
                0x0800912c                HAL_UART_IRQHandler
 .text.HAL_UART_TxHalfCpltCallback
                0x08009680       0x14 ./Drivers/STM32F4xx_HAL_Driver/Src/stm32f4xx_hal_uart.o
                0x08009680                HAL_UART_TxHalfCpltCallback
 .text.HAL_UART_RxCpltCallback
                0x08009694       0x14 ./Drivers/STM32F4xx_HAL_Driver/Src/stm32f4xx_hal_uart.o
                0x08009694                HAL_UART_RxCpltCallback
 .text.HAL_UART_RxHalfCpltCallback
                0x080096a8       0x14 ./Drivers/STM32F4xx_HAL_Driver/Src/stm32f4xx_hal_uart.o
                0x080096a8                HAL_UART_RxHalfCpltCallback
 .text.HAL_UARTEx_RxEventCallback
                0x080096bc       0x18 ./Drivers/STM32F4xx_HAL_Driver/Src/stm32f4xx_hal_uart.o
                0x080096bc                HAL_UARTEx_RxEventCallback
 .text.UART_DMATransmitCplt
                0x080096d4       0x9a ./Drivers/STM32F4xx_HAL_Driver/Src/stm32f4xx_hal_uart.o
 .text.UART_DMATxHalfCplt
                0x0800976e       0x1c ./Drivers/STM32F4xx_HAL_Driver/Src/stm32f4xx_hal_uart.o
 .text.UART_DMAReceiveCplt
                0x0800978a      0x12c ./Drivers/STM32F4xx_HAL_Driver/Src/stm32f4xx_hal_uart.o
 .text.UART_DMARxHalfCplt
                0x080098b6       0x3c ./Drivers/STM32F4xx_HAL_Driver/Src/stm32f4xx_hal_uart.o
 .text.UART_DMAError
                0x080098f2       0x94 ./Drivers/STM32F4xx_HAL_Driver/Src/stm32f4xx_hal_uart.o
 *fill*         0x08009986        0x2 
 .text.UART_Start_Receive_DMA
                0x08009988      0x14c ./Drivers/STM32F4xx_HAL_Driver/Src/stm32f4xx_hal_uart.o
                0x08009988                UART_Start_Receive_DMA
 .text.UART_EndTxTransfer
                0x08009ad4       0x50 ./Drivers/STM32F4xx_HAL_Driver/Src/stm32f4xx_hal_uart.o
 .text.UART_EndRxTransfer
                0x08009b24       0xc6 ./Drivers/STM32F4xx_HAL_Driver/Src/stm32f4xx_hal_uart.o
 .text.UART_DMAAbortOnError
                0x08009bea       0x22 ./Drivers/STM32F4xx_HAL_Driver/Src/stm32f4xx_hal_uart.o
 .text.UART_Transmit_IT
                0x08009c0c       0xa0 ./Drivers/STM32F4xx_HAL_Driver/Src/stm32f4xx_hal_uart.o
 .text.UART_EndTransmit_IT
                0x08009cac       0x30 ./Drivers/STM32F4xx_HAL_Driver/Src/stm32f4xx_hal_uart.o
 .text.UART_Receive_IT
                0x08009cdc      0x17c ./Drivers/STM32F4xx_HAL_Driver/Src/stm32f4xx_hal_uart.o
 .text.UART_SetConfig
                0x08009e58      0x4e8 ./Drivers/STM32F4xx_HAL_Driver/Src/stm32f4xx_hal_uart.o
 .text.USB_CoreInit
                0x0800a340       0xc8 ./Drivers/STM32F4xx_HAL_Driver/Src/stm32f4xx_ll_usb.o
                0x0800a340                USB_CoreInit
 .text.USB_SetTurnaroundTime
                0x0800a408      0x144 ./Drivers/STM32F4xx_HAL_Driver/Src/stm32f4xx_ll_usb.o
                0x0800a408                USB_SetTurnaroundTime
 .text.USB_EnableGlobalInt
                0x0800a54c       0x22 ./Drivers/STM32F4xx_HAL_Driver/Src/stm32f4xx_ll_usb.o
                0x0800a54c                USB_EnableGlobalInt
 .text.USB_DisableGlobalInt
                0x0800a56e       0x22 ./Drivers/STM32F4xx_HAL_Driver/Src/stm32f4xx_ll_usb.o
                0x0800a56e                USB_DisableGlobalInt
 .text.USB_SetCurrentMode
                0x0800a590       0x98 ./Drivers/STM32F4xx_HAL_Driver/Src/stm32f4xx_ll_usb.o
                0x0800a590                USB_SetCurrentMode
 .text.USB_DevInit
                0x0800a628      0x2c8 ./Drivers/STM32F4xx_HAL_Driver/Src/stm32f4xx_ll_usb.o
                0x0800a628                USB_DevInit
 .text.USB_FlushTxFifo
                0x0800a8f0       0x64 ./Drivers/STM32F4xx_HAL_Driver/Src/stm32f4xx_ll_usb.o
                0x0800a8f0                USB_FlushTxFifo
 .text.USB_FlushRxFifo
                0x0800a954       0x5c ./Drivers/STM32F4xx_HAL_Driver/Src/stm32f4xx_ll_usb.o
                0x0800a954                USB_FlushRxFifo
 .text.USB_SetDevSpeed
                0x0800a9b0       0x32 ./Drivers/STM32F4xx_HAL_Driver/Src/stm32f4xx_ll_usb.o
                0x0800a9b0                USB_SetDevSpeed
 .text.USB_GetDevSpeed
                0x0800a9e2       0x4a ./Drivers/STM32F4xx_HAL_Driver/Src/stm32f4xx_ll_usb.o
                0x0800a9e2                USB_GetDevSpeed
 .text.USB_ActivateEndpoint
                0x0800aa2c      0x10e ./Drivers/STM32F4xx_HAL_Driver/Src/stm32f4xx_ll_usb.o
                0x0800aa2c                USB_ActivateEndpoint
 *fill*         0x0800ab3a        0x2 
 .text.USB_DeactivateEndpoint
                0x0800ab3c      0x1b8 ./Drivers/STM32F4xx_HAL_Driver/Src/stm32f4xx_ll_usb.o
                0x0800ab3c                USB_DeactivateEndpoint
 .text.USB_EPStartXfer
                0x0800acf4      0x53c ./Drivers/STM32F4xx_HAL_Driver/Src/stm32f4xx_ll_usb.o
                0x0800acf4                USB_EPStartXfer
 .text.USB_EPStopXfer
                0x0800b230      0x154 ./Drivers/STM32F4xx_HAL_Driver/Src/stm32f4xx_ll_usb.o
                0x0800b230                USB_EPStopXfer
 .text.USB_WritePacket
                0x0800b384       0x7c ./Drivers/STM32F4xx_HAL_Driver/Src/stm32f4xx_ll_usb.o
                0x0800b384                USB_WritePacket
 .text.USB_ReadPacket
                0x0800b400       0xb0 ./Drivers/STM32F4xx_HAL_Driver/Src/stm32f4xx_ll_usb.o
                0x0800b400                USB_ReadPacket
 .text.USB_EPSetStall
                0x0800b4b0       0xdc ./Drivers/STM32F4xx_HAL_Driver/Src/stm32f4xx_ll_usb.o
                0x0800b4b0                USB_EPSetStall
 .text.USB_EPClearStall
                0x0800b58c       0xcc ./Drivers/STM32F4xx_HAL_Driver/Src/stm32f4xx_ll_usb.o
                0x0800b58c                USB_EPClearStall
 .text.USB_SetDevAddress
                0x0800b658       0x4c ./Drivers/STM32F4xx_HAL_Driver/Src/stm32f4xx_ll_usb.o
                0x0800b658                USB_SetDevAddress
 .text.USB_DevConnect
                0x0800b6a4       0x42 ./Drivers/STM32F4xx_HAL_Driver/Src/stm32f4xx_ll_usb.o
                0x0800b6a4                USB_DevConnect
 .text.USB_DevDisconnect
                0x0800b6e6       0x42 ./Drivers/STM32F4xx_HAL_Driver/Src/stm32f4xx_ll_usb.o
                0x0800b6e6                USB_DevDisconnect
 .text.USB_ReadInterrupts
                0x0800b728       0x26 ./Drivers/STM32F4xx_HAL_Driver/Src/stm32f4xx_ll_usb.o
                0x0800b728                USB_ReadInterrupts
 .text.USB_ReadDevAllOutEpInterrupt
                0x0800b74e       0x34 ./Drivers/STM32F4xx_HAL_Driver/Src/stm32f4xx_ll_usb.o
                0x0800b74e                USB_ReadDevAllOutEpInterrupt
 .text.USB_ReadDevAllInEpInterrupt
                0x0800b782       0x34 ./Drivers/STM32F4xx_HAL_Driver/Src/stm32f4xx_ll_usb.o
                0x0800b782                USB_ReadDevAllInEpInterrupt
 .text.USB_ReadDevOutEPInterrupt
                0x0800b7b6       0x3c ./Drivers/STM32F4xx_HAL_Driver/Src/stm32f4xx_ll_usb.o
                0x0800b7b6                USB_ReadDevOutEPInterrupt
 .text.USB_ReadDevInEPInterrupt
                0x0800b7f2       0x5c ./Drivers/STM32F4xx_HAL_Driver/Src/stm32f4xx_ll_usb.o
                0x0800b7f2                USB_ReadDevInEPInterrupt
 .text.USB_GetMode
                0x0800b84e       0x1c ./Drivers/STM32F4xx_HAL_Driver/Src/stm32f4xx_ll_usb.o
                0x0800b84e                USB_GetMode
 .text.USB_ActivateSetup
                0x0800b86a       0x46 ./Drivers/STM32F4xx_HAL_Driver/Src/stm32f4xx_ll_usb.o
                0x0800b86a                USB_ActivateSetup
 .text.USB_EP0_OutStart
                0x0800b8b0       0xbc ./Drivers/STM32F4xx_HAL_Driver/Src/stm32f4xx_ll_usb.o
                0x0800b8b0                USB_EP0_OutStart
 .text.USB_CoreReset
                0x0800b96c       0x70 ./Drivers/STM32F4xx_HAL_Driver/Src/stm32f4xx_ll_usb.o
 .text.USB_ActivateRemoteWakeup
                0x0800b9dc       0x3e ./Drivers/STM32F4xx_HAL_Driver/Src/stm32f4xx_ll_usb.o
                0x0800b9dc                USB_ActivateRemoteWakeup
 .text.USB_DeActivateRemoteWakeup
                0x0800ba1a       0x2e ./Drivers/STM32F4xx_HAL_Driver/Src/stm32f4xx_ll_usb.o
                0x0800ba1a                USB_DeActivateRemoteWakeup
 .text.USBD_Init
                0x0800ba48       0x60 ./Middlewares/ST/STM32_USB_Device_Library/Core/Src/usbd_core.o
                0x0800ba48                USBD_Init
 .text.USBD_RegisterClass
                0x0800baa8       0x6c ./Middlewares/ST/STM32_USB_Device_Library/Core/Src/usbd_core.o
                0x0800baa8                USBD_RegisterClass
 .text.USBD_Start
                0x0800bb14       0x18 ./Middlewares/ST/STM32_USB_Device_Library/Core/Src/usbd_core.o
                0x0800bb14                USBD_Start
 .text.USBD_RunTestMode
                0x0800bb2c       0x16 ./Middlewares/ST/STM32_USB_Device_Library/Core/Src/usbd_core.o
                0x0800bb2c                USBD_RunTestMode
 .text.USBD_SetClassConfig
                0x0800bb42       0x38 ./Middlewares/ST/STM32_USB_Device_Library/Core/Src/usbd_core.o
                0x0800bb42                USBD_SetClassConfig
 .text.USBD_ClrClassConfig
                0x0800bb7a       0x34 ./Middlewares/ST/STM32_USB_Device_Library/Core/Src/usbd_core.o
                0x0800bb7a                USBD_ClrClassConfig
 .text.USBD_LL_SetupStage
                0x0800bbae       0xaa ./Middlewares/ST/STM32_USB_Device_Library/Core/Src/usbd_core.o
                0x0800bbae                USBD_LL_SetupStage
 .text.USBD_LL_DataOutStage
                0x0800bc58      0x178 ./Middlewares/ST/STM32_USB_Device_Library/Core/Src/usbd_core.o
                0x0800bc58                USBD_LL_DataOutStage
 .text.USBD_LL_DataInStage
                0x0800bdd0      0x176 ./Middlewares/ST/STM32_USB_Device_Library/Core/Src/usbd_core.o
                0x0800bdd0                USBD_LL_DataInStage
 .text.USBD_LL_Reset
                0x0800bf46       0xa6 ./Middlewares/ST/STM32_USB_Device_Library/Core/Src/usbd_core.o
                0x0800bf46                USBD_LL_Reset
 .text.USBD_LL_SetSpeed
                0x0800bfec       0x20 ./Middlewares/ST/STM32_USB_Device_Library/Core/Src/usbd_core.o
                0x0800bfec                USBD_LL_SetSpeed
 .text.USBD_LL_Suspend
                0x0800c00c       0x38 ./Middlewares/ST/STM32_USB_Device_Library/Core/Src/usbd_core.o
                0x0800c00c                USBD_LL_Suspend
 .text.USBD_LL_Resume
                0x0800c044       0x30 ./Middlewares/ST/STM32_USB_Device_Library/Core/Src/usbd_core.o
                0x0800c044                USBD_LL_Resume
 .text.USBD_LL_SOF
                0x0800c074       0x40 ./Middlewares/ST/STM32_USB_Device_Library/Core/Src/usbd_core.o
                0x0800c074                USBD_LL_SOF
 .text.USBD_LL_IsoINIncomplete
                0x0800c0b4       0x64 ./Middlewares/ST/STM32_USB_Device_Library/Core/Src/usbd_core.o
                0x0800c0b4                USBD_LL_IsoINIncomplete
 .text.USBD_LL_IsoOUTIncomplete
                0x0800c118       0x64 ./Middlewares/ST/STM32_USB_Device_Library/Core/Src/usbd_core.o
                0x0800c118                USBD_LL_IsoOUTIncomplete
 .text.USBD_LL_DevConnected
                0x0800c17c       0x16 ./Middlewares/ST/STM32_USB_Device_Library/Core/Src/usbd_core.o
                0x0800c17c                USBD_LL_DevConnected
 .text.USBD_LL_DevDisconnected
                0x0800c192       0x46 ./Middlewares/ST/STM32_USB_Device_Library/Core/Src/usbd_core.o
                0x0800c192                USBD_LL_DevDisconnected
 .text.USBD_CoreFindIF
                0x0800c1d8       0x1a ./Middlewares/ST/STM32_USB_Device_Library/Core/Src/usbd_core.o
                0x0800c1d8                USBD_CoreFindIF
 .text.USBD_CoreFindEP
                0x0800c1f2       0x1a ./Middlewares/ST/STM32_USB_Device_Library/Core/Src/usbd_core.o
                0x0800c1f2                USBD_CoreFindEP
 .text.SWAPBYTE
                0x0800c20c       0x3e ./Middlewares/ST/STM32_USB_Device_Library/Core/Src/usbd_ctlreq.o
 *fill*         0x0800c24a        0x2 
 .text.USBD_StdDevReq
                0x0800c24c       0xe4 ./Middlewares/ST/STM32_USB_Device_Library/Core/Src/usbd_ctlreq.o
                0x0800c24c                USBD_StdDevReq
 .text.USBD_StdItfReq
                0x0800c330       0xd8 ./Middlewares/ST/STM32_USB_Device_Library/Core/Src/usbd_ctlreq.o
                0x0800c330                USBD_StdItfReq
 .text.USBD_StdEPReq
                0x0800c408      0x33e ./Middlewares/ST/STM32_USB_Device_Library/Core/Src/usbd_ctlreq.o
                0x0800c408                USBD_StdEPReq
 *fill*         0x0800c746        0x2 
 .text.USBD_GetDescriptor
                0x0800c748      0x2d4 ./Middlewares/ST/STM32_USB_Device_Library/Core/Src/usbd_ctlreq.o
 .text.USBD_SetAddress
                0x0800ca1c       0x88 ./Middlewares/ST/STM32_USB_Device_Library/Core/Src/usbd_ctlreq.o
 .text.USBD_SetConfig
                0x0800caa4      0x154 ./Middlewares/ST/STM32_USB_Device_Library/Core/Src/usbd_ctlreq.o
 .text.USBD_GetConfig
                0x0800cbf8       0x6c ./Middlewares/ST/STM32_USB_Device_Library/Core/Src/usbd_ctlreq.o
 .text.USBD_GetStatus
                0x0800cc64       0x68 ./Middlewares/ST/STM32_USB_Device_Library/Core/Src/usbd_ctlreq.o
 .text.USBD_SetFeature
                0x0800cccc       0x52 ./Middlewares/ST/STM32_USB_Device_Library/Core/Src/usbd_ctlreq.o
 .text.USBD_ClrFeature
                0x0800cd1e       0x44 ./Middlewares/ST/STM32_USB_Device_Library/Core/Src/usbd_ctlreq.o
 .text.USBD_ParseSetupRequest
                0x0800cd62       0x74 ./Middlewares/ST/STM32_USB_Device_Library/Core/Src/usbd_ctlreq.o
                0x0800cd62                USBD_ParseSetupRequest
 .text.USBD_CtlError
                0x0800cdd6       0x22 ./Middlewares/ST/STM32_USB_Device_Library/Core/Src/usbd_ctlreq.o
                0x0800cdd6                USBD_CtlError
 .text.USBD_GetString
                0x0800cdf8       0xa4 ./Middlewares/ST/STM32_USB_Device_Library/Core/Src/usbd_ctlreq.o
                0x0800cdf8                USBD_GetString
 .text.USBD_GetLen
                0x0800ce9c       0x34 ./Middlewares/ST/STM32_USB_Device_Library/Core/Src/usbd_ctlreq.o
 .text.USBD_CtlSendData
                0x0800ced0       0x3c ./Middlewares/ST/STM32_USB_Device_Library/Core/Src/usbd_ioreq.o
                0x0800ced0                USBD_CtlSendData
 .text.USBD_CtlContinueSendData
                0x0800cf0c       0x22 ./Middlewares/ST/STM32_USB_Device_Library/Core/Src/usbd_ioreq.o
                0x0800cf0c                USBD_CtlContinueSendData
 .text.USBD_CtlPrepareRx
                0x0800cf2e       0x42 ./Middlewares/ST/STM32_USB_Device_Library/Core/Src/usbd_ioreq.o
                0x0800cf2e                USBD_CtlPrepareRx
 .text.USBD_CtlContinueRx
                0x0800cf70       0x22 ./Middlewares/ST/STM32_USB_Device_Library/Core/Src/usbd_ioreq.o
                0x0800cf70                USBD_CtlContinueRx
 .text.USBD_CtlSendStatus
                0x0800cf92       0x26 ./Middlewares/ST/STM32_USB_Device_Library/Core/Src/usbd_ioreq.o
                0x0800cf92                USBD_CtlSendStatus
 .text.USBD_CtlReceiveStatus
                0x0800cfb8       0x26 ./Middlewares/ST/STM32_USB_Device_Library/Core/Src/usbd_ioreq.o
                0x0800cfb8                USBD_CtlReceiveStatus
 *fill*         0x0800cfde        0x2 
 .text.MX_USB_DEVICE_Init
                0x0800cfe0       0x4c ./USB_DEVICE/App/usb_device.o
                0x0800cfe0                MX_USB_DEVICE_Init
 .text.USBD_FS_DeviceDescriptor
                0x0800d02c       0x24 ./USB_DEVICE/App/usbd_desc.o
 .text.USBD_FS_LangIDStrDescriptor
                0x0800d050       0x24 ./USB_DEVICE/App/usbd_desc.o
 .text.USBD_FS_ManufacturerStrDescriptor
                0x0800d074       0x28 ./USB_DEVICE/App/usbd_desc.o
 .text.USBD_FS_ProductStrDescriptor
                0x0800d09c       0x28 ./USB_DEVICE/App/usbd_desc.o
 .text.USBD_FS_SerialStrDescriptor
                0x0800d0c4       0x28 ./USB_DEVICE/App/usbd_desc.o
 .text.USBD_FS_ConfigStrDescriptor
                0x0800d0ec       0x28 ./USB_DEVICE/App/usbd_desc.o
 .text.USBD_FS_InterfaceStrDescriptor
                0x0800d114       0x28 ./USB_DEVICE/App/usbd_desc.o
 .text.USBD_HID_Init
                0x0800d13c       0x98 ./USB_DEVICE/App/usbd_hid_custom.o
 .text.USBD_HID_DeInit
                0x0800d1d4       0x4e ./USB_DEVICE/App/usbd_hid_custom.o
 *fill*         0x0800d222        0x2 
 .text.USBD_HID_Setup
                0x0800d224      0x298 ./USB_DEVICE/App/usbd_hid_custom.o
 .text.USBD_HID_EP0_RxReady
                0x0800d4bc       0x5e ./USB_DEVICE/App/usbd_hid_custom.o
 .text.USBD_HID_DataIn
                0x0800d51a       0x46 ./USB_DEVICE/App/usbd_hid_custom.o
 .text.USBD_HID_DataOut
                0x0800d560       0x54 ./USB_DEVICE/App/usbd_hid_custom.o
 .text.USBD_HID_GetCfgDesc
                0x0800d5b4       0x20 ./USB_DEVICE/App/usbd_hid_custom.o
 .text.USBD_HID_GetDeviceQualifierDesc
                0x0800d5d4       0x20 ./USB_DEVICE/App/usbd_hid_custom.o
 .text.USBD_HID_SendKeyboardReport
                0x0800d5f4       0x68 ./USB_DEVICE/App/usbd_hid_custom.o
                0x0800d5f4                USBD_HID_SendKeyboardReport
 .text.USBD_HID_SendSystemReport
                0x0800d65c       0x8c ./USB_DEVICE/App/usbd_hid_custom.o
                0x0800d65c                USBD_HID_SendSystemReport
 .text.USBD_HID_SendConsumerReport
                0x0800d6e8       0x9c ./USB_DEVICE/App/usbd_hid_custom.o
                0x0800d6e8                USBD_HID_SendConsumerReport
 .text.USBD_HID_SendRawReport
                0x0800d784       0x50 ./USB_DEVICE/App/usbd_hid_custom.o
                0x0800d784                USBD_HID_SendRawReport
 .text.USBD_HID_GetRawData
                0x0800d7d4       0x84 ./USB_DEVICE/App/usbd_hid_custom.o
                0x0800d7d4                USBD_HID_GetRawData
 .text.USBD_HID_KeyboardReady
                0x0800d858       0x40 ./USB_DEVICE/App/usbd_hid_custom.o
                0x0800d858                USBD_HID_KeyboardReady
 .text.USBD_HID_IsSuspended
                0x0800d898       0x2c ./USB_DEVICE/App/usbd_hid_custom.o
                0x0800d898                USBD_HID_IsSuspended
 .text.HAL_PCD_MspInit
                0x0800d8c4       0xa8 ./USB_DEVICE/Target/usbd_conf.o
                0x0800d8c4                HAL_PCD_MspInit
 .text.HAL_PCD_SetupStageCallback
                0x0800d96c       0x24 ./USB_DEVICE/Target/usbd_conf.o
                0x0800d96c                HAL_PCD_SetupStageCallback
 .text.HAL_PCD_DataOutStageCallback
                0x0800d990       0x36 ./USB_DEVICE/Target/usbd_conf.o
                0x0800d990                HAL_PCD_DataOutStageCallback
 .text.HAL_PCD_DataInStageCallback
                0x0800d9c6       0x34 ./USB_DEVICE/Target/usbd_conf.o
                0x0800d9c6                HAL_PCD_DataInStageCallback
 .text.HAL_PCD_SOFCallback
                0x0800d9fa       0x1c ./USB_DEVICE/Target/usbd_conf.o
                0x0800d9fa                HAL_PCD_SOFCallback
 .text.HAL_PCD_ResetCallback
                0x0800da16       0x3c ./USB_DEVICE/Target/usbd_conf.o
                0x0800da16                HAL_PCD_ResetCallback
 .text.HAL_PCD_SuspendCallback
                0x0800da52       0x4a ./USB_DEVICE/Target/usbd_conf.o
                0x0800da52                HAL_PCD_SuspendCallback
 .text.HAL_PCD_ResumeCallback
                0x0800da9c       0x32 ./USB_DEVICE/Target/usbd_conf.o
                0x0800da9c                HAL_PCD_ResumeCallback
 .text.HAL_PCD_ISOOUTIncompleteCallback
                0x0800dace       0x24 ./USB_DEVICE/Target/usbd_conf.o
                0x0800dace                HAL_PCD_ISOOUTIncompleteCallback
 .text.HAL_PCD_ISOINIncompleteCallback
                0x0800daf2       0x24 ./USB_DEVICE/Target/usbd_conf.o
                0x0800daf2                HAL_PCD_ISOINIncompleteCallback
 .text.HAL_PCD_ConnectCallback
                0x0800db16       0x1c ./USB_DEVICE/Target/usbd_conf.o
                0x0800db16                HAL_PCD_ConnectCallback
 .text.HAL_PCD_DisconnectCallback
                0x0800db32       0x1c ./USB_DEVICE/Target/usbd_conf.o
                0x0800db32                HAL_PCD_DisconnectCallback
 *fill*         0x0800db4e        0x2 
 .text.USBD_LL_Init
                0x0800db50       0xa4 ./USB_DEVICE/Target/usbd_conf.o
                0x0800db50                USBD_LL_Init
 .text.USBD_LL_Start
                0x0800dbf4       0x36 ./USB_DEVICE/Target/usbd_conf.o
                0x0800dbf4                USBD_LL_Start
 .text.USBD_LL_OpenEP
                0x0800dc2a       0x4c ./USB_DEVICE/Target/usbd_conf.o
                0x0800dc2a                USBD_LL_OpenEP
 .text.USBD_LL_CloseEP
                0x0800dc76       0x3e ./USB_DEVICE/Target/usbd_conf.o
                0x0800dc76                USBD_LL_CloseEP
 .text.USBD_LL_StallEP
                0x0800dcb4       0x3e ./USB_DEVICE/Target/usbd_conf.o
                0x0800dcb4                USBD_LL_StallEP
 .text.USBD_LL_ClearStallEP
                0x0800dcf2       0x3e ./USB_DEVICE/Target/usbd_conf.o
                0x0800dcf2                USBD_LL_ClearStallEP
 .text.USBD_LL_IsStallEP
                0x0800dd30       0x58 ./USB_DEVICE/Target/usbd_conf.o
                0x0800dd30                USBD_LL_IsStallEP
 .text.USBD_LL_SetUSBAddress
                0x0800dd88       0x3e ./USB_DEVICE/Target/usbd_conf.o
                0x0800dd88                USBD_LL_SetUSBAddress
 .text.USBD_LL_Transmit
                0x0800ddc6       0x42 ./USB_DEVICE/Target/usbd_conf.o
                0x0800ddc6                USBD_LL_Transmit
 .text.USBD_LL_PrepareReceive
                0x0800de08       0x42 ./USB_DEVICE/Target/usbd_conf.o
                0x0800de08                USBD_LL_PrepareReceive
 *fill*         0x0800de4a        0x2 
 .text.USBD_Get_USB_Status
                0x0800de4c       0x58 ./USB_DEVICE/Target/usbd_conf.o
                0x0800de4c                USBD_Get_USB_Status
 .text.memcmp   0x0800dea4       0x20 C:/ST/STM32CubeIDE_2.0.0/STM32CubeIDE/plugins/com.st.stm32cube.ide.mcu.externaltools.gnu-tools-for-stm32.13.3.rel1.win32_1.0.100.202509120712/tools/bin/../lib/gcc/arm-none-eabi/13.3.1/../../../../arm-none-eabi/lib/thumb/v7e-m+fp/hard\libc_nano.a(libc_a-memcmp.o)
                0x0800dea4                memcmp
 .text.memset   0x0800dec4       0x10 C:/ST/STM32CubeIDE_2.0.0/STM32CubeIDE/plugins/com.st.stm32cube.ide.mcu.externaltools.gnu-tools-for-stm32.13.3.rel1.win32_1.0.100.202509120712/tools/bin/../lib/gcc/arm-none-eabi/13.3.1/../../../../arm-none-eabi/lib/thumb/v7e-m+fp/hard\libc_nano.a(libc_a-memset.o)
                0x0800dec4                memset
 .text.__libc_init_array
                0x0800ded4       0x48 C:/ST/STM32CubeIDE_2.0.0/STM32CubeIDE/plugins/com.st.stm32cube.ide.mcu.externaltools.gnu-tools-for-stm32.13.3.rel1.win32_1.0.100.202509120712/tools/bin/../lib/gcc/arm-none-eabi/13.3.1/../../../../arm-none-eabi/lib/thumb/v7e-m+fp/hard\libc_nano.a(libc_a-init.o)
                0x0800ded4                __libc_init_array
 .text.memcpy   0x0800df1c       0x1c C:/ST/STM32CubeIDE_2.0.0/STM32CubeIDE/plugins/com.st.stm32cube.ide.mcu.externaltools.gnu-tools-for-stm32.13.3.rel1.win32_1.0.100.202509120712/tools/bin/../lib/gcc/arm-none-eabi/13.3.1/../../../../arm-none-eabi/lib/thumb/v7e-m+fp/hard\libc_nano.a(libc_a-memcpy-stub.o)
                0x0800df1c                memcpy
 *(.glue_7)
 .glue_7        0x0800df38        0x0 linker stubs
 *(.glue_7t)
 .glue_7t       0x0800df38        0x0 linker stubs
 *(.eh_frame)
 .eh_frame      0x0800df38        0x0 C:/ST/STM32CubeIDE_2.0.0/STM32CubeIDE/plugins/com.st.stm32cube.ide.mcu.externaltools.gnu-tools-for-stm32.13.3.rel1.win32_1.0.100.202509120712/tools/bin/../lib/gcc/arm-none-eabi/13.3.1/thumb/v7e-m+fp/hard/crtbegin.o
 *(.init)
 .init          0x0800df38        0x4 C:/ST/STM32CubeIDE_2.0.0/STM32CubeIDE/plugins/com.st.stm32cube.ide.mcu.externaltools.gnu-tools-for-stm32.13.3.rel1.win32_1.0.100.202509120712/tools/bin/../lib/gcc/arm-none-eabi/13.3.1/thumb/v7e-m+fp/hard/crti.o
                0x0800df38                _init
 .init          0x0800df3c        0x8 C:/ST/STM32CubeIDE_2.0.0/STM32CubeIDE/plugins/com.st.stm32cube.ide.mcu.externaltools.gnu-tools-for-stm32.13.3.rel1.win32_1.0.100.202509120712/tools/bin/../lib/gcc/arm-none-eabi/13.3.1/thumb/v7e-m+fp/hard/crtn.o
 *(.fini)
 .fini          0x0800df44        0x4 C:/ST/STM32CubeIDE_2.0.0/STM32CubeIDE/plugins/com.st.stm32cube.ide.mcu.externaltools.gnu-tools-for-stm32.13.3.rel1.win32_1.0.100.202509120712/tools/bin/../lib/gcc/arm-none-eabi/13.3.1/thumb/v7e-m+fp/hard/crti.o
                0x0800df44                _fini
 .fini          0x0800df48        0x8 C:/ST/STM32CubeIDE_2.0.0/STM32CubeIDE/plugins/com.st.stm32cube.ide.mcu.externaltools.gnu-tools-for-stm32.13.3.rel1.win32_1.0.100.202509120712/tools/bin/../lib/gcc/arm-none-eabi/13.3.1/thumb/v7e-m+fp/hard/crtn.o
                0x0800df50                        . = ALIGN (0x4)
                0x0800df50                        _etext = .

.vfp11_veneer   0x0800df50        0x0
 .vfp11_veneer  0x0800df50        0x0 linker stubs

.v4_bx          0x0800df50        0x0
 .v4_bx         0x0800df50        0x0 linker stubs

.iplt           0x0800df50        0x0
 .iplt          0x0800df50        0x0 C:/ST/STM32CubeIDE_2.0.0/STM32CubeIDE/plugins/com.st.stm32cube.ide.mcu.externaltools.gnu-tools-for-stm32.13.3.rel1.win32_1.0.100.202509120712/tools/bin/../lib/gcc/arm-none-eabi/13.3.1/thumb/v7e-m+fp/hard/crtbegin.o

.rodata         0x0800df50      0x1e8
                0x0800df50                        . = ALIGN (0x4)
 *(.rodata)
 .rodata        0x0800df50       0x56 ./USB_DEVICE/App/usbd_desc.o
 *(.rodata*)
 *fill*         0x0800dfa6        0x2 
 .rodata.KEYMAP_LEFT_LAYER0
                0x0800dfa8       0x20 ./Core/Src/flash_keymap.o
 .rodata.KEYMAP_LEFT_LAYER1
                0x0800dfc8       0x20 ./Core/Src/flash_keymap.o
 .rodata.KEYMAP_RIGHT_LAYER0
                0x0800dfe8       0x20 ./Core/Src/flash_keymap.o
 .rodata.KEYMAP_RIGHT_LAYER1
                0x0800e008       0x20 ./Core/Src/flash_keymap.o
 .rodata.s_row_pins
                0x0800e028        0x8 ./Core/Src/matrix_driver.o
 .rodata.s_col_pins
                0x0800e030        0x8 ./Core/Src/matrix_driver.o
 .rodata.AHBPrescTable
                0x0800e038       0x10 ./Core/Src/system_stm32f4xx.o
                0x0800e038                AHBPrescTable
 .rodata.APBPrescTable
                0x0800e048        0x8 ./Core/Src/system_stm32f4xx.o
                0x0800e048                APBPrescTable
 .rodata.flagBitshiftOffset.0
                0x0800e050        0x8 ./Drivers/STM32F4xx_HAL_Driver/Src/stm32f4xx_hal_dma.o
 .rodata.HID_KB_ReportDesc
                0x0800e058       0x78 ./USB_DEVICE/App/usbd_hid_custom.o
 .rodata.HID_Raw_ReportDesc
                0x0800e0d0       0x22 ./USB_DEVICE/App/usbd_hid_custom.o
 *fill*         0x0800e0f2        0x2 
 .rodata.USBD_HID_CfgDesc
                0x0800e0f4       0x42 ./USB_DEVICE/App/usbd_hid_custom.o
                0x0800e138                        . = ALIGN (0x4)
 *fill*         0x0800e136        0x2 

.ARM.extab      0x0800e138        0x0
                0x0800e138                        . = ALIGN (0x4)
 *(.ARM.extab* .gnu.linkonce.armextab.*)
                0x0800e138                        . = ALIGN (0x4)

.ARM            0x0800e138        0x8
                0x0800e138                        . = ALIGN (0x4)
                0x0800e138                        __exidx_start = .
 *(.ARM.exidx*)
 .ARM.exidx     0x0800e138        0x8 C:/ST/STM32CubeIDE_2.0.0/STM32CubeIDE/plugins/com.st.stm32cube.ide.mcu.externaltools.gnu-tools-for-stm32.13.3.rel1.win32_1.0.100.202509120712/tools/bin/../lib/gcc/arm-none-eabi/13.3.1/thumb/v7e-m+fp/hard\libgcc.a(_udivmoddi4.o)
                0x0800e140                        __exidx_end = .
                0x0800e140                        . = ALIGN (0x4)

.preinit_array  0x0800e140        0x0
                0x0800e140                        . = ALIGN (0x4)
                0x0800e140                        PROVIDE (__preinit_array_start = .)
 *(.preinit_array*)
                0x0800e140                        PROVIDE (__preinit_array_end = .)
                0x0800e140                        . = ALIGN (0x4)

.init_array     0x0800e140        0x4
                0x0800e140                        . = ALIGN (0x4)
                0x0800e140                        PROVIDE (__init_array_start = .)
 *(SORT_BY_NAME(.init_array.*))
 *(.init_array*)
 .init_array    0x0800e140        0x4 C:/ST/STM32CubeIDE_2.0.0/STM32CubeIDE/plugins/com.st.stm32cube.ide.mcu.externaltools.gnu-tools-for-stm32.13.3.rel1.win32_1.0.100.202509120712/tools/bin/../lib/gcc/arm-none-eabi/13.3.1/thumb/v7e-m+fp/hard/crtbegin.o
                0x0800e144                        PROVIDE (__init_array_end = .)
                0x0800e144                        . = ALIGN (0x4)

.fini_array     0x0800e144        0x4
                0x0800e144                        . = ALIGN (0x4)
                [!provide]                        PROVIDE (__fini_array_start = .)
 *(SORT_BY_NAME(.fini_array.*))
 *(.fini_array*)
 .fini_array    0x0800e144        0x4 C:/ST/STM32CubeIDE_2.0.0/STM32CubeIDE/plugins/com.st.stm32cube.ide.mcu.externaltools.gnu-tools-for-stm32.13.3.rel1.win32_1.0.100.202509120712/tools/bin/../lib/gcc/arm-none-eabi/13.3.1/thumb/v7e-m+fp/hard/crtbegin.o
                [!provide]                        PROVIDE (__fini_array_end = .)
                0x0800e148                        . = ALIGN (0x4)
                0x0800e148                        _sidata = LOADADDR (.data)

.rel.dyn        0x0800e148        0x0
 .rel.iplt      0x0800e148        0x0 C:/ST/STM32CubeIDE_2.0.0/STM32CubeIDE/plugins/com.st.stm32cube.ide.mcu.externaltools.gnu-tools-for-stm32.13.3.rel1.win32_1.0.100.202509120712/tools/bin/../lib/gcc/arm-none-eabi/13.3.1/thumb/v7e-m+fp/hard/crtbegin.o

.data           0x20000000       0xa8 load address 0x0800e148
                0x20000000                        . = ALIGN (0x4)
                0x20000000                        _sdata = .
 *(.data)
 *(.data*)
 .data.g_keyboard_role
                0x20000000        0x1 ./Core/Src/main.o
                0x20000000                g_keyboard_role
 *fill*         0x20000001        0x3 
 .data.SystemCoreClock
                0x20000004        0x4 ./Core/Src/system_stm32f4xx.o
                0x20000004                SystemCoreClock
 .data.uwTickPrio
                0x20000008        0x4 ./Drivers/STM32F4xx_HAL_Driver/Src/stm32f4xx_hal.o
                0x20000008                uwTickPrio
 .data.uwTickFreq
                0x2000000c        0x1 ./Drivers/STM32F4xx_HAL_Driver/Src/stm32f4xx_hal.o
                0x2000000c                uwTickFreq
 *fill*         0x2000000d        0x3 
 .data.pFlash   0x20000010       0x20 ./Drivers/STM32F4xx_HAL_Driver/Src/stm32f4xx_hal_flash.o
                0x20000010                pFlash
 .data.Dactyl_Desc
                0x20000030       0x1c ./USB_DEVICE/App/usbd_desc.o
                0x20000030                Dactyl_Desc
 .data.USBD_FS_DeviceDesc
                0x2000004c       0x12 ./USB_DEVICE/App/usbd_desc.o
 *fill*         0x2000005e        0x2 
 .data.USBD_LangIDDesc
                0x20000060        0x4 ./USB_DEVICE/App/usbd_desc.o
 .data.USBD_HID_Custom
                0x20000064       0x38 ./USB_DEVICE/App/usbd_hid_custom.o
                0x20000064                USBD_HID_Custom
 .data.USBD_HID_DeviceQualifierDesc
                0x2000009c        0xa ./USB_DEVICE/App/usbd_hid_custom.o
 *(.RamFunc)
 *(.RamFunc*)
                0x200000a8                        . = ALIGN (0x4)
 *fill*         0x200000a6        0x2 
                0x200000a8                        _edata = .

.igot.plt       0x200000a8        0x0 load address 0x0800e1f0
 .igot.plt      0x200000a8        0x0 C:/ST/STM32CubeIDE_2.0.0/STM32CubeIDE/plugins/com.st.stm32cube.ide.mcu.externaltools.gnu-tools-for-stm32.13.3.rel1.win32_1.0.100.202509120712/tools/bin/../lib/gcc/arm-none-eabi/13.3.1/thumb/v7e-m+fp/hard/crtbegin.o
                0x200000a8                        . = ALIGN (0x4)

.bss            0x200000a8     0x3554 load address 0x0800e1f0
                0x200000a8                        _sbss = .
                0x200000a8                        __bss_start__ = _sbss
 *(.bss)
 .bss           0x200000a8       0x1c C:/ST/STM32CubeIDE_2.0.0/STM32CubeIDE/plugins/com.st.stm32cube.ide.mcu.externaltools.gnu-tools-for-stm32.13.3.rel1.win32_1.0.100.202509120712/tools/bin/../lib/gcc/arm-none-eabi/13.3.1/thumb/v7e-m+fp/hard/crtbegin.o
 *(.bss*)
 .bss.s_cfg     0x200000c4        0xc ./Core/Src/auto_shift.o
 .bss.s_slots   0x200000d0       0x48 ./Core/Src/auto_shift.o
 .bss.s_callback
                0x20000118        0x4 ./Core/Src/auto_shift.o
 .bss.s_staging
                0x2000011c       0x82 ./Core/Src/flash_keymap.o
 *fill*         0x2000019e        0x2 
 .bss.s_flash_copy_left
                0x200001a0       0x40 ./Core/Src/flash_keymap.o
 .bss.s_flash_copy_right
                0x200001e0       0x40 ./Core/Src/flash_keymap.o
 .bss.s_active_left
                0x20000220        0x8 ./Core/Src/flash_keymap.o
 .bss.s_active_right
                0x20000228        0x8 ./Core/Src/flash_keymap.o
 .bss.s_last_kb
                0x20000230        0x9 ./Core/Src/hid_reporter.o
 *fill*         0x20000239        0x3 
 .bss.s_curr_kb
                0x2000023c        0x9 ./Core/Src/hid_reporter.o
 *fill*         0x20000245        0x3 
 .bss.s_last_sys
                0x20000248        0x2 ./Core/Src/hid_reporter.o
 *fill*         0x2000024a        0x2 
 .bss.s_curr_sys
                0x2000024c        0x2 ./Core/Src/hid_reporter.o
 *fill*         0x2000024e        0x2 
 .bss.s_last_cons
                0x20000250        0x3 ./Core/Src/hid_reporter.o
 *fill*         0x20000253        0x1 
 .bss.s_curr_cons
                0x20000254        0x3 ./Core/Src/hid_reporter.o
 *fill*         0x20000257        0x1 
 .bss.hiwdg     0x20000258        0xc ./Core/Src/iwdg.o
                0x20000258                hiwdg
 .bss.s_state   0x20000264       0x14 ./Core/Src/key_processor.o
 .bss.s_keymap_left
                0x20000278       0x40 ./Core/Src/key_processor.o
 .bss.s_keymap_right
                0x200002b8       0x40 ./Core/Src/key_processor.o
 .bss.s_active_local
                0x200002f8       0x20 ./Core/Src/key_processor.o
 .bss.s_active_remote
                0x20000318       0x20 ./Core/Src/key_processor.o
 .bss.s_overflow_count
                0x20000338        0x1 ./Core/Src/key_processor.o
 .bss.s_system_key_bitmap
                0x20000339        0x1 ./Core/Src/key_processor.o
 .bss.s_system_key_changed
                0x2000033a        0x1 ./Core/Src/key_processor.o
 *fill*         0x2000033b        0x1 
 .bss.s_overflow_pool
                0x2000033c        0x8 ./Core/Src/key_processor.o
 .bss.s_overflow_pool_count
                0x20000344        0x1 ./Core/Src/key_processor.o
 .bss.s_num_active_layers
                0x20000345        0x1 ./Core/Src/key_processor.o
 *fill*         0x20000346        0x2 
 .bss.s_th_resolved_kc
                0x20000348       0x20 ./Core/Src/key_processor.o
 .bss.s_tt      0x20000368       0x40 ./Core/Src/key_processor.o
 .bss.s_led     0x200003a8       0x10 ./Core/Src/led_manager.o
 .bss.s_macros  0x200003b8     0x2020 ./Core/Src/macro_engine.o
 .bss.s_exec    0x200023d8       0x10 ./Core/Src/macro_engine.o
 .bss.s_wakeup_sent.0
                0x200023e8        0x1 ./Core/Src/main.o
 *fill*         0x200023e9        0x3 
 .bss.s_matrix_state
                0x200023ec       0x50 ./Core/Src/matrix_driver.o
 .bss.s_event_queue
                0x2000243c      0x104 ./Core/Src/matrix_driver.o
 .bss.s_media_state
                0x20002540        0xa ./Core/Src/media_keys.o
 *fill*         0x2000254a        0x2 
 .bss.s_resp_buf.0
                0x2000254c       0x20 ./Core/Src/raw_hid.o
 .bss.s_comm    0x2000256c      0x3bc ./Core/Src/split_comm.o
 .bss.s_remote_events
                0x20002928       0x80 ./Core/Src/split_comm.o
 .bss.s_remote_head
                0x200029a8        0x1 ./Core/Src/split_comm.o
 .bss.s_remote_tail
                0x200029a9        0x1 ./Core/Src/split_comm.o
 .bss.s_remote_count
                0x200029aa        0x1 ./Core/Src/split_comm.o
 *fill*         0x200029ab        0x1 
 .bss.s_prev_remote_state.0
                0x200029ac        0x4 ./Core/Src/split_comm.o
 .bss.htim5     0x200029b0       0x48 ./Core/Src/stm32f4xx_hal_timebase_tim.o
                0x200029b0                htim5
 .bss.s_table   0x200029f8       0x80 ./Core/Src/tap_hold.o
 .bss.s_pending
                0x20002a78        0x8 ./Core/Src/tap_hold.o
 .bss.s_callback
                0x20002a80        0x4 ./Core/Src/tap_hold.o
 .bss.htim2     0x20002a84       0x48 ./Core/Src/tim.o
                0x20002a84                htim2
 .bss.huart1    0x20002acc       0x48 ./Core/Src/usart.o
                0x20002acc                huart1
 .bss.hdma_usart1_rx
                0x20002b14       0x60 ./Core/Src/usart.o
                0x20002b14                hdma_usart1_rx
 .bss.hdma_usart1_tx
                0x20002b74       0x60 ./Core/Src/usart.o
                0x20002b74                hdma_usart1_tx
 .bss.uwTick    0x20002bd4        0x4 ./Drivers/STM32F4xx_HAL_Driver/Src/stm32f4xx_hal.o
                0x20002bd4                uwTick
 .bss.cfgidx.0  0x20002bd8        0x1 ./Middlewares/ST/STM32_USB_Device_Library/Core/Src/usbd_ctlreq.o
 *fill*         0x20002bd9        0x3 
 .bss.hUsbDeviceFS
                0x20002bdc      0x2dc ./USB_DEVICE/App/usb_device.o
                0x20002bdc                hUsbDeviceFS
 .bss.USBD_StrDesc
                0x20002eb8      0x200 ./USB_DEVICE/App/usbd_desc.o
 .bss.s_hid_handle
                0x200030b8        0x9 ./USB_DEVICE/App/usbd_hid_custom.o
 *fill*         0x200030c1        0x3 
 .bss.s_raw_rx_buf
                0x200030c4       0x20 ./USB_DEVICE/App/usbd_hid_custom.o
 .bss.s_raw_data_buf
                0x200030e4       0x20 ./USB_DEVICE/App/usbd_hid_custom.o
 .bss.s_raw_data_available
                0x20003104        0x1 ./USB_DEVICE/App/usbd_hid_custom.o
 .bss.sys_active.3
                0x20003105        0x1 ./USB_DEVICE/App/usbd_hid_custom.o
 *fill*         0x20003106        0x2 
 .bss.sys_buf.2
                0x20003108        0x4 ./USB_DEVICE/App/usbd_hid_custom.o
 .bss.s_cons_idx.1
                0x2000310c        0x1 ./USB_DEVICE/App/usbd_hid_custom.o
 *fill*         0x2000310d        0x3 
 .bss.s_cons_buf.0
                0x20003110        0x6 ./USB_DEVICE/App/usbd_hid_custom.o
 *fill*         0x20003116        0x2 
 .bss.hpcd_USB_OTG_FS
                0x20003118      0x4e4 ./USB_DEVICE/Target/usbd_conf.o
                0x20003118                hpcd_USB_OTG_FS
 *(COMMON)
                0x200035fc                        . = ALIGN (0x4)
                0x200035fc                        _ebss = .
                0x200035fc                        __bss_end__ = _ebss

._user_heap_stack
                0x200035fc      0x604 load address 0x0800e1f0
                0x20003600                        . = ALIGN (0x8)
 *fill*         0x200035fc        0x4 
                [!provide]                        PROVIDE (end = .)
                0x20003600                        PROVIDE (_end = .)
                0x20003800                        . = (. + _Min_Heap_Size)
 *fill*         0x20003600      0x200 
                0x20003c00                        . = (. + _Min_Stack_Size)
 *fill*         0x20003800      0x400 
                0x20003c00                        . = ALIGN (0x8)

/DISCARD/
 libc.a(*)
 libm.a(*)
 libgcc.a(*)

.ARM.attributes
                0x00000000       0x30
 *(.ARM.attributes)
 .ARM.attributes
                0x00000000       0x22 C:/ST/STM32CubeIDE_2.0.0/STM32CubeIDE/plugins/com.st.stm32cube.ide.mcu.externaltools.gnu-tools-for-stm32.13.3.rel1.win32_1.0.100.202509120712/tools/bin/../lib/gcc/arm-none-eabi/13.3.1/thumb/v7e-m+fp/hard/crti.o
 .ARM.attributes
                0x00000022       0x34 C:/ST/STM32CubeIDE_2.0.0/STM32CubeIDE/plugins/com.st.stm32cube.ide.mcu.externaltools.gnu-tools-for-stm32.13.3.rel1.win32_1.0.100.202509120712/tools/bin/../lib/gcc/arm-none-eabi/13.3.1/thumb/v7e-m+fp/hard/crtbegin.o
 .ARM.attributes
                0x00000056       0x34 ./Core/Src/auto_shift.o
 .ARM.attributes
                0x0000008a       0x34 ./Core/Src/crc16.o
 .ARM.attributes
                0x000000be       0x34 ./Core/Src/dma.o
 .ARM.attributes
                0x000000f2       0x34 ./Core/Src/flash_keymap.o
 .ARM.attributes
                0x00000126       0x34 ./Core/Src/gpio.o
 .ARM.attributes
                0x0000015a       0x34 ./Core/Src/hid_reporter.o
 .ARM.attributes
                0x0000018e       0x34 ./Core/Src/iwdg.o
 .ARM.attributes
                0x000001c2       0x34 ./Core/Src/key_processor.o
 .ARM.attributes
                0x000001f6       0x34 ./Core/Src/led_manager.o
 .ARM.attributes
                0x0000022a       0x34 ./Core/Src/macro_engine.o
 .ARM.attributes
                0x0000025e       0x34 ./Core/Src/main.o
 .ARM.attributes
                0x00000292       0x34 ./Core/Src/matrix_driver.o
 .ARM.attributes
                0x000002c6       0x34 ./Core/Src/media_keys.o
 .ARM.attributes
                0x000002fa       0x34 ./Core/Src/raw_hid.o
 .ARM.attributes
                0x0000032e       0x34 ./Core/Src/split_comm.o
 .ARM.attributes
                0x00000362       0x34 ./Core/Src/stm32f4xx_hal_msp.o
 .ARM.attributes
                0x00000396       0x34 ./Core/Src/stm32f4xx_hal_timebase_tim.o
 .ARM.attributes
                0x000003ca       0x34 ./Core/Src/stm32f4xx_it.o
 .ARM.attributes
                0x000003fe       0x34 ./Core/Src/system_stm32f4xx.o
 .ARM.attributes
                0x00000432       0x34 ./Core/Src/tap_hold.o
 .ARM.attributes
                0x00000466       0x34 ./Core/Src/tim.o
 .ARM.attributes
                0x0000049a       0x34 ./Core/Src/usart.o
 .ARM.attributes
                0x000004ce       0x21 ./Core/Startup/startup_stm32f401rctx.o
 .ARM.attributes
                0x000004ef       0x34 ./Drivers/STM32F4xx_HAL_Driver/Src/stm32f4xx_hal.o
 .ARM.attributes
                0x00000523       0x34 ./Drivers/STM32F4xx_HAL_Driver/Src/stm32f4xx_hal_cortex.o
 .ARM.attributes
                0x00000557       0x34 ./Drivers/STM32F4xx_HAL_Driver/Src/stm32f4xx_hal_dma.o
 .ARM.attributes
                0x0000058b       0x34 ./Drivers/STM32F4xx_HAL_Driver/Src/stm32f4xx_hal_flash.o
 .ARM.attributes
                0x000005bf       0x34 ./Drivers/STM32F4xx_HAL_Driver/Src/stm32f4xx_hal_flash_ex.o
 .ARM.attributes
                0x000005f3       0x34 ./Drivers/STM32F4xx_HAL_Driver/Src/stm32f4xx_hal_gpio.o
 .ARM.attributes
                0x00000627       0x34 ./Drivers/STM32F4xx_HAL_Driver/Src/stm32f4xx_hal_iwdg.o
 .ARM.attributes
                0x0000065b       0x34 ./Drivers/STM32F4xx_HAL_Driver/Src/stm32f4xx_hal_pcd.o
 .ARM.attributes
                0x0000068f       0x34 ./Drivers/STM32F4xx_HAL_Driver/Src/stm32f4xx_hal_pcd_ex.o
 .ARM.attributes
                0x000006c3       0x34 ./Drivers/STM32F4xx_HAL_Driver/Src/stm32f4xx_hal_rcc.o
 .ARM.attributes
                0x000006f7       0x34 ./Drivers/STM32F4xx_HAL_Driver/Src/stm32f4xx_hal_tim.o
 .ARM.attributes
                0x0000072b       0x34 ./Drivers/STM32F4xx_HAL_Driver/Src/stm32f4xx_hal_tim_ex.o
 .ARM.attributes
                0x0000075f       0x34 ./Drivers/STM32F4xx_HAL_Driver/Src/stm32f4xx_hal_uart.o
 .ARM.attributes
                0x00000793       0x34 ./Drivers/STM32F4xx_HAL_Driver/Src/stm32f4xx_ll_usb.o
 .ARM.attributes
                0x000007c7       0x34 ./Middlewares/ST/STM32_USB_Device_Library/Core/Src/usbd_core.o
 .ARM.attributes
                0x000007fb       0x34 ./Middlewares/ST/STM32_USB_Device_Library/Core/Src/usbd_ctlreq.o
 .ARM.attributes
                0x0000082f       0x34 ./Middlewares/ST/STM32_USB_Device_Library/Core/Src/usbd_ioreq.o
 .ARM.attributes
                0x00000863       0x34 ./USB_DEVICE/App/usb_device.o
 .ARM.attributes
                0x00000897       0x34 ./USB_DEVICE/App/usbd_desc.o
 .ARM.attributes
                0x000008cb       0x34 ./USB_DEVICE/App/usbd_hid_custom.o
 .ARM.attributes
                0x000008ff       0x34 ./USB_DEVICE/Target/usbd_conf.o
 .ARM.attributes
                0x00000933       0x34 C:/ST/STM32CubeIDE_2.0.0/STM32CubeIDE/plugins/com.st.stm32cube.ide.mcu.externaltools.gnu-tools-for-stm32.13.3.rel1.win32_1.0.100.202509120712/tools/bin/../lib/gcc/arm-none-eabi/13.3.1/../../../../arm-none-eabi/lib/thumb/v7e-m+fp/hard\libc_nano.a(libc_a-memcmp.o)
 .ARM.attributes
                0x00000967       0x34 C:/ST/STM32CubeIDE_2.0.0/STM32CubeIDE/plugins/com.st.stm32cube.ide.mcu.externaltools.gnu-tools-for-stm32.13.3.rel1.win32_1.0.100.202509120712/tools/bin/../lib/gcc/arm-none-eabi/13.3.1/../../../../arm-none-eabi/lib/thumb/v7e-m+fp/hard\libc_nano.a(libc_a-memset.o)
 .ARM.attributes
                0x0000099b       0x34 C:/ST/STM32CubeIDE_2.0.0/STM32CubeIDE/plugins/com.st.stm32cube.ide.mcu.externaltools.gnu-tools-for-stm32.13.3.rel1.win32_1.0.100.202509120712/tools/bin/../lib/gcc/arm-none-eabi/13.3.1/../../../../arm-none-eabi/lib/thumb/v7e-m+fp/hard\libc_nano.a(libc_a-init.o)
 .ARM.attributes
                0x000009cf       0x34 C:/ST/STM32CubeIDE_2.0.0/STM32CubeIDE/plugins/com.st.stm32cube.ide.mcu.externaltools.gnu-tools-for-stm32.13.3.rel1.win32_1.0.100.202509120712/tools/bin/../lib/gcc/arm-none-eabi/13.3.1/../../../../arm-none-eabi/lib/thumb/v7e-m+fp/hard\libc_nano.a(libc_a-memcpy-stub.o)
 .ARM.attributes
                0x00000a03       0x22 C:/ST/STM32CubeIDE_2.0.0/STM32CubeIDE/plugins/com.st.stm32cube.ide.mcu.externaltools.gnu-tools-for-stm32.13.3.rel1.win32_1.0.100.202509120712/tools/bin/../lib/gcc/arm-none-eabi/13.3.1/thumb/v7e-m+fp/hard\libgcc.a(_aeabi_uldivmod.o)
 .ARM.attributes
                0x00000a25       0x34 C:/ST/STM32CubeIDE_2.0.0/STM32CubeIDE/plugins/com.st.stm32cube.ide.mcu.externaltools.gnu-tools-for-stm32.13.3.rel1.win32_1.0.100.202509120712/tools/bin/../lib/gcc/arm-none-eabi/13.3.1/thumb/v7e-m+fp/hard\libgcc.a(_udivmoddi4.o)
 .ARM.attributes