Archive member included to satisfy reference by file (symbol)

C:/ST/STM32CubeIDE_2.0.0/STM32CubeIDE/plugins/com.st.stm32cube.ide.mcu.externaltools.gnu-tools-for-stm32.13.3.rel1.win32_1.0.100.202509120712/tools/bin/../lib/gcc/arm-none-eabi/13.3.1/../../../../arm-none-eabi/lib/thumb/v7e-m+fp/hard\libc_nano.a(libc_a-exit.o)
                              C:/ST/STM32CubeIDE_2.0.0/STM32CubeIDE/plugins/com.st.stm32cube.ide.mcu.externaltools.gnu-tools-for-stm32.13.3.rel1.win32_1.0.100.202509120712/tools/bin/../lib/gcc/arm-none-eabi/13.3.1/../../../../arm-none-eabi/lib/thumb/v7e-m+fp/hard/crt0.o (exit)
C:/ST/STM32CubeIDE_2.0.0/STM32CubeIDE/plugins/com.st.stm32cube.ide.mcu.externaltools.gnu-tools-for-stm32.13.3.rel1.win32_1.0.100.202509120712/tools/bin/../lib/gcc/arm-none-eabi/13.3.1/../../../../arm-none-eabi/lib/thumb/v7e-m+fp/hard\libc_nano.a(libc_a-findfp.o)
                              C:/ST/STM32CubeIDE_2.0.0/STM32CubeIDE/plugins/com.st.stm32cube.ide.mcu.externaltools.gnu-tools-for-stm32.13.3.rel1.win32_1.0.100.202509120712/tools/bin/../lib/gcc/arm-none-eabi/13.3.1/../../../../arm-none-eabi/lib/thumb/v7e-m+fp/hard\libc_nano.a(libc_a-exit.o) (__stdio_exit_handler)
C:/ST/STM32CubeIDE_2.0.0/STM32CubeIDE/plugins/com.st.stm32cube.ide.mcu.externaltools.gnu-tools-for-stm32.13.3.rel1.win32_1.0.100.202509120712/tools/bin/../lib/gcc/arm-none-eabi/13.3.1/../../../../arm-none-eabi/lib/thumb/v7e-m+fp/hard\libc_nano.a(libc_a-fwalk.o)
                              C:/ST/STM32CubeIDE_2.0.0/STM32CubeIDE/plugins/com.st.stm32cube.ide.mcu.externaltools.gnu-tools-for-stm32.13.3.rel1.win32_1.0.100.202509120712/tools/bin/../lib/gcc/arm-none-eabi/13.3.1/../../../../arm-none-eabi/lib/thumb/v7e-m+fp/hard\libc_nano.a(libc_a-findfp.o) (_fwalk_sglue)
C:/ST/STM32CubeIDE_2.0.0/STM32CubeIDE/plugins/com.st.stm32cube.ide.mcu.externaltools.gnu-tools-for-stm32.13.3.rel1.win32_1.0.100.202509120712/tools/bin/../lib/gcc/arm-none-eabi/13.3.1/../../../../arm-none-eabi/lib/thumb/v7e-m+fp/hard\libc_nano.a(libc_a-stdio.o)
                              C:/ST/STM32CubeIDE_2.0.0/STM32CubeIDE/plugins/com.st.stm32cube.ide.mcu.externaltools.gnu-tools-for-stm32.13.3.rel1.win32_1.0.100.202509120712/tools/bin/../lib/gcc/arm-none-eabi/13.3.1/../../../../arm-none-eabi/lib/thumb/v7e-m+fp/hard\libc_nano.a(libc_a-findfp.o) (__sread)
C:/ST/STM32CubeIDE_2.0.0/STM32CubeIDE/plugins/com.st.stm32cube.ide.mcu.externaltools.gnu-tools-for-stm32.13.3.rel1.win32_1.0.100.202509120712/tools/bin/../lib/gcc/arm-none-eabi/13.3.1/../../../../arm-none-eabi/lib/thumb/v7e-m+fp/hard\libc_nano.a(libc_a-memcmp.o)
                              ./Core/Src/hid_reporter.o (memcmp)
C:/ST/STM32CubeIDE_2.0.0/STM32CubeIDE/plugins/com.st.stm32cube.ide.mcu.externaltools.gnu-tools-for-stm32.13.3.rel1.win32_1.0.100.202509120712/tools/bin/../lib/gcc/arm-none-eabi/13.3.1/../../../../arm-none-eabi/lib/thumb/v7e-m+fp/hard\libc_nano.a(libc_a-memset.o)
                              C:/ST/STM32CubeIDE_2.0.0/STM32CubeIDE/plugins/com.st.stm32cube.ide.mcu.externaltools.gnu-tools-for-stm32.13.3.rel1.win32_1.0.100.202509120712/tools/bin/../lib/gcc/arm-none-eabi/13.3.1/../../../../arm-none-eabi/lib/thumb/v7e-m+fp/hard/crt0.o (memset)
C:/ST/STM32CubeIDE_2.0.0/STM32CubeIDE/plugins/com.st.stm32cube.ide.mcu.externaltools.gnu-tools-for-stm32.13.3.rel1.win32_1.0.100.202509120712/tools/bin/../lib/gcc/arm-none-eabi/13.3.1/../../../../arm-none-eabi/lib/thumb/v7e-m+fp/hard\libc_nano.a(libc_a-closer.o)
                              C:/ST/STM32CubeIDE_2.0.0/STM32CubeIDE/plugins/com.st.stm32cube.ide.mcu.externaltools.gnu-tools-for-stm32.13.3.rel1.win32_1.0.100.202509120712/tools/bin/../lib/gcc/arm-none-eabi/13.3.1/../../../../arm-none-eabi/lib/thumb/v7e-m+fp/hard\libc_nano.a(libc_a-stdio.o) (_close_r)
C:/ST/STM32CubeIDE_2.0.0/STM32CubeIDE/plugins/com.st.stm32cube.ide.mcu.externaltools.gnu-tools-for-stm32.13.3.rel1.win32_1.0.100.202509120712/tools/bin/../lib/gcc/arm-none-eabi/13.3.1/../../../../arm-none-eabi/lib/thumb/v7e-m+fp/hard\libc_nano.a(libc_a-reent.o)
                              C:/ST/STM32CubeIDE_2.0.0/STM32CubeIDE/plugins/com.st.stm32cube.ide.mcu.externaltools.gnu-tools-for-stm32.13.3.rel1.win32_1.0.100.202509120712/tools/bin/../lib/gcc/arm-none-eabi/13.3.1/../../../../arm-none-eabi/lib/thumb/v7e-m+fp/hard\libc_nano.a(libc_a-closer.o) (errno)
C:/ST/STM32CubeIDE_2.0.0/STM32CubeIDE/plugins/com.st.stm32cube.ide.mcu.externaltools.gnu-tools-for-stm32.13.3.rel1.win32_1.0.100.202509120712/tools/bin/../lib/gcc/arm-none-eabi/13.3.1/../../../../arm-none-eabi/lib/thumb/v7e-m+fp/hard\libc_nano.a(libc_a-impure.o)
                              C:/ST/STM32CubeIDE_2.0.0/STM32CubeIDE/plugins/com.st.stm32cube.ide.mcu.externaltools.gnu-tools-for-stm32.13.3.rel1.win32_1.0.100.202509120712/tools/bin/../lib/gcc/arm-none-eabi/13.3.1/../../../../arm-none-eabi/lib/thumb/v7e-m+fp/hard\libc_nano.a(libc_a-reent.o) (_impure_ptr)
[...]
Memory Configuration

Name             Origin             Length             Attributes
RAM              0x20000000         0x00010000         xrw
FLASH            0x08000000         0x00040000         xr
*default*        0x00000000         0xffffffff

Linker script and memory map

LOAD C:/ST/STM32CubeIDE_2.0.0/STM32CubeIDE/plugins/com.st.stm32cube.ide.mcu.externaltools.gnu-tools-for-stm32.13.3.rel1.win32_1.0.100.202509120712/tools/bin/../lib/gcc/arm-none-eabi/13.3.1/thumb/v7e-m+fp/hard/crti.o
LOAD C:/ST/STM32CubeIDE_2.0.0/STM32CubeIDE/plugins/com.st.stm32cube.ide.mcu.externaltools.gnu-tools-for-stm32.13.3.rel1.win32_1.0.100.202509120712/tools/bin/../lib/gcc/arm-none-eabi/13.3.1/thumb/v7e-m+fp/hard/crtbegin.o
LOAD C:/ST/STM32CubeIDE_2.0.0/STM32CubeIDE/plugins/com.st.stm32cube.ide.mcu.externaltools.gnu-tools-for-stm32.13.3.rel1.win32_1.0.100.202509120712/tools/bin/../lib/gcc/arm-none-eabi/13.3.1/../../../../arm-none-eabi/lib/thumb/v7e-m+fp/hard/crt0.o
LOAD ./Core/Src/crc16.o
LOAD ./Core/Src/dma.o
LOAD ./Core/Src/gpio.o
LOAD ./Core/Src/hid_reporter.o
LOAD ./Core/Src/iwdg.o
LOAD ./Core/Src/key_processor.o
LOAD ./Core/Src/led_manager.o
LOAD ./Core/Src/main.o
LOAD ./Core/Src/matrix_driver.o
LOAD ./Core/Src/split_comm.o
LOAD ./Core/Src/stm32f4xx_hal_msp.o
LOAD ./Core/Src/stm32f4xx_hal_timebase_tim.o
LOAD ./Core/Src/stm32f4xx_it.o
LOAD ./Core/Src/syscalls.o
LOAD ./Core/Src/sysmem.o
LOAD ./Core/Src/system_stm32f4xx.o
LOAD ./Core/Src/tim.o
LOAD ./Core/Src/usart.o
LOAD ./Core/Src/usb_otg.o
LOAD ./Core/Startup/startup_stm32f401rctx.o
LOAD ./Drivers/STM32F4xx_HAL_Driver/Src/stm32f4xx_hal.o
LOAD ./Drivers/STM32F4xx_HAL_Driver/Src/stm32f4xx_hal_cortex.o
LOAD ./Drivers/STM32F4xx_HAL_Driver/Src/stm32f4xx_hal_dma.o
LOAD ./Drivers/STM32F4xx_HAL_Driver/Src/stm32f4xx_hal_dma_ex.o
LOAD ./Drivers/STM32F4xx_HAL_Driver/Src/stm32f4xx_hal_exti.o
LOAD ./Drivers/STM32F4xx_HAL_Driver/Src/stm32f4xx_hal_flash.o
LOAD ./Drivers/STM32F4xx_HAL_Driver/Src/stm32f4xx_hal_flash_ex.o
LOAD ./Drivers/STM32F4xx_HAL_Driver/Src/stm32f4xx_hal_flash_ramfunc.o
LOAD ./Drivers/STM32F4xx_HAL_Driver/Src/stm32f4xx_hal_gpio.o
LOAD ./Drivers/STM32F4xx_HAL_Driver/Src/stm32f4xx_hal_iwdg.o
LOAD ./Drivers/STM32F4xx_HAL_Driver/Src/stm32f4xx_hal_pcd.o
LOAD ./Drivers/STM32F4xx_HAL_Driver/Src/stm32f4xx_hal_pcd_ex.o
LOAD ./Drivers/STM32F4xx_HAL_Driver/Src/stm32f4xx_hal_pwr.o
LOAD ./Drivers/STM32F4xx_HAL_Driver/Src/stm32f4xx_hal_pwr_ex.o
LOAD ./Drivers/STM32F4xx_HAL_Driver/Src/stm32f4xx_hal_rcc.o
LOAD ./Drivers/STM32F4xx_HAL_Driver/Src/stm32f4xx_hal_rcc_ex.o
LOAD ./Drivers/STM32F4xx_HAL_Driver/Src/stm32f4xx_hal_tim.o
LOAD ./Drivers/STM32F4xx_HAL_Driver/Src/stm32f4xx_hal_tim_ex.o
LOAD ./Drivers/STM32F4xx_HAL_Driver/Src/stm32f4xx_hal_uart.o
LOAD ./Drivers/STM32F4xx_HAL_Driver/Src/stm32f4xx_ll_usb.o
LOAD ./Middlewares/ST/STM32_USB_Device_Library/Class/HID/Src/usbd_hid.o
LOAD ./Middlewares/ST/STM32_USB_Device_Library/Core/Src/usbd_core.o
LOAD ./Middlewares/ST/STM32_USB_Device_Library/Core/Src/usbd_ctlreq.o
LOAD ./Middlewares/ST/STM32_USB_Device_Library/Core/Src/usbd_ioreq.o
LOAD ./USB_DEVICE/App/usb_device.o
LOAD ./USB_DEVICE/App/usbd_desc.o
LOAD ./USB_DEVICE/App/usbd_hid_custom.o
LOAD ./USB_DEVICE/Target/usbd_conf.o
START GROUP
LOAD C:/ST/STM32CubeIDE_2.0.0/STM32CubeIDE/plugins/com.st.stm32cube.ide.mcu.externaltools.gnu-tools-for-stm32.13.3.rel1.win32_1.0.100.202509120712/tools/bin/../lib/gcc/arm-none-eabi/13.3.1/../../../../arm-none-eabi/lib/thumb/v7e-m+fp/hard\libc_nano.a
LOAD C:/ST/STM32CubeIDE_2.0.0/STM32CubeIDE/plugins/com.st.stm32cube.ide.mcu.externaltools.gnu-tools-for-stm32.13.3.rel1.win32_1.0.100.202509120712/tools/bin/../lib/gcc/arm-none-eabi/13.3.1/../../../../arm-none-eabi/lib/thumb/v7e-m+fp/hard\libm.a
END GROUP
START GROUP
LOAD C:/ST/STM32CubeIDE_2.0.0/STM32CubeIDE/plugins/com.st.stm32cube.ide.mcu.externaltools.gnu-tools-for-stm32.13.3.rel1.win32_1.0.100.202509120712/tools/bin/../lib/gcc/arm-none-eabi/13.3.1/thumb/v7e-m+fp/hard\libgcc.a
LOAD C:/ST/STM32CubeIDE_2.0.0/STM32CubeIDE/plugins/com.st.stm32cube.ide.mcu.externaltools.gnu-tools-for-stm32.13.3.rel1.win32_1.0.100.202509120712/tools/bin/../lib/gcc/arm-none-eabi/13.3.1/../../../../arm-none-eabi/lib/thumb/v7e-m+fp/hard\libc_nano.a
END GROUP
START GROUP
LOAD C:/ST/STM32CubeIDE_2.0.0/STM32CubeIDE/plugins/com.st.stm32cube.ide.mcu.externaltools.gnu-tools-for-stm32.13.3.rel1.win32_1.0.100.202509120712/tools/bin/../lib/gcc/arm-none-eabi/13.3.1/thumb/v7e-m+fp/hard\libgcc.a
LOAD C:/ST/STM32CubeIDE_2.0.0/STM32CubeIDE/plugins/com.st.stm32cube.ide.mcu.externaltools.gnu-tools-for-stm32.13.3.rel1.win32_1.0.100.202509120712/tools/bin/../lib/gcc/arm-none-eabi/13.3.1/../../../../arm-none-eabi/lib/thumb/v7e-m+fp/hard\libc_nano.a
LOAD C:/ST/STM32CubeIDE_2.0.0/STM32CubeIDE/plugins/com.st.stm32cube.ide.mcu.externaltools.gnu-tools-for-stm32.13.3.rel1.win32_1.0.100.202509120712/tools/bin/../lib/gcc/arm-none-eabi/13.3.1/../../../../arm-none-eabi/lib/thumb/v7e-m+fp/hard\libnosys.a
END GROUP
START GROUP
LOAD C:/ST/STM32CubeIDE_2.0.0/STM32CubeIDE/plugins/com.st.stm32cube.ide.mcu.externaltools.gnu-tools-for-stm32.13.3.rel1.win32_1.0.100.202509120712/tools/bin/../lib/gcc/arm-none-eabi/13.3.1/thumb/v7e-m+fp/hard\libgcc.a
LOAD C:/ST/STM32CubeIDE_2.0.0/STM32CubeIDE/plugins/com.st.stm32cube.ide.mcu.externaltools.gnu-tools-for-stm32.13.3.rel1.win32_1.0.100.202509120712/tools/bin/../lib/gcc/arm-none-eabi/13.3.1/../../../../arm-none-eabi/lib/thumb/v7e-m+fp/hard\libc_nano.a
LOAD C:/ST/STM32CubeIDE_2.0.0/STM32CubeIDE/plugins/com.st.stm32cube.ide.mcu.externaltools.gnu-tools-for-stm32.13.3.rel1.win32_1.0.100.202509120712/tools/bin/../lib/gcc/arm-none-eabi/13.3.1/../../../../arm-none-eabi/lib/thumb/v7e-m+fp/hard\libnosys.a
END GROUP
LOAD C:/ST/STM32CubeIDE_2.0.0/STM32CubeIDE/plugins/com.st.stm32cube.ide.mcu.externaltools.gnu-tools-for-stm32.13.3.rel1.win32_1.0.100.202509120712/tools/bin/../lib/gcc/arm-none-eabi/13.3.1/thumb/v7e-m+fp/hard/crtend.o
LOAD C:/ST/STM32CubeIDE_2.0.0/STM32CubeIDE/plugins/com.st.stm32cube.ide.mcu.externaltools.gnu-tools-for-stm32.13.3.rel1.win32_1.0.100.202509120712/tools/bin/../lib/gcc/arm-none-eabi/13.3.1/thumb/v7e-m+fp/hard/crtn.o
                0x20010000                        _estack = (ORIGIN (RAM) + LENGTH (RAM))
                0x00000200                        _Min_Heap_Size = 0x200
                0x00000400                        _Min_Stack_Size = 0x400

.isr_vector     0x08000000      0x194
                0x08000000                        . = ALIGN (0x4)
 *(.isr_vector)
 .isr_vector    0x08000000      0x194 ./Core/Startup/startup_stm32f401rctx.o
                0x08000000                g_pfnVectors
                0x08000194                        . = ALIGN (0x4)

.text           0x08000194     0xaac0
                0x08000194                        . = ALIGN (0x4)
 *(.text)
 .text          0x08000194       0x40 C:/ST/STM32CubeIDE_2.0.0/STM32CubeIDE/plugins/com.st.stm32cube.ide.mcu.externaltools.gnu-tools-for-stm32.13.3.rel1.win32_1.0.100.202509120712/tools/bin/../lib/gcc/arm-none-eabi/13.3.1/thumb/v7e-m+fp/hard/crtbegin.o
 .text          0x080001d4       0x30 C:/ST/STM32CubeIDE_2.0.0/STM32CubeIDE/plugins/com.st.stm32cube.ide.mcu.externaltools.gnu-tools-for-stm32.13.3.rel1.win32_1.0.100.202509120712/tools/bin/../lib/gcc/arm-none-eabi/13.3.1/thumb/v7e-m+fp/hard\libgcc.a(_aeabi_uldivmod.o)
                0x080001d4                __aeabi_uldivmod
 .text          0x08000204      0x2f8 C:/ST/STM32CubeIDE_2.0.0/STM32CubeIDE/plugins/com.st.stm32cube.ide.mcu.externaltools.gnu-tools-for-stm32.13.3.rel1.win32_1.0.100.202509120712/tools/bin/../lib/gcc/arm-none-eabi/13.3.1/thumb/v7e-m+fp/hard\libgcc.a(_udivmoddi4.o)
                0x08000204                __udivmoddi4
 .text          0x080004fc        0x4 C:/ST/STM32CubeIDE_2.0.0/STM32CubeIDE/plugins/com.st.stm32cube.ide.mcu.externaltools.gnu-tools-for-stm32.13.3.rel1.win32_1.0.100.202509120712/tools/bin/../lib/gcc/arm-none-eabi/13.3.1/thumb/v7e-m+fp/hard\libgcc.a(_dvmd_tls.o)
                0x080004fc                __aeabi_idiv0
                0x080004fc                __aeabi_ldiv0
 *(.text*)
 .text.CRC16_Update
                0x08000500       0x66 ./Core/Src/crc16.o
                0x08000500                CRC16_Update
 .text.CRC16_Calculate
                0x08000566       0x44 ./Core/Src/crc16.o
                0x08000566                CRC16_Calculate
 *fill*         0x080005aa        0x2 
 .text.MX_DMA_Init
                0x080005ac       0x50 ./Core/Src/dma.o
                0x080005ac                MX_DMA_Init
 .text.MX_GPIO_Init
                0x080005fc      0x13c ./Core/Src/gpio.o
                0x080005fc                MX_GPIO_Init
 .text.HIDReporter_Init
                0x08000738       0x30 ./Core/Src/hid_reporter.o
                0x08000738                HIDReporter_Init
 .text.HIDReporter_SendIfChanged
                0x08000768       0xb0 ./Core/Src/hid_reporter.o
                0x08000768                HIDReporter_SendIfChanged
 .text.MX_IWDG_Init
                0x08000818       0x34 ./Core/Src/iwdg.o
                0x08000818                MX_IWDG_Init
 .text.KeyProcessor_Init
                0x0800084c       0xb8 ./Core/Src/key_processor.o
                0x0800084c                KeyProcessor_Init
 .text.KeyProcessor_HandleLocalEvent
                0x08000904       0xc0 ./Core/Src/key_processor.o
                0x08000904                KeyProcessor_HandleLocalEvent
 .text.KeyProcessor_HandleRemoteEvent
                0x080009c4       0xc0 ./Core/Src/key_processor.o
                0x080009c4                KeyProcessor_HandleRemoteEvent
 .text.KeyProcessor_HasChanged
                0x08000a84       0x18 ./Core/Src/key_processor.o
                0x08000a84                KeyProcessor_HasChanged
 .text.KeyProcessor_ClearChanged
                0x08000a9c       0x18 ./Core/Src/key_processor.o
                0x08000a9c                KeyProcessor_ClearChanged
 .text.KeyProcessor_GetState
                0x08000ab4       0x14 ./Core/Src/key_processor.o
                0x08000ab4                KeyProcessor_GetState
 .text._ResolveKeycodeLeft
                0x08000ac8       0x80 ./Core/Src/key_processor.o
 .text._ResolveKeycodeRight
                0x08000b48       0x80 ./Core/Src/key_processor.o
 .text._HandleBasicKey
                0x08000bc8       0x9c ./Core/Src/key_processor.o
 .text._HandleLayerAction
                0x08000c64       0xd4 ./Core/Src/key_processor.o
 .text._AddPressedKey
                0x08000d38       0x80 ./Core/Src/key_processor.o
 .text._RemovePressedKey
                0x08000db8       0xc0 ./Core/Src/key_processor.o
 .text._UpdateOverflowFlag
                0x08000e78       0x64 ./Core/Src/key_processor.o
 .text._SetLED  0x08000edc       0x2c ./Core/Src/led_manager.o
 .text.LedManager_Init
                0x08000f08       0x58 ./Core/Src/led_manager.o
                0x08000f08                LedManager_Init
 .text.LedManager_SetStatusPattern
                0x08000f60       0x38 ./Core/Src/led_manager.o
                0x08000f60                LedManager_SetStatusPattern
 .text.LedManager_SetLayerState
                0x08000f98       0x20 ./Core/Src/led_manager.o
                0x08000f98                LedManager_SetLayerState
 .text.LedManager_Update
                0x08000fb8      0x11c ./Core/Src/led_manager.o
                0x08000fb8                LedManager_Update
 .text.Role_Detect
                0x080010d4       0xa0 ./Core/Src/main.o
                0x080010d4                Role_Detect
 .text.main     0x08001174      0x12c ./Core/Src/main.o
                0x08001174                main
 .text.Boot_IndicateRole
                0x080012a0       0x64 ./Core/Src/main.o
 .text.SystemClock_Config
                0x08001304       0xd8 ./Core/Src/main.o
                0x08001304                SystemClock_Config
 .text.HAL_TIM_PeriodElapsedCallback
                0x080013dc       0x34 ./Core/Src/main.o
                0x080013dc                HAL_TIM_PeriodElapsedCallback
 .text.Error_Handler
                0x08001410        0xc ./Core/Src/main.o
                0x08001410                Error_Handler
 .text.Matrix_Init
                0x0800141c       0xcc ./Core/Src/matrix_driver.o
                0x0800141c                Matrix_Init
 .text.Matrix_Scan
                0x080014e8       0x20 ./Core/Src/matrix_driver.o
                0x080014e8                Matrix_Scan
 .text.Matrix_DebounceTask
                0x08001508       0x6c ./Core/Src/matrix_driver.o
                0x08001508                Matrix_DebounceTask
 .text.Matrix_GetEvent
                0x08001574       0x80 ./Core/Src/matrix_driver.o
                0x08001574                Matrix_GetEvent
 .text.Matrix_ToKeyIndex
                0x080015f4       0x28 ./Core/Src/matrix_driver.o
                0x080015f4                Matrix_ToKeyIndex
 .text._Read_Columns
                0x0800161c       0x60 ./Core/Src/matrix_driver.o
 .text._Matrix_ScanRaw
                0x0800167c       0x54 ./Core/Src/matrix_driver.o
 .text._Matrix_ApplyDebounce
                0x080016d0      0x15c ./Core/Src/matrix_driver.o
 .text._Matrix_GenerateEvents
                0x0800182c       0x48 ./Core/Src/matrix_driver.o
 .text._Queue_Push
                0x08001874       0x98 ./Core/Src/matrix_driver.o
 .text._Row_DriveHigh
                0x0800190c       0x2c ./Core/Src/matrix_driver.o
 .text._Row_DriveLow
                0x08001938       0x2c ./Core/Src/matrix_driver.o
 .text.SplitComm_Init
                0x08001964       0xb4 ./Core/Src/split_comm.o
                0x08001964                SplitComm_Init
 .text.SplitComm_Process
                0x08001a18       0x80 ./Core/Src/split_comm.o
                0x08001a18                SplitComm_Process
 .text.SplitComm_SendKeyEvent
                0x08001a98       0x34 ./Core/Src/split_comm.o
                0x08001a98                SplitComm_SendKeyEvent
 .text.SplitComm_GetStatus
                0x08001acc       0x18 ./Core/Src/split_comm.o
                0x08001acc                SplitComm_GetStatus
 .text.SplitComm_GetRemoteEvent
                0x08001ae4       0x88 ./Core/Src/split_comm.o
                0x08001ae4                SplitComm_GetRemoteEvent
 .text.SplitComm_TxCompleteCallback
                0x08001b6c       0x40 ./Core/Src/split_comm.o
                0x08001b6c                SplitComm_TxCompleteCallback
 .text._BuildAndQueuePacket
                0x08001bac      0x174 ./Core/Src/split_comm.o
 .text._TxStartFromBuf
                0x08001d20       0x68 ./Core/Src/split_comm.o
 .text._TxQueue_Enqueue
                0x08001d88       0x88 ./Core/Src/split_comm.o
 .text._TxQueue_Dequeue
                0x08001e10       0x9c ./Core/Src/split_comm.o
 .text._TxTryDrainQueue
                0x08001eac       0x78 ./Core/Src/split_comm.o
 .text._ProcessRxByte
                0x08001f24      0x180 ./Core/Src/split_comm.o
 .text._CheckRxParseTimeout
                0x080020a4       0x34 ./Core/Src/split_comm.o
 .text._HandlePacket
                0x080020d8       0x6c ./Core/Src/split_comm.o
 .text._HandleKeyEvent
                0x08002144       0x70 ./Core/Src/split_comm.o
 .text._HandleKeyState
                0x080021b4       0xd8 ./Core/Src/split_comm.o
 .text._HandlePing
                0x0800228c       0x20 ./Core/Src/split_comm.o
 .text._HandlePong
                0x080022ac       0x28 ./Core/Src/split_comm.o
 .text._PushRemoteEvent
                0x080022d4       0x8c ./Core/Src/split_comm.o
 .text._MasterHeartbeat
                0x08002360       0x34 ./Core/Src/split_comm.o
 .text._CheckTimeout
                0x08002394       0x2c ./Core/Src/split_comm.o
 .text._UpdateStatusPattern
                0x080023c0       0x24 ./Core/Src/split_comm.o
 .text._DMA_GetRxWritePos
                0x080023e4       0x38 ./Core/Src/split_comm.o
 .text.HAL_UART_TxCpltCallback
                0x0800241c       0x24 ./Core/Src/split_comm.o
                0x0800241c                HAL_UART_TxCpltCallback
 .text.SplitComm_UART_IdleCallback
                0x08002440        0xe ./Core/Src/split_comm.o
                0x08002440                SplitComm_UART_IdleCallback
 *fill*         0x0800244e        0x2 
 .text.HAL_UART_ErrorCallback
                0x08002450       0x94 ./Core/Src/split_comm.o
                0x08002450                HAL_UART_ErrorCallback
 .text.HAL_MspInit
                0x080024e4       0x50 ./Core/Src/stm32f4xx_hal_msp.o
                0x080024e4                HAL_MspInit
 .text.HAL_InitTick
                0x08002534       0xf8 ./Core/Src/stm32f4xx_hal_timebase_tim.o
                0x08002534                HAL_InitTick
 .text.NMI_Handler
                0x0800262c        0x8 ./Core/Src/stm32f4xx_it.o
                0x0800262c                NMI_Handler
 .text.HardFault_Handler
                0x08002634        0x8 ./Core/Src/stm32f4xx_it.o
                0x08002634                HardFault_Handler
 .text.MemManage_Handler
                0x0800263c        0x8 ./Core/Src/stm32f4xx_it.o
                0x0800263c                MemManage_Handler
 .text.BusFault_Handler
                0x08002644        0x8 ./Core/Src/stm32f4xx_it.o
                0x08002644                BusFault_Handler
 .text.UsageFault_Handler
                0x0800264c        0x8 ./Core/Src/stm32f4xx_it.o
                0x0800264c                UsageFault_Handler
 .text.SVC_Handler
                0x08002654        0xe ./Core/Src/stm32f4xx_it.o
                0x08002654                SVC_Handler
 .text.DebugMon_Handler
                0x08002662        0xe ./Core/Src/stm32f4xx_it.o
                0x08002662                DebugMon_Handler
 .text.PendSV_Handler
                0x08002670        0xe ./Core/Src/stm32f4xx_it.o
                0x08002670                PendSV_Handler
 .text.SysTick_Handler
                0x0800267e        0xe ./Core/Src/stm32f4xx_it.o
                0x0800267e                SysTick_Handler
 .text.TIM2_IRQHandler
                0x0800268c       0x14 ./Core/Src/stm32f4xx_it.o
                0x0800268c                TIM2_IRQHandler
 .text.USART1_IRQHandler
                0x080026a0       0x34 ./Core/Src/stm32f4xx_it.o
                0x080026a0                USART1_IRQHandler
 .text.TIM5_IRQHandler
                0x080026d4       0x14 ./Core/Src/stm32f4xx_it.o
                0x080026d4                TIM5_IRQHandler
 .text.DMA2_Stream2_IRQHandler
                0x080026e8       0x14 ./Core/Src/stm32f4xx_it.o
                0x080026e8                DMA2_Stream2_IRQHandler
 .text.OTG_FS_IRQHandler
                0x080026fc       0x14 ./Core/Src/stm32f4xx_it.o
                0x080026fc                OTG_FS_IRQHandler
 .text.DMA2_Stream7_IRQHandler
                0x08002710       0x14 ./Core/Src/stm32f4xx_it.o
                0x08002710                DMA2_Stream7_IRQHandler
 .text.SystemInit
                0x08002724       0x24 ./Core/Src/system_stm32f4xx.o
                0x08002724                SystemInit
 .text.MX_TIM2_Init
                0x08002748       0x98 ./Core/Src/tim.o
                0x08002748                MX_TIM2_Init
 .text.HAL_TIM_Base_MspInit
                0x080027e0       0x4c ./Core/Src/tim.o
                0x080027e0                HAL_TIM_Base_MspInit
 .text.MX_USART1_UART_Init
                0x0800282c       0x54 ./Core/Src/usart.o
                0x0800282c                MX_USART1_UART_Init
 .text.HAL_UART_MspInit
                0x08002880      0x170 ./Core/Src/usart.o
                0x08002880                HAL_UART_MspInit
 .text.Reset_Handler
                0x080029f0       0x50 ./Core/Startup/startup_stm32f401rctx.o
                0x080029f0                Reset_Handler
 .text.Default_Handler
                0x08002a40        0x2 ./Core/Startup/startup_stm32f401rctx.o
                0x08002a40                RTC_Alarm_IRQHandler
                0x08002a40                EXTI2_IRQHandler
                0x08002a40                SPI4_IRQHandler
                0x08002a40                TIM1_CC_IRQHandler
                0x08002a40                DMA2_Stream5_IRQHandler
                0x08002a40                DMA1_Stream5_IRQHandler
                0x08002a40                PVD_IRQHandler
                0x08002a40                SDIO_IRQHandler
                0x08002a40                TAMP_STAMP_IRQHandler
                0x08002a40                EXTI3_IRQHandler
                0x08002a40                TIM1_UP_TIM10_IRQHandler
                0x08002a40                I2C3_ER_IRQHandler
                0x08002a40                EXTI0_IRQHandler
                0x08002a40                I2C2_EV_IRQHandler
                0x08002a40                DMA1_Stream2_IRQHandler
                0x08002a40                FPU_IRQHandler
                0x08002a40                SPI1_IRQHandler
                0x08002a40                TIM1_BRK_TIM9_IRQHandler
                0x08002a40                DMA2_Stream3_IRQHandler
                0x08002a40                USART6_IRQHandler
                0x08002a40                DMA2_Stream0_IRQHandler
                0x08002a40                TIM4_IRQHandler
                0x08002a40                I2C1_EV_IRQHandler
                0x08002a40                DMA1_Stream6_IRQHandler
                0x08002a40                DMA1_Stream1_IRQHandler
                0x08002a40                TIM3_IRQHandler
                0x08002a40                RCC_IRQHandler
                0x08002a40                Default_Handler
                0x08002a40                EXTI15_10_IRQHandler
                0x08002a40                ADC_IRQHandler
                0x08002a40                DMA1_Stream7_IRQHandler
                0x08002a40                I2C3_EV_IRQHandler
                0x08002a40                EXTI9_5_IRQHandler
                0x08002a40                RTC_WKUP_IRQHandler
                0x08002a40                SPI2_IRQHandler
                0x08002a40                DMA1_Stream0_IRQHandler
                0x08002a40                EXTI4_IRQHandler
                0x08002a40                WWDG_IRQHandler
                0x08002a40                OTG_FS_WKUP_IRQHandler
                0x08002a40                TIM1_TRG_COM_TIM11_IRQHandler
                0x08002a40                EXTI1_IRQHandler
                0x08002a40                USART2_IRQHandler
                0x08002a40                I2C2_ER_IRQHandler
                0x08002a40                DMA2_Stream1_IRQHandler
                0x08002a40                FLASH_IRQHandler
                0x08002a40                DMA2_Stream4_IRQHandler
                0x08002a40                SPI3_IRQHandler
                0x08002a40                DMA1_Stream4_IRQHandler
                0x08002a40                I2C1_ER_IRQHandler
                0x08002a40                DMA2_Stream6_IRQHandler
                0x08002a40                DMA1_Stream3_IRQHandler
 *fill*         0x08002a42        0x2 
 .text.HAL_Init
                0x08002a44       0x44 ./Drivers/STM32F4xx_HAL_Driver/Src/stm32f4xx_hal.o
                0x08002a44                HAL_Init
 .text.HAL_IncTick
                0x08002a88       0x28 ./Drivers/STM32F4xx_HAL_Driver/Src/stm32f4xx_hal.o
                0x08002a88                HAL_IncTick
 .text.HAL_GetTick
                0x08002ab0       0x18 ./Drivers/STM32F4xx_HAL_Driver/Src/stm32f4xx_hal.o
                0x08002ab0                HAL_GetTick
 .text.HAL_Delay
                0x08002ac8       0x48 ./Drivers/STM32F4xx_HAL_Driver/Src/stm32f4xx_hal.o
                0x08002ac8                HAL_Delay
 .text.__NVIC_SetPriorityGrouping
                0x08002b10       0x48 ./Drivers/STM32F4xx_HAL_Driver/Src/stm32f4xx_hal_cortex.o
 .text.__NVIC_GetPriorityGrouping
                0x08002b58       0x1c ./Drivers/STM32F4xx_HAL_Driver/Src/stm32f4xx_hal_cortex.o
 .text.__NVIC_EnableIRQ
                0x08002b74       0x3c ./Drivers/STM32F4xx_HAL_Driver/Src/stm32f4xx_hal_cortex.o
 .text.__NVIC_SetPriority
                0x08002bb0       0x54 ./Drivers/STM32F4xx_HAL_Driver/Src/stm32f4xx_hal_cortex.o
 .text.NVIC_EncodePriority
                0x08002c04       0x66 ./Drivers/STM32F4xx_HAL_Driver/Src/stm32f4xx_hal_cortex.o
 .text.HAL_NVIC_SetPriorityGrouping
                0x08002c6a       0x16 ./Drivers/STM32F4xx_HAL_Driver/Src/stm32f4xx_hal_cortex.o
                0x08002c6a                HAL_NVIC_SetPriorityGrouping
 .text.HAL_NVIC_SetPriority
                0x08002c80       0x38 ./Drivers/STM32F4xx_HAL_Driver/Src/stm32f4xx_hal_cortex.o
                0x08002c80                HAL_NVIC_SetPriority
 .text.HAL_NVIC_EnableIRQ
                0x08002cb8       0x1c ./Drivers/STM32F4xx_HAL_Driver/Src/stm32f4xx_hal_cortex.o
                0x08002cb8                HAL_NVIC_EnableIRQ
 .text.HAL_DMA_Init
                0x08002cd4      0x15c ./Drivers/STM32F4xx_HAL_Driver/Src/stm32f4xx_hal_dma.o
                0x08002cd4                HAL_DMA_Init
 .text.HAL_DMA_Start_IT
                0x08002e30       0xb0 ./Drivers/STM32F4xx_HAL_Driver/Src/stm32f4xx_hal_dma.o
                0x08002e30                HAL_DMA_Start_IT
 .text.HAL_DMA_Abort
                0x08002ee0       0xe0 ./Drivers/STM32F4xx_HAL_Driver/Src/stm32f4xx_hal_dma.o
                0x08002ee0                HAL_DMA_Abort
 .text.HAL_DMA_Abort_IT
                0x08002fc0       0x44 ./Drivers/STM32F4xx_HAL_Driver/Src/stm32f4xx_hal_dma.o
                0x08002fc0                HAL_DMA_Abort_IT
 .text.HAL_DMA_IRQHandler
                0x08003004      0x314 ./Drivers/STM32F4xx_HAL_Driver/Src/stm32f4xx_hal_dma.o
                0x08003004                HAL_DMA_IRQHandler
 .text.DMA_SetConfig
                0x08003318       0x5c ./Drivers/STM32F4xx_HAL_Driver/Src/stm32f4xx_hal_dma.o
 .text.DMA_CalcBaseAndBitshift
                0x08003374       0x6c ./Drivers/STM32F4xx_HAL_Driver/Src/stm32f4xx_hal_dma.o
 .text.DMA_CheckFifoParam
                0x080033e0       0xf8 ./Drivers/STM32F4xx_HAL_Driver/Src/stm32f4xx_hal_dma.o
 .text.HAL_GPIO_Init
                0x080034d8      0x308 ./Drivers/STM32F4xx_HAL_Driver/Src/stm32f4xx_hal_gpio.o
                0x080034d8                HAL_GPIO_Init
 .text.HAL_GPIO_WritePin
                0x080037e0       0x32 ./Drivers/STM32F4xx_HAL_Driver/Src/stm32f4xx_hal_gpio.o
                0x080037e0                HAL_GPIO_WritePin
 .text.HAL_IWDG_Init
                0x08003812       0x88 ./Drivers/STM32F4xx_HAL_Driver/Src/stm32f4xx_hal_iwdg.o
                0x08003812                HAL_IWDG_Init
 .text.HAL_IWDG_Refresh
                0x0800389a       0x20 ./Drivers/STM32F4xx_HAL_Driver/Src/stm32f4xx_hal_iwdg.o
                0x0800389a                HAL_IWDG_Refresh
 .text.HAL_PCD_Init
                0x080038ba      0x21e ./Drivers/STM32F4xx_HAL_Driver/Src/stm32f4xx_hal_pcd.o
                0x080038ba                HAL_PCD_Init
 .text.HAL_PCD_Start
                0x08003ad8       0x6a ./Drivers/STM32F4xx_HAL_Driver/Src/stm32f4xx_hal_pcd.o
                0x08003ad8                HAL_PCD_Start
 .text.HAL_PCD_IRQHandler
                0x08003b42      0x942 ./Drivers/STM32F4xx_HAL_Driver/Src/stm32f4xx_hal_pcd.o
                0x08003b42                HAL_PCD_IRQHandler
 .text.HAL_PCD_SetAddress
                0x08004484       0x48 ./Drivers/STM32F4xx_HAL_Driver/Src/stm32f4xx_hal_pcd.o
                0x08004484                HAL_PCD_SetAddress
 .text.HAL_PCD_EP_Open
                0x080044cc       0xd4 ./Drivers/STM32F4xx_HAL_Driver/Src/stm32f4xx_hal_pcd.o
                0x080044cc                HAL_PCD_EP_Open
 .text.HAL_PCD_EP_Close
                0x080045a0       0x94 ./Drivers/STM32F4xx_HAL_Driver/Src/stm32f4xx_hal_pcd.o
                0x080045a0                HAL_PCD_EP_Close
 .text.HAL_PCD_EP_Receive
                0x08004634       0x76 ./Drivers/STM32F4xx_HAL_Driver/Src/stm32f4xx_hal_pcd.o
                0x08004634                HAL_PCD_EP_Receive
 .text.HAL_PCD_EP_Transmit
                0x080046aa       0x74 ./Drivers/STM32F4xx_HAL_Driver/Src/stm32f4xx_hal_pcd.o
                0x080046aa                HAL_PCD_EP_Transmit
 .text.HAL_PCD_EP_SetStall
                0x0800471e       0xc6 ./Drivers/STM32F4xx_HAL_Driver/Src/stm32f4xx_hal_pcd.o
                0x0800471e                HAL_PCD_EP_SetStall
 .text.HAL_PCD_EP_ClrStall
                0x080047e4       0xac ./Drivers/STM32F4xx_HAL_Driver/Src/stm32f4xx_hal_pcd.o
                0x080047e4                HAL_PCD_EP_ClrStall
 .text.HAL_PCD_EP_Abort
                0x08004890       0x62 ./Drivers/STM32F4xx_HAL_Driver/Src/stm32f4xx_hal_pcd.o
                0x08004890                HAL_PCD_EP_Abort
 .text.PCD_WriteEmptyTxFifo
                0x080048f2      0x118 ./Drivers/STM32F4xx_HAL_Driver/Src/stm32f4xx_hal_pcd.o
 *fill*         0x08004a0a        0x2 
 .text.PCD_EP_OutXfrComplete_int
                0x08004a0c      0x1d0 ./Drivers/STM32F4xx_HAL_Driver/Src/stm32f4xx_hal_pcd.o
 .text.PCD_EP_OutSetupPacket_int
                0x08004bdc       0x8c ./Drivers/STM32F4xx_HAL_Driver/Src/stm32f4xx_hal_pcd.o
 .text.HAL_PCDEx_SetTxFiFo
                0x08004c68       0x8e ./Drivers/STM32F4xx_HAL_Driver/Src/stm32f4xx_hal_pcd_ex.o
                0x08004c68                HAL_PCDEx_SetTxFiFo
 .text.HAL_PCDEx_SetRxFiFo
                0x08004cf6       0x22 ./Drivers/STM32F4xx_HAL_Driver/Src/stm32f4xx_hal_pcd_ex.o
                0x08004cf6                HAL_PCDEx_SetRxFiFo
 .text.HAL_PCDEx_LPM_Callback
                0x08004d18       0x18 ./Drivers/STM32F4xx_HAL_Driver/Src/stm32f4xx_hal_pcd_ex.o
                0x08004d18                HAL_PCDEx_LPM_Callback
 .text.HAL_RCC_OscConfig
                0x08004d30      0x4f0 ./Drivers/STM32F4xx_HAL_Driver/Src/stm32f4xx_hal_rcc.o
                0x08004d30                HAL_RCC_OscConfig
 .text.HAL_RCC_ClockConfig
                0x08005220      0x1cc ./Drivers/STM32F4xx_HAL_Driver/Src/stm32f4xx_hal_rcc.o
                0x08005220                HAL_RCC_ClockConfig
 .text.HAL_RCC_GetSysClockFreq
                0x080053ec      0x18c ./Drivers/STM32F4xx_HAL_Driver/Src/stm32f4xx_hal_rcc.o
                0x080053ec                HAL_RCC_GetSysClockFreq
 .text.HAL_RCC_GetHCLKFreq
                0x08005578       0x18 ./Drivers/STM32F4xx_HAL_Driver/Src/stm32f4xx_hal_rcc.o
                0x08005578                HAL_RCC_GetHCLKFreq
 .text.HAL_RCC_GetPCLK1Freq
                0x08005590       0x28 ./Drivers/STM32F4xx_HAL_Driver/Src/stm32f4xx_hal_rcc.o
                0x08005590                HAL_RCC_GetPCLK1Freq
 .text.HAL_RCC_GetPCLK2Freq
                0x080055b8       0x28 ./Drivers/STM32F4xx_HAL_Driver/Src/stm32f4xx_hal_rcc.o
                0x080055b8                HAL_RCC_GetPCLK2Freq
 .text.HAL_RCC_GetClockConfig
                0x080055e0       0x64 ./Drivers/STM32F4xx_HAL_Driver/Src/stm32f4xx_hal_rcc.o
                0x080055e0                HAL_RCC_GetClockConfig
 .text.HAL_TIM_Base_Init
                0x08005644       0x9e ./Drivers/STM32F4xx_HAL_Driver/Src/stm32f4xx_hal_tim.o
                0x08005644                HAL_TIM_Base_Init
 *fill*         0x080056e2        0x2 
 .text.HAL_TIM_Base_Start_IT
                0x080056e4       0xc4 ./Drivers/STM32F4xx_HAL_Driver/Src/stm32f4xx_hal_tim.o
                0x080056e4                HAL_TIM_Base_Start_IT
 .text.HAL_TIM_IRQHandler
                0x080057a8      0x1e0 ./Drivers/STM32F4xx_HAL_Driver/Src/stm32f4xx_hal_tim.o
                0x080057a8                HAL_TIM_IRQHandler
 .text.HAL_TIM_ConfigClockSource
                0x08005988      0x18e ./Drivers/STM32F4xx_HAL_Driver/Src/stm32f4xx_hal_tim.o
                0x08005988                HAL_TIM_ConfigClockSource
 .text.HAL_TIM_OC_DelayElapsedCallback
                0x08005b16       0x14 ./Drivers/STM32F4xx_HAL_Driver/Src/stm32f4xx_hal_tim.o
                0x08005b16                HAL_TIM_OC_DelayElapsedCallback
 .text.HAL_TIM_IC_CaptureCallback
                0x08005b2a       0x14 ./Drivers/STM32F4xx_HAL_Driver/Src/stm32f4xx_hal_tim.o
                0x08005b2a                HAL_TIM_IC_CaptureCallback
 .text.HAL_TIM_PWM_PulseFinishedCallback
                0x08005b3e       0x14 ./Drivers/STM32F4xx_HAL_Driver/Src/stm32f4xx_hal_tim.o
                0x08005b3e                HAL_TIM_PWM_PulseFinishedCallback
 .text.HAL_TIM_TriggerCallback
                0x08005b52       0x14 ./Drivers/STM32F4xx_HAL_Driver/Src/stm32f4xx_hal_tim.o
                0x08005b52                HAL_TIM_TriggerCallback
 *fill*         0x08005b66        0x2 
 .text.TIM_Base_SetConfig
                0x08005b68      0x10c ./Drivers/STM32F4xx_HAL_Driver/Src/stm32f4xx_hal_tim.o
                0x08005b68                TIM_Base_SetConfig
 .text.TIM_TI1_ConfigInputStage
                0x08005c74       0x5e ./Drivers/STM32F4xx_HAL_Driver/Src/stm32f4xx_hal_tim.o
 .text.TIM_TI2_ConfigInputStage
                0x08005cd2       0x60 ./Drivers/STM32F4xx_HAL_Driver/Src/stm32f4xx_hal_tim.o
 .text.TIM_ITRx_SetConfig
                0x08005d32       0x36 ./Drivers/STM32F4xx_HAL_Driver/Src/stm32f4xx_hal_tim.o
 .text.TIM_ETR_SetConfig
                0x08005d68       0x40 ./Drivers/STM32F4xx_HAL_Driver/Src/stm32f4xx_hal_tim.o
                0x08005d68                TIM_ETR_SetConfig
 .text.HAL_TIMEx_MasterConfigSynchronization
                0x08005da8       0xdc ./Drivers/STM32F4xx_HAL_Driver/Src/stm32f4xx_hal_tim_ex.o
                0x08005da8                HAL_TIMEx_MasterConfigSynchronization
 .text.HAL_TIMEx_CommutCallback
                0x08005e84       0x14 ./Drivers/STM32F4xx_HAL_Driver/Src/stm32f4xx_hal_tim_ex.o
                0x08005e84                HAL_TIMEx_CommutCallback
 .text.HAL_TIMEx_BreakCallback
                0x08005e98       0x14 ./Drivers/STM32F4xx_HAL_Driver/Src/stm32f4xx_hal_tim_ex.o
                0x08005e98                HAL_TIMEx_BreakCallback
 .text.HAL_UART_Init
                0x08005eac       0xa0 ./Drivers/STM32F4xx_HAL_Driver/Src/stm32f4xx_hal_uart.o
                0x08005eac                HAL_UART_Init
 .text.HAL_UART_Transmit_DMA
                0x08005f4c       0xf8 ./Drivers/STM32F4xx_HAL_Driver/Src/stm32f4xx_hal_uart.o
                0x08005f4c                HAL_UART_Transmit_DMA
 .text.HAL_UART_Receive_DMA
                0x08006044       0x4a ./Drivers/STM32F4xx_HAL_Driver/Src/stm32f4xx_hal_uart.o
                0x08006044                HAL_UART_Receive_DMA
 .text.HAL_UART_DMAStop
                0x0800608e       0xfe ./Drivers/STM32F4xx_HAL_Driver/Src/stm32f4xx_hal_uart.o
                0x0800608e                HAL_UART_DMAStop
 .text.HAL_UART_IRQHandler
                0x0800618c      0x554 ./Drivers/STM32F4xx_HAL_Driver/Src/stm32f4xx_hal_uart.o
                0x0800618c                HAL_UART_IRQHandler
 .text.HAL_UART_TxHalfCpltCallback
                0x080066e0       0x14 ./Drivers/STM32F4xx_HAL_Driver/Src/stm32f4xx_hal_uart.o
                0x080066e0                HAL_UART_TxHalfCpltCallback
 .text.HAL_UART_RxCpltCallback
                0x080066f4       0x14 ./Drivers/STM32F4xx_HAL_Driver/Src/stm32f4xx_hal_uart.o
                0x080066f4                HAL_UART_RxCpltCallback
 .text.HAL_UART_RxHalfCpltCallback
                0x08006708       0x14 ./Drivers/STM32F4xx_HAL_Driver/Src/stm32f4xx_hal_uart.o
                0x08006708                HAL_UART_RxHalfCpltCallback
 .text.HAL_UARTEx_RxEventCallback
                0x0800671c       0x18 ./Drivers/STM32F4xx_HAL_Driver/Src/stm32f4xx_hal_uart.o
                0x0800671c                HAL_UARTEx_RxEventCallback
 .text.UART_DMATransmitCplt
                0x08006734       0x9a ./Drivers/STM32F4xx_HAL_Driver/Src/stm32f4xx_hal_uart.o
 .text.UART_DMATxHalfCplt
                0x080067ce       0x1c ./Drivers/STM32F4xx_HAL_Driver/Src/stm32f4xx_hal_uart.o
 .text.UART_DMAReceiveCplt
                0x080067ea      0x12c ./Drivers/STM32F4xx_HAL_Driver/Src/stm32f4xx_hal_uart.o
 .text.UART_DMARxHalfCplt
                0x08006916       0x3c ./Drivers/STM32F4xx_HAL_Driver/Src/stm32f4xx_hal_uart.o
 .text.UART_DMAError
                0x08006952       0x94 ./Drivers/STM32F4xx_HAL_Driver/Src/stm32f4xx_hal_uart.o
 *fill*         0x080069e6        0x2 
 .text.UART_Start_Receive_DMA
                0x080069e8      0x14c ./Drivers/STM32F4xx_HAL_Driver/Src/stm32f4xx_hal_uart.o
                0x080069e8                UART_Start_Receive_DMA
 .text.UART_EndTxTransfer
                0x08006b34       0x50 ./Drivers/STM32F4xx_HAL_Driver/Src/stm32f4xx_hal_uart.o
 .text.UART_EndRxTransfer
                0x08006b84       0xc6 ./Drivers/STM32F4xx_HAL_Driver/Src/stm32f4xx_hal_uart.o
 .text.UART_DMAAbortOnError
                0x08006c4a       0x22 ./Drivers/STM32F4xx_HAL_Driver/Src/stm32f4xx_hal_uart.o
 .text.UART_Transmit_IT
                0x08006c6c       0xa0 ./Drivers/STM32F4xx_HAL_Driver/Src/stm32f4xx_hal_uart.o
 .text.UART_EndTransmit_IT
                0x08006d0c       0x30 ./Drivers/STM32F4xx_HAL_Driver/Src/stm32f4xx_hal_uart.o
 .text.UART_Receive_IT
                0x08006d3c      0x17c ./Drivers/STM32F4xx_HAL_Driver/Src/stm32f4xx_hal_uart.o
 .text.UART_SetConfig
                0x08006eb8      0x4e8 ./Drivers/STM32F4xx_HAL_Driver/Src/stm32f4xx_hal_uart.o
 .text.USB_CoreInit
                0x080073a0       0xc8 ./Drivers/STM32F4xx_HAL_Driver/Src/stm32f4xx_ll_usb.o
                0x080073a0                USB_CoreInit
 .text.USB_SetTurnaroundTime
                0x08007468      0x144 ./Drivers/STM32F4xx_HAL_Driver/Src/stm32f4xx_ll_usb.o
                0x08007468                USB_SetTurnaroundTime
 .text.USB_EnableGlobalInt
                0x080075ac       0x22 ./Drivers/STM32F4xx_HAL_Driver/Src/stm32f4xx_ll_usb.o
                0x080075ac                USB_EnableGlobalInt
 .text.USB_DisableGlobalInt
                0x080075ce       0x22 ./Drivers/STM32F4xx_HAL_Driver/Src/stm32f4xx_ll_usb.o
                0x080075ce                USB_DisableGlobalInt
 .text.USB_SetCurrentMode
                0x080075f0       0x98 ./Drivers/STM32F4xx_HAL_Driver/Src/stm32f4xx_ll_usb.o
                0x080075f0                USB_SetCurrentMode
 .text.USB_DevInit
                0x08007688      0x2c8 ./Drivers/STM32F4xx_HAL_Driver/Src/stm32f4xx_ll_usb.o
                0x08007688                USB_DevInit
 .text.USB_FlushTxFifo
                0x08007950       0x64 ./Drivers/STM32F4xx_HAL_Driver/Src/stm32f4xx_ll_usb.o
                0x08007950                USB_FlushTxFifo
 .text.USB_FlushRxFifo
                0x080079b4       0x5c ./Drivers/STM32F4xx_HAL_Driver/Src/stm32f4xx_ll_usb.o
                0x080079b4                USB_FlushRxFifo
 .text.USB_SetDevSpeed
                0x08007a10       0x32 ./Drivers/STM32F4xx_HAL_Driver/Src/stm32f4xx_ll_usb.o
                0x08007a10                USB_SetDevSpeed
 .text.USB_GetDevSpeed
                0x08007a42       0x4a ./Drivers/STM32F4xx_HAL_Driver/Src/stm32f4xx_ll_usb.o
                0x08007a42                USB_GetDevSpeed
 .text.USB_ActivateEndpoint
                0x08007a8c      0x10e ./Drivers/STM32F4xx_HAL_Driver/Src/stm32f4xx_ll_usb.o
                0x08007a8c                USB_ActivateEndpoint
 *fill*         0x08007b9a        0x2 
 .text.USB_DeactivateEndpoint
                0x08007b9c      0x1b8 ./Drivers/STM32F4xx_HAL_Driver/Src/stm32f4xx_ll_usb.o
                0x08007b9c                USB_DeactivateEndpoint
 .text.USB_EPStartXfer
                0x08007d54      0x53c ./Drivers/STM32F4xx_HAL_Driver/Src/stm32f4xx_ll_usb.o
                0x08007d54                USB_EPStartXfer
 .text.USB_EPStopXfer
                0x08008290      0x154 ./Drivers/STM32F4xx_HAL_Driver/Src/stm32f4xx_ll_usb.o
                0x08008290                USB_EPStopXfer
 .text.USB_WritePacket
                0x080083e4       0x7c ./Drivers/STM32F4xx_HAL_Driver/Src/stm32f4xx_ll_usb.o
                0x080083e4                USB_WritePacket
 .text.USB_ReadPacket
                0x08008460       0xb0 ./Drivers/STM32F4xx_HAL_Driver/Src/stm32f4xx_ll_usb.o
                0x08008460                USB_ReadPacket
 .text.USB_EPSetStall
                0x08008510       0xdc ./Drivers/STM32F4xx_HAL_Driver/Src/stm32f4xx_ll_usb.o
                0x08008510                USB_EPSetStall
 .text.USB_EPClearStall
                0x080085ec       0xcc ./Drivers/STM32F4xx_HAL_Driver/Src/stm32f4xx_ll_usb.o
                0x080085ec                USB_EPClearStall
 .text.USB_SetDevAddress
                0x080086b8       0x4c ./Drivers/STM32F4xx_HAL_Driver/Src/stm32f4xx_ll_usb.o
                0x080086b8                USB_SetDevAddress
 .text.USB_DevConnect
                0x08008704       0x42 ./Drivers/STM32F4xx_HAL_Driver/Src/stm32f4xx_ll_usb.o
                0x08008704                USB_DevConnect
 .text.USB_DevDisconnect
                0x08008746       0x42 ./Drivers/STM32F4xx_HAL_Driver/Src/stm32f4xx_ll_usb.o
                0x08008746                USB_DevDisconnect
 .text.USB_ReadInterrupts
                0x08008788       0x26 ./Drivers/STM32F4xx_HAL_Driver/Src/stm32f4xx_ll_usb.o
                0x08008788                USB_ReadInterrupts
 .text.USB_ReadDevAllOutEpInterrupt
                0x080087ae       0x34 ./Drivers/STM32F4xx_HAL_Driver/Src/stm32f4xx_ll_usb.o
                0x080087ae                USB_ReadDevAllOutEpInterrupt
 .text.USB_ReadDevAllInEpInterrupt
                0x080087e2       0x34 ./Drivers/STM32F4xx_HAL_Driver/Src/stm32f4xx_ll_usb.o
                0x080087e2                USB_ReadDevAllInEpInterrupt
 .text.USB_ReadDevOutEPInterrupt
                0x08008816       0x3c ./Drivers/STM32F4xx_HAL_Driver/Src/stm32f4xx_ll_usb.o
                0x08008816                USB_ReadDevOutEPInterrupt
 .text.USB_ReadDevInEPInterrupt
                0x08008852       0x5c ./Drivers/STM32F4xx_HAL_Driver/Src/stm32f4xx_ll_usb.o
                0x08008852                USB_ReadDevInEPInterrupt
 .text.USB_GetMode
                0x080088ae       0x1c ./Drivers/STM32F4xx_HAL_Driver/Src/stm32f4xx_ll_usb.o
                0x080088ae                USB_GetMode
 .text.USB_ActivateSetup
                0x080088ca       0x46 ./Drivers/STM32F4xx_HAL_Driver/Src/stm32f4xx_ll_usb.o
                0x080088ca                USB_ActivateSetup
 .text.USB_EP0_OutStart
                0x08008910       0xbc ./Drivers/STM32F4xx_HAL_Driver/Src/stm32f4xx_ll_usb.o
                0x08008910                USB_EP0_OutStart
 .text.USB_CoreReset
                0x080089cc       0x70 ./Drivers/STM32F4xx_HAL_Driver/Src/stm32f4xx_ll_usb.o
 .text.USBD_Init
                0x08008a3c       0x60 ./Middlewares/ST/STM32_USB_Device_Library/Core/Src/usbd_core.o
                0x08008a3c                USBD_Init
 .text.USBD_RegisterClass
                0x08008a9c       0x6c ./Middlewares/ST/STM32_USB_Device_Library/Core/Src/usbd_core.o
                0x08008a9c                USBD_RegisterClass
 .text.USBD_Start
                0x08008b08       0x18 ./Middlewares/ST/STM32_USB_Device_Library/Core/Src/usbd_core.o
                0x08008b08                USBD_Start
 .text.USBD_RunTestMode
                0x08008b20       0x16 ./Middlewares/ST/STM32_USB_Device_Library/Core/Src/usbd_core.o
                0x08008b20                USBD_RunTestMode
 .text.USBD_SetClassConfig
                0x08008b36       0x38 ./Middlewares/ST/STM32_USB_Device_Library/Core/Src/usbd_core.o
                0x08008b36                USBD_SetClassConfig
 .text.USBD_ClrClassConfig
                0x08008b6e       0x34 ./Middlewares/ST/STM32_USB_Device_Library/Core/Src/usbd_core.o
                0x08008b6e                USBD_ClrClassConfig
 .text.USBD_LL_SetupStage
                0x08008ba2       0xaa ./Middlewares/ST/STM32_USB_Device_Library/Core/Src/usbd_core.o
                0x08008ba2                USBD_LL_SetupStage
 .text.USBD_LL_DataOutStage
                0x08008c4c      0x178 ./Middlewares/ST/STM32_USB_Device_Library/Core/Src/usbd_core.o
                0x08008c4c                USBD_LL_DataOutStage
 .text.USBD_LL_DataInStage
                0x08008dc4      0x176 ./Middlewares/ST/STM32_USB_Device_Library/Core/Src/usbd_core.o
                0x08008dc4                USBD_LL_DataInStage
 .text.USBD_LL_Reset
                0x08008f3a       0xa6 ./Middlewares/ST/STM32_USB_Device_Library/Core/Src/usbd_core.o
                0x08008f3a                USBD_LL_Reset
 .text.USBD_LL_SetSpeed
                0x08008fe0       0x20 ./Middlewares/ST/STM32_USB_Device_Library/Core/Src/usbd_core.o
                0x08008fe0                USBD_LL_SetSpeed
 .text.USBD_LL_Suspend
                0x08009000       0x38 ./Middlewares/ST/STM32_USB_Device_Library/Core/Src/usbd_core.o
                0x08009000                USBD_LL_Suspend
 .text.USBD_LL_Resume
                0x08009038       0x30 ./Middlewares/ST/STM32_USB_Device_Library/Core/Src/usbd_core.o
                0x08009038                USBD_LL_Resume
 .text.USBD_LL_SOF
                0x08009068       0x40 ./Middlewares/ST/STM32_USB_Device_Library/Core/Src/usbd_core.o
                0x08009068                USBD_LL_SOF
 .text.USBD_LL_IsoINIncomplete
                0x080090a8       0x64 ./Middlewares/ST/STM32_USB_Device_Library/Core/Src/usbd_core.o
                0x080090a8                USBD_LL_IsoINIncomplete
 .text.USBD_LL_IsoOUTIncomplete
                0x0800910c       0x64 ./Middlewares/ST/STM32_USB_Device_Library/Core/Src/usbd_core.o
                0x0800910c                USBD_LL_IsoOUTIncomplete
 .text.USBD_LL_DevConnected
                0x08009170       0x16 ./Middlewares/ST/STM32_USB_Device_Library/Core/Src/usbd_core.o
                0x08009170                USBD_LL_DevConnected
 .text.USBD_LL_DevDisconnected
                0x08009186       0x46 ./Middlewares/ST/STM32_USB_Device_Library/Core/Src/usbd_core.o
                0x08009186                USBD_LL_DevDisconnected
 .text.USBD_CoreFindIF
                0x080091cc       0x1a ./Middlewares/ST/STM32_USB_Device_Library/Core/Src/usbd_core.o
                0x080091cc                USBD_CoreFindIF
 .text.USBD_CoreFindEP
                0x080091e6       0x1a ./Middlewares/ST/STM32_USB_Device_Library/Core/Src/usbd_core.o
                0x080091e6                USBD_CoreFindEP
 .text.SWAPBYTE
                0x08009200       0x3e ./Middlewares/ST/STM32_USB_Device_Library/Core/Src/usbd_ctlreq.o
 *fill*         0x0800923e        0x2 
 .text.USBD_StdDevReq
                0x08009240       0xe4 ./Middlewares/ST/STM32_USB_Device_Library/Core/Src/usbd_ctlreq.o
                0x08009240                USBD_StdDevReq
 .text.USBD_StdItfReq
                0x08009324       0xd8 ./Middlewares/ST/STM32_USB_Device_Library/Core/Src/usbd_ctlreq.o
                0x08009324                USBD_StdItfReq
 .text.USBD_StdEPReq
                0x080093fc      0x33e ./Middlewares/ST/STM32_USB_Device_Library/Core/Src/usbd_ctlreq.o
                0x080093fc                USBD_StdEPReq
 *fill*         0x0800973a        0x2 
 .text.USBD_GetDescriptor
                0x0800973c      0x2d4 ./Middlewares/ST/STM32_USB_Device_Library/Core/Src/usbd_ctlreq.o
 .text.USBD_SetAddress
                0x08009a10       0x88 ./Middlewares/ST/STM32_USB_Device_Library/Core/Src/usbd_ctlreq.o
 .text.USBD_SetConfig
                0x08009a98      0x154 ./Middlewares/ST/STM32_USB_Device_Library/Core/Src/usbd_ctlreq.o
 .text.USBD_GetConfig
                0x08009bec       0x6c ./Middlewares/ST/STM32_USB_Device_Library/Core/Src/usbd_ctlreq.o
 .text.USBD_GetStatus
                0x08009c58       0x68 ./Middlewares/ST/STM32_USB_Device_Library/Core/Src/usbd_ctlreq.o
 .text.USBD_SetFeature
                0x08009cc0       0x52 ./Middlewares/ST/STM32_USB_Device_Library/Core/Src/usbd_ctlreq.o
 .text.USBD_ClrFeature
                0x08009d12       0x44 ./Middlewares/ST/STM32_USB_Device_Library/Core/Src/usbd_ctlreq.o
 .text.USBD_ParseSetupRequest
                0x08009d56       0x74 ./Middlewares/ST/STM32_USB_Device_Library/Core/Src/usbd_ctlreq.o
                0x08009d56                USBD_ParseSetupRequest
 .text.USBD_CtlError
                0x08009dca       0x22 ./Middlewares/ST/STM32_USB_Device_Library/Core/Src/usbd_ctlreq.o
                0x08009dca                USBD_CtlError
 .text.USBD_GetString
                0x08009dec       0xa4 ./Middlewares/ST/STM32_USB_Device_Library/Core/Src/usbd_ctlreq.o
                0x08009dec                USBD_GetString
 .text.USBD_GetLen
                0x08009e90       0x34 ./Middlewares/ST/STM32_USB_Device_Library/Core/Src/usbd_ctlreq.o
 .text.USBD_CtlSendData
                0x08009ec4       0x3c ./Middlewares/ST/STM32_USB_Device_Library/Core/Src/usbd_ioreq.o
                0x08009ec4                USBD_CtlSendData
 .text.USBD_CtlContinueSendData
                0x08009f00       0x22 ./Middlewares/ST/STM32_USB_Device_Library/Core/Src/usbd_ioreq.o
                0x08009f00                USBD_CtlContinueSendData
 .text.USBD_CtlContinueRx
                0x08009f22       0x22 ./Middlewares/ST/STM32_USB_Device_Library/Core/Src/usbd_ioreq.o
                0x08009f22                USBD_CtlContinueRx
 .text.USBD_CtlSendStatus
                0x08009f44       0x26 ./Middlewares/ST/STM32_USB_Device_Library/Core/Src/usbd_ioreq.o
                0x08009f44                USBD_CtlSendStatus
 .text.USBD_CtlReceiveStatus
                0x08009f6a       0x26 ./Middlewares/ST/STM32_USB_Device_Library/Core/Src/usbd_ioreq.o
                0x08009f6a                USBD_CtlReceiveStatus
 .text.MX_USB_DEVICE_Init
                0x08009f90       0x4c ./USB_DEVICE/App/usb_device.o
                0x08009f90                MX_USB_DEVICE_Init
 .text.USBD_FS_DeviceDescriptor
                0x08009fdc       0x24 ./USB_DEVICE/App/usbd_desc.o
 .text.USBD_FS_LangIDStrDescriptor
                0x0800a000       0x24 ./USB_DEVICE/App/usbd_desc.o
 .text.USBD_FS_ManufacturerStrDescriptor
                0x0800a024       0x28 ./USB_DEVICE/App/usbd_desc.o
 .text.USBD_FS_ProductStrDescriptor
                0x0800a04c       0x28 ./USB_DEVICE/App/usbd_desc.o
 .text.USBD_FS_SerialStrDescriptor
                0x0800a074       0x28 ./USB_DEVICE/App/usbd_desc.o
 .text.USBD_FS_ConfigStrDescriptor
                0x0800a09c       0x28 ./USB_DEVICE/App/usbd_desc.o
 .text.USBD_FS_InterfaceStrDescriptor
                0x0800a0c4       0x28 ./USB_DEVICE/App/usbd_desc.o
 .text.USBD_HID_Init
                0x0800a0ec       0x94 ./USB_DEVICE/App/usbd_hid_custom.o
 .text.USBD_HID_DeInit
                0x0800a180       0x4e ./USB_DEVICE/App/usbd_hid_custom.o
 *fill*         0x0800a1ce        0x2 
 .text.USBD_HID_Setup
                0x0800a1d0      0x230 ./USB_DEVICE/App/usbd_hid_custom.o
 .text.USBD_HID_DataIn
                0x0800a400       0x46 ./USB_DEVICE/App/usbd_hid_custom.o
 *fill*         0x0800a446        0x2 
 .text.USBD_HID_DataOut
                0x0800a448       0x50 ./USB_DEVICE/App/usbd_hid_custom.o
 .text.USBD_HID_GetCfgDesc
                0x0800a498       0x20 ./USB_DEVICE/App/usbd_hid_custom.o
 .text.USBD_HID_GetDeviceQualifierDesc
                0x0800a4b8       0x20 ./USB_DEVICE/App/usbd_hid_custom.o
 .text.USBD_HID_SendKeyboardReport
                0x0800a4d8       0x6e ./USB_DEVICE/App/usbd_hid_custom.o
                0x0800a4d8                USBD_HID_SendKeyboardReport
 *fill*         0x0800a546        0x2 
 .text.USBD_HID_GetRawData
                0x0800a548       0x50 ./USB_DEVICE/App/usbd_hid_custom.o
                0x0800a548                USBD_HID_GetRawData
 .text.USBD_HID_KeyboardReady
                0x0800a598       0x44 ./USB_DEVICE/App/usbd_hid_custom.o
                0x0800a598                USBD_HID_KeyboardReady
 .text.HAL_PCD_MspInit
                0x0800a5dc       0xa8 ./USB_DEVICE/Target/usbd_conf.o
                0x0800a5dc                HAL_PCD_MspInit
 .text.HAL_PCD_SetupStageCallback
                0x0800a684       0x24 ./USB_DEVICE/Target/usbd_conf.o
                0x0800a684                HAL_PCD_SetupStageCallback
 .text.HAL_PCD_DataOutStageCallback
                0x0800a6a8       0x36 ./USB_DEVICE/Target/usbd_conf.o
                0x0800a6a8                HAL_PCD_DataOutStageCallback
 .text.HAL_PCD_DataInStageCallback
                0x0800a6de       0x34 ./USB_DEVICE/Target/usbd_conf.o
                0x0800a6de                HAL_PCD_DataInStageCallback
 .text.HAL_PCD_SOFCallback
                0x0800a712       0x1c ./USB_DEVICE/Target/usbd_conf.o
                0x0800a712                HAL_PCD_SOFCallback
 .text.HAL_PCD_ResetCallback
                0x0800a72e       0x3c ./USB_DEVICE/Target/usbd_conf.o
                0x0800a72e                HAL_PCD_ResetCallback
 *fill*         0x0800a76a        0x2 
 .text.HAL_PCD_SuspendCallback
                0x0800a76c       0x4c ./USB_DEVICE/Target/usbd_conf.o
                0x0800a76c                HAL_PCD_SuspendCallback
 .text.HAL_PCD_ResumeCallback
                0x0800a7b8       0x1c ./USB_DEVICE/Target/usbd_conf.o
                0x0800a7b8                HAL_PCD_ResumeCallback
 .text.HAL_PCD_ISOOUTIncompleteCallback
                0x0800a7d4       0x24 ./USB_DEVICE/Target/usbd_conf.o
                0x0800a7d4                HAL_PCD_ISOOUTIncompleteCallback
 .text.HAL_PCD_ISOINIncompleteCallback
                0x0800a7f8       0x24 ./USB_DEVICE/Target/usbd_conf.o
                0x0800a7f8                HAL_PCD_ISOINIncompleteCallback
 .text.HAL_PCD_ConnectCallback
                0x0800a81c       0x1c ./USB_DEVICE/Target/usbd_conf.o
                0x0800a81c                HAL_PCD_ConnectCallback
 .text.HAL_PCD_DisconnectCallback
                0x0800a838       0x1c ./USB_DEVICE/Target/usbd_conf.o
                0x0800a838                HAL_PCD_DisconnectCallback
 .text.USBD_LL_Init
                0x0800a854       0xa4 ./USB_DEVICE/Target/usbd_conf.o
                0x0800a854                USBD_LL_Init
 .text.USBD_LL_Start
                0x0800a8f8       0x36 ./USB_DEVICE/Target/usbd_conf.o
                0x0800a8f8                USBD_LL_Start
 .text.USBD_LL_OpenEP
                0x0800a92e       0x4c ./USB_DEVICE/Target/usbd_conf.o
                0x0800a92e                USBD_LL_OpenEP
 .text.USBD_LL_CloseEP
                0x0800a97a       0x3e ./USB_DEVICE/Target/usbd_conf.o
                0x0800a97a                USBD_LL_CloseEP
 .text.USBD_LL_StallEP
                0x0800a9b8       0x3e ./USB_DEVICE/Target/usbd_conf.o
                0x0800a9b8                USBD_LL_StallEP
 .text.USBD_LL_ClearStallEP
                0x0800a9f6       0x3e ./USB_DEVICE/Target/usbd_conf.o
                0x0800a9f6                USBD_LL_ClearStallEP
 .text.USBD_LL_IsStallEP
                0x0800aa34       0x58 ./USB_DEVICE/Target/usbd_conf.o
                0x0800aa34                USBD_LL_IsStallEP
 .text.USBD_LL_SetUSBAddress
                0x0800aa8c       0x3e ./USB_DEVICE/Target/usbd_conf.o
                0x0800aa8c                USBD_LL_SetUSBAddress
 .text.USBD_LL_Transmit
                0x0800aaca       0x42 ./USB_DEVICE/Target/usbd_conf.o
                0x0800aaca                USBD_LL_Transmit
 .text.USBD_LL_PrepareReceive
                0x0800ab0c       0x42 ./USB_DEVICE/Target/usbd_conf.o
                0x0800ab0c                USBD_LL_PrepareReceive
 *fill*         0x0800ab4e        0x2 
 .text.USBD_Get_USB_Status
                0x0800ab50       0x58 ./USB_DEVICE/Target/usbd_conf.o
                0x0800ab50                USBD_Get_USB_Status
 .text.memcmp   0x0800aba8       0x20 C:/ST/STM32CubeIDE_2.0.0/STM32CubeIDE/plugins/com.st.stm32cube.ide.mcu.externaltools.gnu-tools-for-stm32.13.3.rel1.win32_1.0.100.202509120712/tools/bin/../lib/gcc/arm-none-eabi/13.3.1/../../../../arm-none-eabi/lib/thumb/v7e-m+fp/hard\libc_nano.a(libc_a-memcmp.o)
                0x0800aba8                memcmp
 .text.memset   0x0800abc8       0x10 C:/ST/STM32CubeIDE_2.0.0/STM32CubeIDE/plugins/com.st.stm32cube.ide.mcu.externaltools.gnu-tools-for-stm32.13.3.rel1.win32_1.0.100.202509120712/tools/bin/../lib/gcc/arm-none-eabi/13.3.1/../../../../arm-none-eabi/lib/thumb/v7e-m+fp/hard\libc_nano.a(libc_a-memset.o)
                0x0800abc8                memset
 .text.__libc_init_array
                0x0800abd8       0x48 C:/ST/STM32CubeIDE_2.0.0/STM32CubeIDE/plugins/com.st.stm32cube.ide.mcu.externaltools.gnu-tools-for-stm32.13.3.rel1.win32_1.0.100.202509120712/tools/bin/../lib/gcc/arm-none-eabi/13.3.1/../../../../arm-none-eabi/lib/thumb/v7e-m+fp/hard\libc_nano.a(libc_a-init.o)
                0x0800abd8                __libc_init_array
 .text.memcpy   0x0800ac20       0x1c C:/ST/STM32CubeIDE_2.0.0/STM32CubeIDE/plugins/com.st.stm32cube.ide.mcu.externaltools.gnu-tools-for-stm32.13.3.rel1.win32_1.0.100.202509120712/tools/bin/../lib/gcc/arm-none-eabi/13.3.1/../../../../arm-none-eabi/lib/thumb/v7e-m+fp/hard\libc_nano.a(libc_a-memcpy-stub.o)
                0x0800ac20                memcpy
 *(.glue_7)
 .glue_7        0x0800ac3c        0x0 linker stubs
 *(.glue_7t)
 .glue_7t       0x0800ac3c        0x0 linker stubs
 *(.eh_frame)
 .eh_frame      0x0800ac3c        0x0 C:/ST/STM32CubeIDE_2.0.0/STM32CubeIDE/plugins/com.st.stm32cube.ide.mcu.externaltools.gnu-tools-for-stm32.13.3.rel1.win32_1.0.100.202509120712/tools/bin/../lib/gcc/arm-none-eabi/13.3.1/thumb/v7e-m+fp/hard/crtbegin.o
 *(.init)
 .init          0x0800ac3c        0x4 C:/ST/STM32CubeIDE_2.0.0/STM32CubeIDE/plugins/com.st.stm32cube.ide.mcu.externaltools.gnu-tools-for-stm32.13.3.rel1.win32_1.0.100.202509120712/tools/bin/../lib/gcc/arm-none-eabi/13.3.1/thumb/v7e-m+fp/hard/crti.o
                0x0800ac3c                _init
 .init          0x0800ac40        0x8 C:/ST/STM32CubeIDE_2.0.0/STM32CubeIDE/plugins/com.st.stm32cube.ide.mcu.externaltools.gnu-tools-for-stm32.13.3.rel1.win32_1.0.100.202509120712/tools/bin/../lib/gcc/arm-none-eabi/13.3.1/thumb/v7e-m+fp/hard/crtn.o
 *(.fini)
 .fini          0x0800ac48        0x4 C:/ST/STM32CubeIDE_2.0.0/STM32CubeIDE/plugins/com.st.stm32cube.ide.mcu.externaltools.gnu-tools-for-stm32.13.3.rel1.win32_1.0.100.202509120712/tools/bin/../lib/gcc/arm-none-eabi/13.3.1/thumb/v7e-m+fp/hard/crti.o
                0x0800ac48                _fini
 .fini          0x0800ac4c        0x8 C:/ST/STM32CubeIDE_2.0.0/STM32CubeIDE/plugins/com.st.stm32cube.ide.mcu.externaltools.gnu-tools-for-stm32.13.3.rel1.win32_1.0.100.202509120712/tools/bin/../lib/gcc/arm-none-eabi/13.3.1/thumb/v7e-m+fp/hard/crtn.o
                0x0800ac54                        . = ALIGN (0x4)
                0x0800ac54                        _etext = .

.vfp11_veneer   0x0800ac54        0x0
 .vfp11_veneer  0x0800ac54        0x0 linker stubs

.v4_bx          0x0800ac54        0x0
 .v4_bx         0x0800ac54        0x0 linker stubs

.iplt           0x0800ac54        0x0
 .iplt          0x0800ac54        0x0 C:/ST/STM32CubeIDE_2.0.0/STM32CubeIDE/plugins/com.st.stm32cube.ide.mcu.externaltools.gnu-tools-for-stm32.13.3.rel1.win32_1.0.100.202509120712/tools/bin/../lib/gcc/arm-none-eabi/13.3.1/thumb/v7e-m+fp/hard/crtbegin.o

.rodata         0x0800ac54      0x1b4
                0x0800ac54                        . = ALIGN (0x4)
 *(.rodata)
 .rodata        0x0800ac54       0x56 ./USB_DEVICE/App/usbd_desc.o
 *(.rodata*)
 *fill*         0x0800acaa        0x2 
 .rodata.KEYMAP_LEFT_LAYER0
                0x0800acac       0x20 ./Core/Src/key_processor.o
 .rodata.KEYMAP_LEFT_LAYER1
                0x0800accc       0x20 ./Core/Src/key_processor.o
 .rodata.KEYMAP_RIGHT_LAYER0
                0x0800acec       0x20 ./Core/Src/key_processor.o
 .rodata.KEYMAP_RIGHT_LAYER1
                0x0800ad0c       0x20 ./Core/Src/key_processor.o
 .rodata.s_row_pins
                0x0800ad2c        0x8 ./Core/Src/matrix_driver.o
 .rodata.s_col_pins
                0x0800ad34        0x8 ./Core/Src/matrix_driver.o
 .rodata.AHBPrescTable
                0x0800ad3c       0x10 ./Core/Src/system_stm32f4xx.o
                0x0800ad3c                AHBPrescTable
 .rodata.APBPrescTable
                0x0800ad4c        0x8 ./Core/Src/system_stm32f4xx.o
                0x0800ad4c                APBPrescTable
 .rodata.flagBitshiftOffset.0
                0x0800ad54        0x8 ./Drivers/STM32F4xx_HAL_Driver/Src/stm32f4xx_hal_dma.o
 .rodata.HID_KB_ReportDesc
                0x0800ad5c       0x42 ./USB_DEVICE/App/usbd_hid_custom.o
 *fill*         0x0800ad9e        0x2 
 .rodata.HID_Raw_ReportDesc
                0x0800ada0       0x22 ./USB_DEVICE/App/usbd_hid_custom.o
 *fill*         0x0800adc2        0x2 
 .rodata.USBD_HID_CfgDesc
                0x0800adc4       0x42 ./USB_DEVICE/App/usbd_hid_custom.o
                0x0800ae08                        . = ALIGN (0x4)
 *fill*         0x0800ae06        0x2 

.ARM.extab      0x0800ae08        0x0
                0x0800ae08                        . = ALIGN (0x4)
 *(.ARM.extab* .gnu.linkonce.armextab.*)
                0x0800ae08                        . = ALIGN (0x4)

.ARM            0x0800ae08        0x8
                0x0800ae08                        . = ALIGN (0x4)
                0x0800ae08                        __exidx_start = .
 *(.ARM.exidx*)
 .ARM.exidx     0x0800ae08        0x8 C:/ST/STM32CubeIDE_2.0.0/STM32CubeIDE/plugins/com.st.stm32cube.ide.mcu.externaltools.gnu-tools-for-stm32.13.3.rel1.win32_1.0.100.202509120712/tools/bin/../lib/gcc/arm-none-eabi/13.3.1/thumb/v7e-m+fp/hard\libgcc.a(_udivmoddi4.o)
                0x0800ae10                        __exidx_end = .
                0x0800ae10                        . = ALIGN (0x4)

.preinit_array  0x0800ae10        0x0
                0x0800ae10                        . = ALIGN (0x4)
                0x0800ae10                        PROVIDE (__preinit_array_start = .)
 *(.preinit_array*)
                0x0800ae10                        PROVIDE (__preinit_array_end = .)
                0x0800ae10                        . = ALIGN (0x4)

.init_array     0x0800ae10        0x4
                0x0800ae10                        . = ALIGN (0x4)
                0x0800ae10                        PROVIDE (__init_array_start = .)
 *(SORT_BY_NAME(.init_array.*))
 *(.init_array*)
 .init_array    0x0800ae10        0x4 C:/ST/STM32CubeIDE_2.0.0/STM32CubeIDE/plugins/com.st.stm32cube.ide.mcu.externaltools.gnu-tools-for-stm32.13.3.rel1.win32_1.0.100.202509120712/tools/bin/../lib/gcc/arm-none-eabi/13.3.1/thumb/v7e-m+fp/hard/crtbegin.o
                0x0800ae14                        PROVIDE (__init_array_end = .)
                0x0800ae14                        . = ALIGN (0x4)

.fini_array     0x0800ae14        0x4
                0x0800ae14                        . = ALIGN (0x4)
                [!provide]                        PROVIDE (__fini_array_start = .)
 *(SORT_BY_NAME(.fini_array.*))
 *(.fini_array*)
 .fini_array    0x0800ae14        0x4 C:/ST/STM32CubeIDE_2.0.0/STM32CubeIDE/plugins/com.st.stm32cube.ide.mcu.externaltools.gnu-tools-for-stm32.13.3.rel1.win32_1.0.100.202509120712/tools/bin/../lib/gcc/arm-none-eabi/13.3.1/thumb/v7e-m+fp/hard/crtbegin.o
                [!provide]                        PROVIDE (__fini_array_end = .)
                0x0800ae18                        . = ALIGN (0x4)
                0x0800ae18                        _sidata = LOADADDR (.data)

.rel.dyn        0x0800ae18        0x0
 .rel.iplt      0x0800ae18        0x0 C:/ST/STM32CubeIDE_2.0.0/STM32CubeIDE/plugins/com.st.stm32cube.ide.mcu.externaltools.gnu-tools-for-stm32.13.3.rel1.win32_1.0.100.202509120712/tools/bin/../lib/gcc/arm-none-eabi/13.3.1/thumb/v7e-m+fp/hard/crtbegin.o

.data           0x20000000       0x88 load address 0x0800ae18
                0x20000000                        . = ALIGN (0x4)
                0x20000000                        _sdata = .
 *(.data)
 *(.data*)
 .data.g_keyboard_role
                0x20000000        0x1 ./Core/Src/main.o
                0x20000000                g_keyboard_role
 *fill*         0x20000001        0x3 
 .data.SystemCoreClock
                0x20000004        0x4 ./Core/Src/system_stm32f4xx.o
                0x20000004                SystemCoreClock
 .data.uwTickPrio
                0x20000008        0x4 ./Drivers/STM32F4xx_HAL_Driver/Src/stm32f4xx_hal.o
                0x20000008                uwTickPrio
 .data.uwTickFreq
                0x2000000c        0x1 ./Drivers/STM32F4xx_HAL_Driver/Src/stm32f4xx_hal.o
                0x2000000c                uwTickFreq
 *fill*         0x2000000d        0x3 
 .data.Dactyl_Desc
                0x20000010       0x1c ./USB_DEVICE/App/usbd_desc.o
                0x20000010                Dactyl_Desc
 .data.USBD_FS_DeviceDesc
                0x2000002c       0x12 ./USB_DEVICE/App/usbd_desc.o
 *fill*         0x2000003e        0x2 
 .data.USBD_LangIDDesc
                0x20000040        0x4 ./USB_DEVICE/App/usbd_desc.o
 .data.USBD_HID_Custom
                0x20000044       0x38 ./USB_DEVICE/App/usbd_hid_custom.o
                0x20000044                USBD_HID_Custom
 .data.USBD_HID_DeviceQualifierDesc
                0x2000007c        0xa ./USB_DEVICE/App/usbd_hid_custom.o
 *(.RamFunc)
 *(.RamFunc*)
                0x20000088                        . = ALIGN (0x4)
 *fill*         0x20000086        0x2 
                0x20000088                        _edata = .

.igot.plt       0x20000088        0x0 load address 0x0800aea0
 .igot.plt      0x20000088        0x0 C:/ST/STM32CubeIDE_2.0.0/STM32CubeIDE/plugins/com.st.stm32cube.ide.mcu.externaltools.gnu-tools-for-stm32.13.3.rel1.win32_1.0.100.202509120712/tools/bin/../lib/gcc/arm-none-eabi/13.3.1/thumb/v7e-m+fp/hard/crtbegin.o
                0x20000088                        . = ALIGN (0x4)

.bss            0x20000088     0x1284 load address 0x0800aea0
                0x20000088                        _sbss = .
                0x20000088                        __bss_start__ = _sbss
 *(.bss)
 .bss           0x20000088       0x1c C:/ST/STM32CubeIDE_2.0.0/STM32CubeIDE/plugins/com.st.stm32cube.ide.mcu.externaltools.gnu-tools-for-stm32.13.3.rel1.win32_1.0.100.202509120712/tools/bin/../lib/gcc/arm-none-eabi/13.3.1/thumb/v7e-m+fp/hard/crtbegin.o
 *(.bss*)
 .bss.s_last_report
                0x200000a4        0x9 ./Core/Src/hid_reporter.o
 *fill*         0x200000ad        0x3 
 .bss.s_current_report
                0x200000b0        0x9 ./Core/Src/hid_reporter.o
 *fill*         0x200000b9        0x3 
 .bss.hiwdg     0x200000bc        0xc ./Core/Src/iwdg.o
                0x200000bc                hiwdg
 .bss.s_state   0x200000c8       0x14 ./Core/Src/key_processor.o
 .bss.s_keymap_left
                0x200000dc       0x40 ./Core/Src/key_processor.o
 .bss.s_keymap_right
                0x2000011c       0x40 ./Core/Src/key_processor.o
 .bss.s_active_local
                0x2000015c       0x20 ./Core/Src/key_processor.o
 .bss.s_active_remote
                0x2000017c       0x20 ./Core/Src/key_processor.o
 .bss.s_overflow_count
                0x2000019c        0x1 ./Core/Src/key_processor.o
 *fill*         0x2000019d        0x3 
 .bss.s_led     0x200001a0       0x10 ./Core/Src/led_manager.o
 .bss.s_matrix_state
                0x200001b0       0x50 ./Core/Src/matrix_driver.o
 .bss.s_event_queue
                0x20000200      0x104 ./Core/Src/matrix_driver.o
 .bss.s_comm    0x20000304      0x3b4 ./Core/Src/split_comm.o
 .bss.s_remote_events
                0x200006b8       0x80 ./Core/Src/split_comm.o
 .bss.s_remote_head
                0x20000738        0x1 ./Core/Src/split_comm.o
 .bss.s_remote_tail
                0x20000739        0x1 ./Core/Src/split_comm.o
 .bss.s_remote_count
                0x2000073a        0x1 ./Core/Src/split_comm.o
 *fill*         0x2000073b        0x1 
 .bss.s_prev_remote_state.0
                0x2000073c        0x4 ./Core/Src/split_comm.o
 .bss.htim5     0x20000740       0x48 ./Core/Src/stm32f4xx_hal_timebase_tim.o
                0x20000740                htim5
 .bss.htim2     0x20000788       0x48 ./Core/Src/tim.o
                0x20000788                htim2
 .bss.huart1    0x200007d0       0x48 ./Core/Src/usart.o
                0x200007d0                huart1
 .bss.hdma_usart1_rx
                0x20000818       0x60 ./Core/Src/usart.o
                0x20000818                hdma_usart1_rx
 .bss.hdma_usart1_tx
                0x20000878       0x60 ./Core/Src/usart.o
                0x20000878                hdma_usart1_tx
 .bss.uwTick    0x200008d8        0x4 ./Drivers/STM32F4xx_HAL_Driver/Src/stm32f4xx_hal.o
                0x200008d8                uwTick
 .bss.cfgidx.0  0x200008dc        0x1 ./Middlewares/ST/STM32_USB_Device_Library/Core/Src/usbd_ctlreq.o
 *fill*         0x200008dd        0x3 
 .bss.hUsbDeviceFS
                0x200008e0      0x2dc ./USB_DEVICE/App/usb_device.o
                0x200008e0                hUsbDeviceFS
 .bss.USBD_StrDesc
                0x20000bbc      0x200 ./USB_DEVICE/App/usbd_desc.o
 .bss.s_hid_handle
                0x20000dbc       0x25 ./USB_DEVICE/App/usbd_hid_custom.o
 *fill*         0x20000de1        0x3 
 .bss.s_raw_rx_buf
                0x20000de4       0x20 ./USB_DEVICE/App/usbd_hid_custom.o
 .bss.s_raw_data_buf
                0x20000e04       0x20 ./USB_DEVICE/App/usbd_hid_custom.o
 .bss.s_raw_data_available
                0x20000e24        0x1 ./USB_DEVICE/App/usbd_hid_custom.o
 *fill*         0x20000e25        0x3 
 .bss.hpcd_USB_OTG_FS
                0x20000e28      0x4e4 ./USB_DEVICE/Target/usbd_conf.o
                0x20000e28                hpcd_USB_OTG_FS
 *(COMMON)
                0x2000130c                        . = ALIGN (0x4)
                0x2000130c                        _ebss = .
                0x2000130c                        __bss_end__ = _ebss

._user_heap_stack
                0x2000130c      0x604 load address 0x0800aea0
                0x20001310                        . = ALIGN (0x8)
 *fill*         0x2000130c        0x4 
                [!provide]                        PROVIDE (end = .)
                0x20001310                        PROVIDE (_end = .)
                0x20001510                        . = (. + _Min_Heap_Size)
 *fill*         0x20001310      0x200 
                0x20001910                        . = (. + _Min_Stack_Size)
 *fill*         0x20001510      0x400 
                0x20001910                        . = ALIGN (0x8)

/DISCARD/
 libc.a(*)
 libm.a(*)
 libgcc.a(*)

.ARM.attributes
                0x00000000       0x30
 *(.ARM.attributes)
 .ARM.attributes
                0x00000000       0x22 C:/ST/STM32CubeIDE_2.0.0/STM32CubeIDE/plugins/com.st.stm32cube.ide.mcu.externaltools.gnu-tools-for-stm32.13.3.rel1.win32_1.0.100.202509120712/tools/bin/../lib/gcc/arm-none-eabi/13.3.1/thumb/v7e-m+fp/hard/crti.o
 .ARM.attributes
                0x00000022       0x34 C:/ST/STM32CubeIDE_2.0.0/STM32CubeIDE/plugins/com.st.stm32cube.ide.mcu.externaltools.gnu-tools-for-stm32.13.3.rel1.win32_1.0.100.202509120712/tools/bin/../lib/gcc/arm-none-eabi/13.3.1/thumb/v7e-m+fp/hard/crtbegin.o
 .ARM.attributes
                0x00000056       0x34 ./Core/Src/crc16.o
 .ARM.attributes
                0x0000008a       0x34 ./Core/Src/dma.o
 .ARM.attributes
                0x000000be       0x34 ./Core/Src/gpio.o
 .ARM.attributes
                0x000000f2       0x34 ./Core/Src/hid_reporter.o
 .ARM.attributes
                0x00000126       0x34 ./Core/Src/iwdg.o
 .ARM.attributes
                0x0000015a       0x34 ./Core/Src/key_processor.o
 .ARM.attributes
                0x0000018e       0x34 ./Core/Src/led_manager.o
 .ARM.attributes
                0x000001c2       0x34 ./Core/Src/main.o
 .ARM.attributes
                0x000001f6       0x34 ./Core/Src/matrix_driver.o
 .ARM.attributes
                0x0000022a       0x34 ./Core/Src/split_comm.o
 .ARM.attributes
                0x0000025e       0x34 ./Core/Src/stm32f4xx_hal_msp.o
 .ARM.attributes
                0x00000292       0x34 ./Core/Src/stm32f4xx_hal_timebase_tim.o
 .ARM.attributes
                0x000002c6       0x34 ./Core/Src/stm32f4xx_it.o
 .ARM.attributes
                0x000002fa       0x34 ./Core/Src/system_stm32f4xx.o
 .ARM.attributes
                0x0000032e       0x34 ./Core/Src/tim.o
 .ARM.attributes
                0x00000362       0x34 ./Core/Src/usart.o
 .ARM.attributes
                0x00000396       0x21 ./Core/Startup/startup_stm32f401rctx.o
 .ARM.attributes
                0x000003b7       0x34 ./Drivers/STM32F4xx_HAL_Driver/Src/stm32f4xx_hal.o
 .ARM.attributes
                0x000003eb       0x34 ./Drivers/STM32F4xx_HAL_Driver/Src/stm32f4xx_hal_cortex.o
 .ARM.attributes
                0x0000041f       0x34 ./Drivers/STM32F4xx_HAL_Driver/Src/stm32f4xx_hal_dma.o
 .ARM.attributes
                0x00000453       0x34 ./Drivers/STM32F4xx_HAL_Driver/Src/stm32f4xx_hal_gpio.o
 .ARM.attributes
                0x00000487       0x34 ./Drivers/STM32F4xx_HAL_Driver/Src/stm32f4xx_hal_iwdg.o
 .ARM.attributes
                0x000004bb       0x34 ./Drivers/STM32F4xx_HAL_Driver/Src/stm32f4xx_hal_pcd.o
 .ARM.attributes
                0x000004ef       0x34 ./Drivers/STM32F4xx_HAL_Driver/Src/stm32f4xx_hal_pcd_ex.o
 .ARM.attributes
                0x00000523       0x34 ./Drivers/STM32F4xx_HAL_Driver/Src/stm32f4xx_hal_rcc.o
 .ARM.attributes
                0x00000557       0x34 ./Drivers/STM32F4xx_HAL_Driver/Src/stm32f4xx_hal_tim.o
 .ARM.attributes
                0x0000058b       0x34 ./Drivers/STM32F4xx_HAL_Driver/Src/stm32f4xx_hal_tim_ex.o
 .ARM.attributes
                0x000005bf       0x34 ./Drivers/STM32F4xx_HAL_Driver/Src/stm32f4xx_hal_uart.o
 .ARM.attributes
                0x000005f3       0x34 ./Drivers/STM32F4xx_HAL_Driver/Src/stm32f4xx_ll_usb.o
 .ARM.attributes
                0x00000627       0x34 ./Middlewares/ST/STM32_USB_Device_Library/Core/Src/usbd_core.o
 .ARM.attributes
                0x0000065b       0x34 ./Middlewares/ST/STM32_USB_Device_Library/Core/Src/usbd_ctlreq.o
 .ARM.attributes
                0x0000068f       0x34 ./Middlewares/ST/STM32_USB_Device_Library/Core/Src/usbd_ioreq.o
 .ARM.attributes
                0x000006c3       0x34 ./USB_DEVICE/App/usb_device.o
 .ARM.attributes
                0x000006f7       0x34 ./USB_DEVICE/App/usbd_desc.o
 .ARM.attributes
                0x0000072b       0x34 ./USB_DEVICE/App/usbd_hid_custom.o
 .ARM.attributes
                0x0000075f       0x34 ./USB_DEVICE/Target/usbd_conf.o
 .ARM.attributes
                0x00000793       0x34 C:/ST/STM32CubeIDE_2.0.0/STM32CubeIDE/plugins/com.st.stm32cube.ide.mcu.externaltools.gnu-tools-for-stm32.13.3.rel1.win32_1.0.100.202509120712/tools/bin/../lib/gcc/arm-none-eabi/13.3.1/../../../../arm-none-eabi/lib/thumb/v7e-m+fp/hard\libc_nano.a(libc_a-memcmp.o)
 .ARM.attributes
                0x000007c7       0x34 C:/ST/STM32CubeIDE_2.0.0/STM32CubeIDE/plugins/com.st.stm32cube.ide.mcu.externaltools.gnu-tools-for-stm32.13.3.rel1.win32_1.0.100.202509120712/tools/bin/../lib/gcc/arm-none-eabi/13.3.1/../../../../arm-none-eabi/lib/thumb/v7e-m+fp/hard\libc_nano.a(libc_a-memset.o)
 .ARM.attributes
                0x000007fb       0x34 C:/ST/STM32CubeIDE_2.0.0/STM32CubeIDE/plugins/com.st.stm32cube.ide.mcu.externaltools.gnu-tools-for-stm32.13.3.rel1.win32_1.0.100.202509120712/tools/bin/../lib/gcc/arm-none-eabi/13.3.1/../../../../arm-none-eabi/lib/thumb/v7e-m+fp/hard\libc_nano.a(libc_a-init.o)
 .ARM.attributes
                0x0000082f       0x34 C:/ST/STM32CubeIDE_2.0.0/STM32CubeIDE/plugins/com.st.stm32cube.ide.mcu.externaltools.gnu-tools-for-stm32.13.3.rel1.win32_1.0.100.202509120712/tools/bin/../lib/gcc/arm-none-eabi/13.3.1/../../../../arm-none-eabi/lib/thumb/v7e-m+fp/hard\libc_nano.a(libc_a-memcpy-stub.o)
 .ARM.attributes
                0x00000863       0x22 C:/ST/STM32CubeIDE_2.0.0/STM32CubeIDE/plugins/com.st.stm32cube.ide.mcu.externaltools.gnu-tools-for-stm32.13.3.rel1.win32_1.0.100.202509120712/tools/bin/../lib/gcc/arm-none-eabi/13.3.1/thumb/v7e-m+fp/hard\libgcc.a(_aeabi_uldivmod.o)
 .ARM.attributes
                0x00000885       0x34 C:/ST/STM32CubeIDE_2.0.0/STM32CubeIDE/plugins/com.st.stm32cube.ide.mcu.externaltools.gnu-tools-for-stm32.13.3.rel1.win32_1.0.100.202509120712/tools/bin/../lib/gcc/arm-none-eabi/13.3.1/thumb/v7e-m+fp/hard\libgcc.a(_udivmoddi4.o)
 .ARM.attributes
                0x000008b9       0x22 C:/ST/STM32CubeIDE_2.0.0/STM32CubeIDE/plugins/com.st.stm32cube.ide.mcu.externaltools.gnu-tools-for-stm32.13.3.rel1.win32_1.0.100.202509120712/tools/bin/../lib/gcc/arm-none-eabi/13.3.1/thumb/v7e-m+fp/hard\libgcc.a(_dvmd_tls.o)
 .ARM.attributes
                0x000008db       0x22 C:/ST/STM32CubeIDE_2.0.0/STM32CubeIDE/plugins/com.st.stm32cube.ide.mcu.externaltools.gnu-tools-for-stm32.13.3.rel1.win32_1.0.100.202509120712/tools/bin/../lib/gcc/arm-none-eabi/13.3.1/thumb/v7e-m+fp/hard/crtn.o
OUTPUT(Dactyl_Left.elf elf32-littlearm)
LOAD linker stubs
LOAD C:/ST/STM32CubeIDE_2.0.0/STM32CubeIDE/plugins/com.st.stm32cube.ide.mcu.externaltools.gnu-tools-for-stm32.13.3.rel1.win32_1.0.100.202509120712/tools/bin/../lib/gcc/arm-none-eabi/13.3.1/../../../../arm-none-eabi/lib/thumb/v7e-m+fp/hard\libc.a
LOAD C:/ST/STM32CubeIDE_2.0.0/STM32CubeIDE/plugins/com.st.stm32cube.ide.mcu.externaltools.gnu-tools-for-stm32.13.3.rel1.win32_1.0.100.202509120712/tools/bin/../lib/gcc/arm-none-eabi/13.3.1/../../../../arm-none-eabi/lib/thumb/v7e-m+fp/hard\libm.a
LOAD C:/ST/STM32CubeIDE_2.0.0/STM32CubeIDE/plugins/com.st.stm32cube.ide.mcu.externaltools.gnu-tools-for-stm32.13.3.rel1.win32_1.0.100.202509120712/tools/bin/../lib/gcc/arm-none-eabi/13.3.1/thumb/v7e-m+fp/hard\libgcc.a

.debug_info     0x00000000    0x1ac81
 .debug_info    0x00000000      0x164 ./Core/Src/crc16.o
 .debug_info    0x00000164      0x43f ./Core/Src/dma.o
 .debug_info    0x000005a3      0x433 ./Core/Src/gpio.o
 .debug_info    0x000009d6      0x7ab ./Core/Src/hid_reporter.o
 .debug_info    0x00001181      0x1b9 ./Core/Src/iwdg.o
 .debug_info    0x0000133a      0x6b4 ./Core/Src/key_processor.o
 .debug_info    0x000019ee      0x397 ./Core/Src/led_manager.o
 .debug_info    0x00001d85     0x170d ./Core/Src/main.o
 .debug_info    0x00003492      0x751 ./Core/Src/matrix_driver.o
 .debug_info    0x00003be3     0x1193 ./Core/Src/split_comm.o
 .debug_info    0x00004d76      0x291 ./Core/Src/stm32f4xx_hal_msp.o
 .debug_info    0x00005007      0xb7d ./Core/Src/stm32f4xx_hal_timebase_tim.o
 .debug_info    0x00005b84      0xe9d ./Core/Src/stm32f4xx_it.o
 .debug_info    0x00006a21      0x545 ./Core/Src/system_stm32f4xx.o
 .debug_info    0x00006f66      0xb92 ./Core/Src/tim.o
 .debug_info    0x00007af8      0xb73 ./Core/Src/usart.o
 .debug_info    0x0000866b       0x30 ./Core/Startup/startup_stm32f401rctx.o
 .debug_info    0x0000869b      0x8bb ./Drivers/STM32F4xx_HAL_Driver/Src/stm32f4xx_hal.o
 .debug_info    0x00008f56      0xcf6 ./Drivers/STM32F4xx_HAL_Driver/Src/stm32f4xx_hal_cortex.o
 .debug_info    0x00009c4c      0x8e6 ./Drivers/STM32F4xx_HAL_Driver/Src/stm32f4xx_hal_dma.o
 .debug_info    0x0000a532      0x6f9 ./Drivers/STM32F4xx_HAL_Driver/Src/stm32f4xx_hal_gpio.o
 .debug_info    0x0000ac2b      0x1d8 ./Drivers/STM32F4xx_HAL_Driver/Src/stm32f4xx_hal_iwdg.o
 .debug_info    0x0000ae03     0x1577 ./Drivers/STM32F4xx_HAL_Driver/Src/stm32f4xx_hal_pcd.o
 .debug_info    0x0000c37a      0x6ea ./Drivers/STM32F4xx_HAL_Driver/Src/stm32f4xx_hal_pcd_ex.o
 .debug_info    0x0000ca64      0x905 ./Drivers/STM32F4xx_HAL_Driver/Src/stm32f4xx_hal_rcc.o
 .debug_info    0x0000d369     0x2996 ./Drivers/STM32F4xx_HAL_Driver/Src/stm32f4xx_hal_tim.o
 .debug_info    0x0000fcff     0x14d4 ./Drivers/STM32F4xx_HAL_Driver/Src/stm32f4xx_hal_tim_ex.o
 .debug_info    0x000111d3     0x2f56 ./Drivers/STM32F4xx_HAL_Driver/Src/stm32f4xx_hal_uart.o
 .debug_info    0x00014129     0x1993 ./Drivers/STM32F4xx_HAL_Driver/Src/stm32f4xx_ll_usb.o
 .debug_info    0x00015abc      0xe12 ./Middlewares/ST/STM32_USB_Device_Library/Core/Src/usbd_core.o
 .debug_info    0x000168ce      0xaeb ./Middlewares/ST/STM32_USB_Device_Library/Core/Src/usbd_ctlreq.o
 .debug_info    0x000173b9      0x762 ./Middlewares/ST/STM32_USB_Device_Library/Core/Src/usbd_ioreq.o
 .debug_info    0x00017b1b      0x60b ./USB_DEVICE/App/usb_device.o
 .debug_info    0x00018126      0x375 ./USB_DEVICE/App/usbd_desc.o
 .debug_info    0x0001849b      0xbd2 ./USB_DEVICE/App/usbd_hid_custom.o
 .debug_info    0x0001906d     0x1c14 ./USB_DEVICE/Target/usbd_conf.o

.debug_abbrev   0x00000000     0x4bd0
 .debug_abbrev  0x00000000       0xc1 ./Core/Src/crc16.o
 .debug_abbrev  0x000000c1      0x10e ./Core/Src/dma.o
 .debug_abbrev  0x000001cf      0x151 ./Core/Src/gpio.o
 .debug_abbrev  0x00000320      0x1ea ./Core/Src/hid_reporter.o
 .debug_abbrev  0x0000050a      0x128 ./Core/Src/iwdg.o
 .debug_abbrev  0x00000632      0x27d ./Core/Src/key_processor.o
 .debug_abbrev  0x000008af      0x219 ./Core/Src/led_manager.o
 .debug_abbrev  0x00000ac8      0x2d9 ./Core/Src/main.o
 .debug_abbrev  0x00000da1      0x321 ./Core/Src/matrix_driver.o
 .debug_abbrev  0x000010c2      0x490 ./Core/Src/split_comm.o
 .debug_abbrev  0x00001552       0xd8 ./Core/Src/stm32f4xx_hal_msp.o
 .debug_abbrev  0x0000162a      0x207 ./Core/Src/stm32f4xx_hal_timebase_tim.o
 .debug_abbrev  0x00001831      0x1f0 ./Core/Src/stm32f4xx_it.o
 .debug_abbrev  0x00001a21      0x11a ./Core/Src/system_stm32f4xx.o
 .debug_abbrev  0x00001b3b      0x20a ./Core/Src/tim.o
 .debug_abbrev  0x00001d45      0x22d ./Core/Src/usart.o
 .debug_abbrev  0x00001f72       0x24 ./Core/Startup/startup_stm32f401rctx.o
 .debug_abbrev  0x00001f96      0x24b ./Drivers/STM32F4xx_HAL_Driver/Src/stm32f4xx_hal.o
 .debug_abbrev  0x000021e1      0x31d ./Drivers/STM32F4xx_HAL_Driver/Src/stm32f4xx_hal_cortex.o
 .debug_abbrev  0x000024fe      0x221 ./Drivers/STM32F4xx_HAL_Driver/Src/stm32f4xx_hal_dma.o
 .debug_abbrev  0x0000271f      0x1d3 ./Drivers/STM32F4xx_HAL_Driver/Src/stm32f4xx_hal_gpio.o
 .debug_abbrev  0x000028f2      0x12c ./Drivers/STM32F4xx_HAL_Driver/Src/stm32f4xx_hal_iwdg.o
 .debug_abbrev  0x00002a1e      0x2b6 ./Drivers/STM32F4xx_HAL_Driver/Src/stm32f4xx_hal_pcd.o
 .debug_abbrev  0x00002cd4      0x1da ./Drivers/STM32F4xx_HAL_Driver/Src/stm32f4xx_hal_pcd_ex.o
 .debug_abbrev  0x00002eae      0x2b6 ./Drivers/STM32F4xx_HAL_Driver/Src/stm32f4xx_hal_rcc.o
 .debug_abbrev  0x00003164      0x28b ./Drivers/STM32F4xx_HAL_Driver/Src/stm32f4xx_hal_tim.o
 .debug_abbrev  0x000033ef      0x296 ./Drivers/STM32F4xx_HAL_Driver/Src/stm32f4xx_hal_tim_ex.o
 .debug_abbrev  0x00003685      0x31b ./Drivers/STM32F4xx_HAL_Driver/Src/stm32f4xx_hal_uart.o
 .debug_abbrev  0x000039a0      0x2b3 ./Drivers/STM32F4xx_HAL_Driver/Src/stm32f4xx_ll_usb.o
 .debug_abbrev  0x00003c53      0x27c ./Middlewares/ST/STM32_USB_Device_Library/Core/Src/usbd_core.o
 .debug_abbrev  0x00003ecf      0x26f ./Middlewares/ST/STM32_USB_Device_Library/Core/Src/usbd_ctlreq.o
 .debug_abbrev  0x0000413e      0x19a ./Middlewares/ST/STM32_USB_Device_Library/Core/Src/usbd_ioreq.o
 .debug_abbrev  0x000042d8      0x18c ./USB_DEVICE/App/usb_device.o
 .debug_abbrev  0x00004464      0x183 ./USB_DEVICE/App/usbd_desc.o
 .debug_abbrev  0x000045e7      0x2aa ./USB_DEVICE/App/usbd_hid_custom.o
 .debug_abbrev  0x00004891      0x33f ./USB_DEVICE/Target/usbd_conf.o

.debug_aranges  0x00000000     0x16d0
 .debug_aranges
                0x00000000       0x28 ./Core/Src/crc16.o
 .debug_aranges
                0x00000028       0x20 ./Core/Src/dma.o
 .debug_aranges
                0x00000048       0x20 ./Core/Src/gpio.o
 .debug_aranges
                0x00000068       0x28 ./Core/Src/hid_reporter.o
 .debug_aranges
                0x00000090       0x20 ./Core/Src/iwdg.o
 .debug_aranges
                0x000000b0       0x90 ./Core/Src/key_processor.o
 .debug_aranges
                0x00000140       0x50 ./Core/Src/led_manager.o
 .debug_aranges
                0x00000190       0x48 ./Core/Src/main.o
 .debug_aranges
                0x000001d8       0x98 ./Core/Src/matrix_driver.o
 .debug_aranges
                0x00000270      0x100 ./Core/Src/split_comm.o
 .debug_aranges
                0x00000370       0x20 ./Core/Src/stm32f4xx_hal_msp.o
 .debug_aranges
                0x00000390       0x30 ./Core/Src/stm32f4xx_hal_timebase_tim.o
 .debug_aranges
                0x000003c0       0x90 ./Core/Src/stm32f4xx_it.o
 .debug_aranges
                0x00000450       0x28 ./Core/Src/system_stm32f4xx.o
 .debug_aranges
                0x00000478       0x30 ./Core/Src/tim.o
 .debug_aranges
                0x000004a8       0x30 ./Core/Src/usart.o
 .debug_aranges
                0x000004d8       0x28 ./Core/Startup/startup_stm32f401rctx.o
 .debug_aranges
                0x00000500       0xf0 ./Drivers/STM32F4xx_HAL_Driver/Src/stm32f4xx_hal.o
 .debug_aranges
                0x000005f0      0x130 ./Drivers/STM32F4xx_HAL_Driver/Src/stm32f4xx_hal_cortex.o
 .debug_aranges
                0x00000720       0x90 ./Drivers/STM32F4xx_HAL_Driver/Src/stm32f4xx_hal_dma.o
 .debug_aranges
                0x000007b0       0x58 ./Drivers/STM32F4xx_HAL_Driver/Src/stm32f4xx_hal_gpio.o
 .debug_aranges
                0x00000808       0x28 ./Drivers/STM32F4xx_HAL_Driver/Src/stm32f4xx_hal_iwdg.o
 .debug_aranges
                0x00000830      0x148 ./Drivers/STM32F4xx_HAL_Driver/Src/stm32f4xx_hal_pcd.o
 .debug_aranges
                0x00000978       0x38 ./Drivers/STM32F4xx_HAL_Driver/Src/stm32f4xx_hal_pcd_ex.o
 .debug_aranges
                0x000009b0       0x88 ./Drivers/STM32F4xx_HAL_Driver/Src/stm32f4xx_hal_rcc.o
 .debug_aranges
                0x00000a38      0x3d0 ./Drivers/STM32F4xx_HAL_Driver/Src/stm32f4xx_hal_tim.o
 .debug_aranges
                0x00000e08      0x168 ./Drivers/STM32F4xx_HAL_Driver/Src/stm32f4xx_hal_tim_ex.o
 .debug_aranges
                0x00000f70      0x208 ./Drivers/STM32F4xx_HAL_Driver/Src/stm32f4xx_hal_uart.o
 .debug_aranges
                0x00001178      0x1a0 ./Drivers/STM32F4xx_HAL_Driver/Src/stm32f4xx_ll_usb.o
 .debug_aranges
                0x00001318       0xd8 ./Middlewares/ST/STM32_USB_Device_Library/Core/Src/usbd_core.o
 .debug_aranges
                0x000013f0       0x90 ./Middlewares/ST/STM32_USB_Device_Library/Core/Src/usbd_ctlreq.o
 .debug_aranges
                0x00001480       0x50 ./Middlewares/ST/STM32_USB_Device_Library/Core/Src/usbd_ioreq.o
 .debug_aranges
                0x000014d0       0x20 ./USB_DEVICE/App/usb_device.o
 .debug_aranges
                0x000014f0       0x50 ./USB_DEVICE/App/usbd_desc.o
 .debug_aranges
                0x00001540       0x80 ./USB_DEVICE/App/usbd_hid_custom.o
 .debug_aranges
                0x000015c0      0x110 ./USB_DEVICE/Target/usbd_conf.o

.debug_rnglists
                0x00000000     0x116e
 .debug_rnglists
                0x00000000       0x19 ./Core/Src/crc16.o
 .debug_rnglists
                0x00000019       0x13 ./Core/Src/dma.o
 .debug_rnglists
                0x0000002c       0x14 ./Core/Src/gpio.o
 .debug_rnglists
                0x00000040       0x1a ./Core/Src/hid_reporter.o
 .debug_rnglists
                0x0000005a       0x13 ./Core/Src/iwdg.o
 .debug_rnglists
                0x0000006d       0x7c ./Core/Src/key_processor.o
 .debug_rnglists
                0x000000e9       0x38 ./Core/Src/led_manager.o
 .debug_rnglists
                0x00000121       0x34 ./Core/Src/main.o
 .debug_rnglists
                0x00000155       0x71 ./Core/Src/matrix_driver.o
 .debug_rnglists
                0x000001c6       0xc5 ./Core/Src/split_comm.o
 .debug_rnglists
                0x0000028b       0x13 ./Core/Src/stm32f4xx_hal_msp.o
 .debug_rnglists
                0x0000029e       0x20 ./Core/Src/stm32f4xx_hal_timebase_tim.o
 .debug_rnglists
                0x000002be       0x67 ./Core/Src/stm32f4xx_it.o
 .debug_rnglists
                0x00000325       0x1a ./Core/Src/system_stm32f4xx.o
 .debug_rnglists
                0x0000033f       0x20 ./Core/Src/tim.o
 .debug_rnglists
                0x0000035f       0x20 ./Core/Src/usart.o
 .debug_rnglists
                0x0000037f       0x19 ./Core/Startup/startup_stm32f401rctx.o
 .debug_rnglists
                0x00000398       0xaf ./Drivers/STM32F4xx_HAL_Driver/Src/stm32f4xx_hal.o
 .debug_rnglists
                0x00000447       0xe0 ./Drivers/STM32F4xx_HAL_Driver/Src/stm32f4xx_hal_cortex.o
 .debug_rnglists
                0x00000527       0x70 ./Drivers/STM32F4xx_HAL_Driver/Src/stm32f4xx_hal_dma.o
 .debug_rnglists
                0x00000597       0x3f ./Drivers/STM32F4xx_HAL_Driver/Src/stm32f4xx_hal_gpio.o
 .debug_rnglists
                0x000005d6       0x1a ./Drivers/STM32F4xx_HAL_Driver/Src/stm32f4xx_hal_iwdg.o
 .debug_rnglists
                0x000005f0       0xfa ./Drivers/STM32F4xx_HAL_Driver/Src/stm32f4xx_hal_pcd.o
 .debug_rnglists
                0x000006ea       0x26 ./Drivers/STM32F4xx_HAL_Driver/Src/stm32f4xx_hal_pcd_ex.o
 .debug_rnglists
                0x00000710       0x66 ./Drivers/STM32F4xx_HAL_Driver/Src/stm32f4xx_hal_rcc.o
 .debug_rnglists
                0x00000776      0x31a ./Drivers/STM32F4xx_HAL_Driver/Src/stm32f4xx_hal_tim.o
 .debug_rnglists
                0x00000a90      0x125 ./Drivers/STM32F4xx_HAL_Driver/Src/stm32f4xx_hal_tim_ex.o
 .debug_rnglists
                0x00000bb5      0x1bc ./Drivers/STM32F4xx_HAL_Driver/Src/stm32f4xx_hal_uart.o
 .debug_rnglists
                0x00000d71      0x147 ./Drivers/STM32F4xx_HAL_Driver/Src/stm32f4xx_ll_usb.o
 .debug_rnglists
                0x00000eb8       0xa1 ./Middlewares/ST/STM32_USB_Device_Library/Core/Src/usbd_core.o
 .debug_rnglists
                0x00000f59       0x6e ./Middlewares/ST/STM32_USB_Device_Library/Core/Src/usbd_ctlreq.o
 .debug_rnglists
                0x00000fc7       0x37 ./Middlewares/ST/STM32_USB_Device_Library/Core/Src/usbd_ioreq.o
 .debug_rnglists
                0x00000ffe       0x13 ./USB_DEVICE/App/usb_device.o
 .debug_rnglists
                0x00001011       0x37 ./USB_DEVICE/App/usbd_desc.o
 .debug_rnglists
                0x00001048       0x5d ./USB_DEVICE/App/usbd_hid_custom.o
 .debug_rnglists
                0x000010a5       0xc9 ./USB_DEVICE/Target/usbd_conf.o

.debug_macro    0x00000000    0x1b5ec
 .debug_macro   0x00000000       0x76 ./Core/Src/crc16.o
 .debug_macro   0x00000076      0xad8 ./Core/Src/crc16.o
 .debug_macro   0x00000b4e       0x22 ./Core/Src/crc16.o
 .debug_macro   0x00000b70       0x8e ./Core/Src/crc16.o
 .debug_macro   0x00000bfe       0x51 ./Core/Src/crc16.o
 .debug_macro   0x00000c4f      0x103 ./Core/Src/crc16.o
 .debug_macro   0x00000d52       0x6a ./Core/Src/crc16.o
 .debug_macro   0x00000dbc      0x1df ./Core/Src/crc16.o
 .debug_macro   0x00000f9b      0x190 ./Core/Src/crc16.o
 .debug_macro   0x0000112b      0x210 ./Core/Src/dma.o
 .debug_macro   0x0000133b      0x2a7 ./Core/Src/dma.o
 .debug_macro   0x000015e2       0x2e ./Core/Src/dma.o
 .debug_macro   0x00001610       0x28 ./Core/Src/dma.o
 .debug_macro   0x00001638       0x1c ./Core/Src/dma.o
 .debug_macro   0x00001654       0x22 ./Core/Src/dma.o
 .debug_macro   0x00001676       0xfb ./Core/Src/dma.o
 .debug_macro   0x00001771     0x1011 ./Core/Src/dma.o
 .debug_macro   0x00002782      0x11f ./Core/Src/dma.o
 .debug_macro   0x000028a1     0xb881 ./Core/Src/dma.o
 .debug_macro   0x0000e122       0x6d ./Core/Src/dma.o
 .debug_macro   0x0000e18f     0x3693 ./Core/Src/dma.o
 .debug_macro   0x00011822       0x5c ./Core/Src/dma.o
 .debug_macro   0x0001187e      0x416 ./Core/Src/dma.o
 .debug_macro   0x00011c94      0x9e9 ./Core/Src/dma.o
 .debug_macro   0x0001267d      0x115 ./Core/Src/dma.o
 .debug_macro   0x00012792       0xf8 ./Core/Src/dma.o
 .debug_macro   0x0001288a       0xa5 ./Core/Src/dma.o
 .debug_macro   0x0001292f      0x15f ./Core/Src/dma.o
 .debug_macro   0x00012a8e      0x287 ./Core/Src/dma.o
 .debug_macro   0x00012d15       0x5f ./Core/Src/dma.o
 .debug_macro   0x00012d74      0x236 ./Core/Src/dma.o
 .debug_macro   0x00012faa      0x132 ./Core/Src/dma.o
 .debug_macro   0x000130dc      0x23a ./Core/Src/dma.o
 .debug_macro   0x00013316       0x2e ./Core/Src/dma.o
 .debug_macro   0x00013344       0x78 ./Core/Src/dma.o
 .debug_macro   0x000133bc      0x127 ./Core/Src/dma.o
 .debug_macro   0x000134e3       0x85 ./Core/Src/dma.o
 .debug_macro   0x00013568       0x89 ./Core/Src/dma.o
 .debug_macro   0x000135f1      0x8ed ./Core/Src/dma.o
 .debug_macro   0x00013ede       0x47 ./Core/Src/dma.o
 .debug_macro   0x00013f25      0x2aa ./Core/Src/dma.o
 .debug_macro   0x000141cf      0x293 ./Core/Src/dma.o
 .debug_macro   0x00014462       0xba ./Core/Src/dma.o
 .debug_macro   0x0001451c      0x126 ./Core/Src/dma.o
 .debug_macro   0x00014642      0x219 ./Core/Src/gpio.o
 .debug_macro   0x0001485b      0x144 ./Core/Src/gpio.o
 .debug_macro   0x0001499f      0x3ac ./Core/Src/hid_reporter.o
 .debug_macro   0x00014d4b       0x5b ./Core/Src/hid_reporter.o
 .debug_macro   0x00014da6       0x2a ./Core/Src/hid_reporter.o
 .debug_macro   0x00014dd0       0x94 ./Core/Src/hid_reporter.o
 .debug_macro   0x00014e64       0x43 ./Core/Src/hid_reporter.o
 .debug_macro   0x00014ea7       0x34 ./Core/Src/hid_reporter.o
 .debug_macro   0x00014edb       0x16 ./Core/Src/hid_reporter.o
 .debug_macro   0x00014ef1       0x57 ./Core/Src/hid_reporter.o
 .debug_macro   0x00014f48       0x9e ./Core/Src/hid_reporter.o
 .debug_macro   0x00014fe6      0x370 ./Core/Src/hid_reporter.o
 .debug_macro   0x00015356      0x112 ./Core/Src/hid_reporter.o
 .debug_macro   0x00015468       0x10 ./Core/Src/hid_reporter.o
 .debug_macro   0x00015478       0x16 ./Core/Src/hid_reporter.o
 .debug_macro   0x0001548e       0x4a ./Core/Src/hid_reporter.o
 .debug_macro   0x000154d8       0x34 ./Core/Src/hid_reporter.o
 .debug_macro   0x0001550c       0x10 ./Core/Src/hid_reporter.o
 .debug_macro   0x0001551c       0x58 ./Core/Src/hid_reporter.o
 .debug_macro   0x00015574       0x8e ./Core/Src/hid_reporter.o
 .debug_macro   0x00015602       0x1c ./Core/Src/hid_reporter.o
 .debug_macro   0x0001561e      0x185 ./Core/Src/hid_reporter.o
 .debug_macro   0x000157a3       0x16 ./Core/Src/hid_reporter.o
 .debug_macro   0x000157b9       0x16 ./Core/Src/hid_reporter.o
 .debug_macro   0x000157cf      0x146 ./Core/Src/hid_reporter.o
 .debug_macro   0x00015915       0x16 ./Core/Src/hid_reporter.o
 .debug_macro   0x0001592b       0x3c ./Core/Src/hid_reporter.o
 .debug_macro   0x00015967       0x16 ./Core/Src/hid_reporter.o
 .debug_macro   0x0001597d       0x29 ./Core/Src/hid_reporter.o
 .debug_macro   0x000159a6       0x16 ./Core/Src/hid_reporter.o
 .debug_macro   0x000159bc       0x20 ./Core/Src/hid_reporter.o
 .debug_macro   0x000159dc       0x56 ./Core/Src/hid_reporter.o
 .debug_macro   0x00015a32       0x6a ./Core/Src/hid_reporter.o
 .debug_macro   0x00015a9c      0x20f ./Core/Src/hid_reporter.o
 .debug_macro   0x00015cab       0x22 ./Core/Src/hid_reporter.o
 .debug_macro   0x00015ccd       0x95 ./Core/Src/hid_reporter.o
 .debug_macro   0x00015d62      0x2f5 ./Core/Src/hid_reporter.o
 .debug_macro   0x00016057      0x210 ./Core/Src/iwdg.o