../USB_DEVICE/App/usbd_hid_custom.c:178:16:USBD_HID_Init	16	static
../USB_DEVICE/App/usbd_hid_custom.c:203:16:USBD_HID_DeInit	16	static
../USB_DEVICE/App/usbd_hid_custom.c:216:16:USBD_HID_Setup	40	static
../USB_DEVICE/App/usbd_hid_custom.c:327:16:USBD_HID_EP0_RxReady	24	static
../USB_DEVICE/App/usbd_hid_custom.c:347:16:USBD_HID_DataIn	24	static
../USB_DEVICE/App/usbd_hid_custom.c:361:16:USBD_HID_DataOut	24	static,ignoring_inline_asm
../USB_DEVICE/App/usbd_hid_custom.c:373:17:USBD_HID_GetCfgDesc	16	static
../USB_DEVICE/App/usbd_hid_custom.c:389:17:USBD_HID_GetDeviceQualifierDesc	16	static
../USB_DEVICE/App/usbd_hid_custom.c:395:20:USBD_HID_SendKeyboardReport	24	static
../USB_DEVICE/App/usbd_hid_custom.c:414:20:USBD_HID_SendSystemReport	24	static
../USB_DEVICE/App/usbd_hid_custom.c:436:20:USBD_HID_SendConsumerReport	24	static
../USB_DEVICE/App/usbd_hid_custom.c:465:20:USBD_HID_SendNKROReport	24	static
../USB_DEVICE/App/usbd_hid_custom.c:479:20:USBD_HID_SendRawReport	24	static
../USB_DEVICE/App/usbd_hid_custom.c:492:6:USBD_HID_RawDataAvailable	4	static
../USB_DEVICE/App/usbd_hid_custom.c:497:6:USBD_HID_GetRawData	40	static,ignoring_inline_asm
../USB_DEVICE/App/usbd_hid_custom.c:516:6:USBD_HID_KeyboardReady	24	static
../USB_DEVICE/App/usbd_hid_custom.c:524:6:USBD_HID_IsSuspended	24	static
